Component: ARM Compiler 5.06 update 4 (build 422) Tool: armlink [4d35d2]

==============================================================================

Section Cross References

    main.o(.text) refers to wdg.o(.text) for WATCHDog_Init
    main.o(.text) refers to misc.o(.text) for NVIC_PriorityGroupConfig
    main.o(.text) refers to timerapp.o(.text) for Timer4Init
    main.o(.text) refers to key.o(.text) for ENSWITCH_Init
    main.o(.text) refers to led.o(.text) for LED_Strip_Init
    main.o(.text) refers to adc.o(.text) for Adc_Init
    main.o(.text) refers to can.o(.text) for CAN_Configuration
    main.o(.text) refers to usart.o(.text) for uart_init
    main.o(.text) refers to appprocess.o(.text) for Check1MSTick
    main.o(.text) refers to system_stm32f10x.o(.data) for SystemCoreClock
    main.o(.text) refers to main.o(.data) for CNT_Blink
    main.o(.text) refers to appprocess.o(.bss) for gGlobal
    stm32f10x_it.o(.text) refers to appprocess.o(.bss) for gGlobal
    system_stm32f10x.o(.text) refers to system_stm32f10x.o(.data) for SystemCoreClock
    appprocess.o(.text) refers to appprocess.o(.bss) for gGlobal
    appprocess.o(.text) refers to usart.o(.text) for USART2_ComSend
    appprocess.o(.text) refers to led.o(.text) for LED_OPEN
    appprocess.o(.text) refers to key.o(.text) for ENSWITCH_Close
    appprocess.o(.text) refers to stm32f10x_tim.o(.text) for TIM_Cmd
    appprocess.o(.text) refers to rt_memcpy_v6.o(.text) for __aeabi_memcpy
    appprocess.o(.text) refers to rt_memclr.o(.text) for __aeabi_memclr
    appprocess.o(.text) refers to usart.o(.bss) for uSART2_REG
    appprocess.o(.text) refers to appprocess.o(.data) for VIN_EN
    led.o(.text) refers to stm32f10x_rcc.o(.text) for RCC_APB2PeriphClockCmd
    led.o(.text) refers to stm32f10x_gpio.o(.text) for GPIO_Init
    led.o(.text) refers to stm32f10x_tim.o(.text) for TIM_TimeBaseInit
    led.o(.text) refers to misc.o(.text) for NVIC_Init
    led.o(.text) refers to led.o(.data) for lED_DutyCycle
    led.o(.text) refers to system_stm32f10x.o(.data) for SystemCoreClock
    led.o(.text) refers to appprocess.o(.bss) for gGlobal
    key.o(.text) refers to stm32f10x_rcc.o(.text) for RCC_APB2PeriphClockCmd
    key.o(.text) refers to stm32f10x_gpio.o(.text) for GPIO_Init
    key.o(.text) refers to stm32f10x_exti.o(.text) for EXTI_Init
    key.o(.text) refers to misc.o(.text) for NVIC_Init
    key.o(.text) refers to timerapp.o(.text) for delay_ms
    key.o(.text) refers to appprocess.o(.bss) for gGlobal
    key.o(.text) refers to key.o(.data) for key_up
    can.o(.text) refers to rt_memcpy_v6.o(.text) for __aeabi_memcpy
    can.o(.text) refers to rt_memcpy_w.o(.text) for __aeabi_memcpy4
    can.o(.text) refers to stm32f10x_rcc.o(.text) for RCC_APB1PeriphClockCmd
    can.o(.text) refers to stm32f10x_gpio.o(.text) for GPIO_Init
    can.o(.text) refers to stm32f10x_can.o(.text) for CAN_DeInit
    can.o(.text) refers to misc.o(.text) for NVIC_Init
    can.o(.text) refers to canard.o(.text) for canardInit
    can.o(.text) refers to stm32f10x_flash.o(.text) for FLASH_Unlock
    can.o(.text) refers to can.o(.data) for RX_FLAG
    can.o(.text) refers to can.o(.bss) for CAN_rx_buf
    can.o(.text) refers to key.o(.text) for ENSWITCH_Close
    can.o(.text) refers to led.o(.text) for LED_BLINK
    can.o(.text) refers to timerapp.o(.text) for delay_ms
    can.o(.text) refers to stm32f10x_tim.o(.text) for TIM_Cmd
    can.o(.text) refers to can.o(.constdata) for ThisVersion
    wdg.o(.text) refers to stm32f10x_rcc.o(.text) for RCC_APB2PeriphClockCmd
    wdg.o(.text) refers to stm32f10x_gpio.o(.text) for GPIO_Init
    wdg.o(.text) refers to stm32f10x_tim.o(.text) for TIM_TimeBaseInit
    wdg.o(.text) refers to misc.o(.text) for NVIC_Init
    wdg.o(.text) refers to system_stm32f10x.o(.data) for SystemCoreClock
    adc.o(.text) refers to stm32f10x_rcc.o(.text) for RCC_AHBPeriphClockCmd
    adc.o(.text) refers to stm32f10x_dma.o(.text) for DMA_DeInit
    adc.o(.text) refers to misc.o(.text) for NVIC_Init
    adc.o(.text) refers to stm32f10x_gpio.o(.text) for GPIO_Init
    adc.o(.text) refers to stm32f10x_adc.o(.text) for ADC_DeInit
    adc.o(.text) refers to adc.o(.bss) for aDC_Value
    adc.o(.text) refers to appprocess.o(.bss) for gGlobal
    cmis.o(.text) refers to stm32f10x_rcc.o(.text) for RCC_APB2PeriphClockCmd
    cmis.o(.text) refers to stm32f10x_gpio.o(.text) for GPIO_Init
    rtc.o(.text) refers to _printf_percent.o(.ARM.Collect$$_printf_percent$$00000000) for _printf_percent
    rtc.o(.text) refers to _printf_d.o(.ARM.Collect$$_printf_percent$$00000009) for _printf_d
    rtc.o(.text) refers to _printf_dec.o(.text) for _printf_int_dec
    rtc.o(.text) refers to stm32f10x_rtc.o(.text) for RTC_GetCounter
    rtc.o(.text) refers to stm32f10x_rcc.o(.text) for RCC_APB1PeriphClockCmd
    rtc.o(.text) refers to stm32f10x_pwr.o(.text) for PWR_BackupAccessCmd
    rtc.o(.text) refers to stm32f10x_bkp.o(.text) for BKP_ReadBackupRegister
[...]
    .text                                    0x080052c0   Section        0  stm32f10x_can.o(.text)
    CheckITStatus                            0x08005ac3   Thumb Code    18  stm32f10x_can.o(.text)
    .text                                    0x08005cb0   Section        0  stm32f10x_usart.o(.text)
    .text                                    0x080060b8   Section        0  stm32f10x_tim.o(.text)
    TI4_Config                               0x0800655f   Thumb Code   130  stm32f10x_tim.o(.text)
    TI3_Config                               0x080065f3   Thumb Code   122  stm32f10x_tim.o(.text)
    TI2_Config                               0x08006687   Thumb Code   130  stm32f10x_tim.o(.text)
    TI1_Config                               0x0800671b   Thumb Code   108  stm32f10x_tim.o(.text)
    .text                                    0x08006ed4   Section        0  stm32f10x_adc.o(.text)
    .text                                    0x08007324   Section        0  stm32f10x_dma.o(.text)
    .text                                    0x08007578   Section        0  stm32f10x_exti.o(.text)
    .text                                    0x08007694   Section        0  stm32f10x_rtc.o(.text)
    .text                                    0x080077dc   Section        0  stm32f10x_bkp.o(.text)
    .text                                    0x080078a0   Section        0  stm32f10x_pwr.o(.text)
    .text                                    0x0800796c   Section        0  stm32f10x_flash.o(.text)
    .text                                    0x08007f28   Section        2  use_no_semi_2.o(.text)
    .text                                    0x08007f2a   Section       38  llshl.o(.text)
    .text                                    0x08007f50   Section       38  llushr.o(.text)
    .text                                    0x08007f78   Section        0  noretval__2printf.o(.text)
    .text                                    0x08007f90   Section        0  __printf.o(.text)
    .text                                    0x08007ff8   Section        0  _printf_dec.o(.text)
    .text                                    0x08008070   Section        0  assert.o(.text)
    .text                                    0x080080f0   Section      138  rt_memcpy_v6.o(.text)
    .text                                    0x0800817a   Section      100  rt_memcpy_w.o(.text)
    .text                                    0x080081de   Section       68  rt_memclr.o(.text)
    .text                                    0x08008222   Section       78  rt_memclr_w.o(.text)
    .text                                    0x08008270   Section        0  heapauxi.o(.text)
    .text                                    0x08008276   Section        2  use_no_semi.o(.text)
    .text                                    0x08008278   Section        0  _printf_intcommon.o(.text)
    .text                                    0x0800832c   Section        0  _printf_char_file.o(.text)
    .text                                    0x08008350   Section        0  abort.o(.text)
    .text                                    0x08008366   Section        0  assert_puts.o(.text)
    .text                                    0x0800837c   Section        0  _printf_char_common.o(.text)
    _printf_input_char                       0x0800837d   Thumb Code    10  _printf_char_common.o(.text)
    .text                                    0x080083ac   Section        0  ferror.o(.text)
    .text                                    0x080083b4   Section        0  defsig_abrt_outer.o(.text)
    .text                                    0x080083c2   Section       74  sys_stackheap_outer.o(.text)
    .text                                    0x0800840c   Section        0  exit.o(.text)
    .text                                    0x0800841e   Section        0  defsig_exit.o(.text)
    .text                                    0x08008428   Section        0  defsig_abrt_inner.o(.text)
    .text                                    0x08008458   Section        8  libspace.o(.text)
    .text                                    0x08008460   Section        0  defsig_general.o(.text)
    x$fpl$fcmpinf                            0x08008492   Section       24  fcmpi.o(x$fpl$fcmpinf)
    x$fpl$fleqf                              0x080084ac   Section      104  fleqf.o(x$fpl$fleqf)
    x$fpl$fmul                               0x08008514   Section      258  fmul.o(x$fpl$fmul)
    x$fpl$fnaninf                            0x08008616   Section      140  fnaninf.o(x$fpl$fnaninf)
    x$fpl$fretinf                            0x080086a2   Section       10  fretinf.o(x$fpl$fretinf)
    x$fpl$frleqf                             0x080086ac   Section       98  frleqf.o(x$fpl$frleqf)
    .constdata                               0x0800870e   Section       38  can.o(.constdata)
    x$fpl$usenofp                            0x0800870e   Section        0  usenofp.o(x$fpl$usenofp)
    .constdata                               0x08008734   Section       24  rtc.o(.constdata)
    .constdata                               0x0800874c   Section       20  canard.o(.constdata)
    .conststring                             0x08008760   Section       86  canard.o(.conststring)
    .data                                    0x20000000   Section        4  main.o(.data)
    CNT_Blink                                0x20000000   Data           1  main.o(.data)
    .data                                    0x20000004   Section       20  system_stm32f10x.o(.data)
    .data                                    0x20000018   Section        1  appprocess.o(.data)
    .data                                    0x2000001a   Section        3  led.o(.data)
    ledBlinkNum                              0x2000001c   Data           1  led.o(.data)
    .data                                    0x2000001d   Section        1  key.o(.data)
    key_up                                   0x2000001d   Data           1  key.o(.data)
    .data                                    0x20000020   Section       13  can.o(.data)
    .data                                    0x2000002e   Section        2  rtc.o(.data)
    daycnt                                   0x2000002e   Data           2  rtc.o(.data)
    .data                                    0x20000030   Section        6  usart.o(.data)
    .data                                    0x20000036   Section       20  stm32f10x_rcc.o(.data)
    APBAHBPrescTable                         0x20000036   Data          16  stm32f10x_rcc.o(.data)
    ADCPrescTable                            0x20000046   Data           4  stm32f10x_rcc.o(.data)
    .bss                                     0x2000004c   Section     1520  appprocess.o(.bss)
    .bss                                     0x20000640   Section     1452  can.o(.bss)
    RxTransfer                               0x20000bb8   Data          32  can.o(.bss)
    .bss                                     0x20000bec   Section       16  adc.o(.bss)
    .bss                                     0x20000bfc   Section       10  rtc.o(.bss)
    .bss                                     0x20000c06   Section      576  usart.o(.bss)
    .bss                                     0x20000e48   Section       96  libspace.o(.bss)
    HEAP                                     0x20000ea8   Section      512  startup_stm32f10x_hd.o(HEAP)
    Heap_Mem                                 0x20000ea8   Data         512  startup_stm32f10x_hd.o(HEAP)
    STACK                                    0x200010a8   Section     1024  startup_stm32f10x_hd.o(STACK)
    Stack_Mem                                0x200010a8   Data        1024  startup_stm32f10x_hd.o(STACK)
    __initial_sp                             0x200014a8   Data           0  startup_stm32f10x_hd.o(STACK)

    Global Symbols

    Symbol Name                              Value     Ov Type        Size  Object(Section)

    BuildAttributes$$THM_ISAv4$P$D$K$B$S$PE$A:L22UL41UL21$X:L11$S22US41US21$IEEE1$IW$USESV6$~STKCKD$USESV7$~SHL$OSPACE$ROPI$EBA8$UX$STANDARDLIB$REQ8$PRES8$EABIv2 0x00000000   Number         0  anon$$obj.o ABSOLUTE
    __ARM_use_no_argv                        0x00000000   Number         0  main.o ABSOLUTE
    __ARM_exceptions_init                     - Undefined Weak Reference
    __alloca_initialize                       - Undefined Weak Reference
    __arm_preinit_                            - Undefined Weak Reference
    __cpp_initialize__aeabi_                  - Undefined Weak Reference
    __cxa_finalize                            - Undefined Weak Reference
    __rt_locale                               - Undefined Weak Reference
    __sigvec_lookup                           - Undefined Weak Reference
    _atexit_init                              - Undefined Weak Reference
    _call_atexit_fns                          - Undefined Weak Reference
    _clock_init                               - Undefined Weak Reference
    _fp_trap_init                             - Undefined Weak Reference
    _fp_trap_shutdown                         - Undefined Weak Reference
    _get_lc_collate                           - Undefined Weak Reference
    _get_lc_ctype                             - Undefined Weak Reference
    _get_lc_monetary                          - Undefined Weak Reference
    _get_lc_numeric                           - Undefined Weak Reference
    _get_lc_time                              - Undefined Weak Reference
    _getenv_init                              - Undefined Weak Reference
    _handle_redirection                       - Undefined Weak Reference
    _init_alloc                               - Undefined Weak Reference
    _init_user_alloc                          - Undefined Weak Reference
    _initio                                   - Undefined Weak Reference
    _mutex_acquire                            - Undefined Weak Reference
    _mutex_release                            - Undefined Weak Reference
    _printf_post_padding                      - Undefined Weak Reference
    _printf_pre_padding                       - Undefined Weak Reference
    _printf_truncate_signed                   - Undefined Weak Reference
    _printf_truncate_unsigned                 - Undefined Weak Reference
    _rand_init                                - Undefined Weak Reference
    _signal_finish                            - Undefined Weak Reference
    _signal_init                              - Undefined Weak Reference
    _terminate_alloc                          - Undefined Weak Reference
    _terminate_user_alloc                     - Undefined Weak Reference
    _terminateio                              - Undefined Weak Reference
    __Vectors_Size                           0x00000130   Number         0  startup_stm32f10x_hd.o ABSOLUTE
    __Vectors                                0x08000000   Data           4  startup_stm32f10x_hd.o(RESET)
    __Vectors_End                            0x08000130   Data           0  startup_stm32f10x_hd.o(RESET)
    __main                                   0x08000131   Thumb Code     8  __main.o(!!!main)
    __scatterload                            0x08000139   Thumb Code     0  __scatter.o(!!!scatter)
    __scatterload_rt2                        0x08000139   Thumb Code    44  __scatter.o(!!!scatter)
    __scatterload_rt2_thumb_only             0x08000139   Thumb Code     0  __scatter.o(!!!scatter)
    __scatterload_null                       0x08000147   Thumb Code     0  __scatter.o(!!!scatter)
    __scatterload_copy                       0x0800016d   Thumb Code    26  __scatter_copy.o(!!handler_copy)
    __scatterload_zeroinit                   0x08000189   Thumb Code    28  __scatter_zi.o(!!handler_zi)
    _printf_d                                0x080001a5   Thumb Code     0  _printf_d.o(.ARM.Collect$$_printf_percent$$00000009)
    _printf_percent                          0x080001a5   Thumb Code     0  _printf_percent.o(.ARM.Collect$$_printf_percent$$00000000)
    _printf_percent_end                      0x080001ab   Thumb Code     0  _printf_percent_end.o(.ARM.Collect$$_printf_percent$$00000017)
    __rt_lib_init                            0x080001af   Thumb Code     0  libinit.o(.ARM.Collect$$libinit$$00000000)
    __rt_lib_init_alloca_1                   0x080001b1   Thumb Code     0  libinit2.o(.ARM.Collect$$libinit$$0000002E)
    __rt_lib_init_argv_1                     0x080001b1   Thumb Code     0  libinit2.o(.ARM.Collect$$libinit$$0000002C)
    __rt_lib_init_atexit_1                   0x080001b1   Thumb Code     0  libinit2.o(.ARM.Collect$$libinit$$0000001B)
    __rt_lib_init_clock_1                    0x080001b1   Thumb Code     0  libinit2.o(.ARM.Collect$$libinit$$00000021)
    __rt_lib_init_cpp_1                      0x080001b1   Thumb Code     0  libinit2.o(.ARM.Collect$$libinit$$00000032)
    __rt_lib_init_exceptions_1               0x080001b1   Thumb Code     0  libinit2.o(.ARM.Collect$$libinit$$00000030)
    __rt_lib_init_fp_1                       0x080001b1   Thumb Code     0  libinit2.o(.ARM.Collect$$libinit$$00000002)
    __rt_lib_init_fp_trap_1                  0x080001b1   Thumb Code     0  libinit2.o(.ARM.Collect$$libinit$$0000001F)
    __rt_lib_init_getenv_1                   0x080001b1   Thumb Code     0  libinit2.o(.ARM.Collect$$libinit$$00000023)
    __rt_lib_init_heap_1                     0x080001b1   Thumb Code     0  libinit2.o(.ARM.Collect$$libinit$$0000000A)
    __rt_lib_init_lc_collate_1               0x080001b1   Thumb Code     0  libinit2.o(.ARM.Collect$$libinit$$00000011)
    __rt_lib_init_lc_ctype_1                 0x080001b1   Thumb Code     0  libinit2.o(.ARM.Collect$$libinit$$00000013)
    __rt_lib_init_lc_monetary_1              0x080001b1   Thumb Code     0  libinit2.o(.ARM.Collect$$libinit$$00000015)
    __rt_lib_init_lc_numeric_1               0x080001b1   Thumb Code     0  libinit2.o(.ARM.Collect$$libinit$$00000017)
    __rt_lib_init_lc_time_1                  0x080001b1   Thumb Code     0  libinit2.o(.ARM.Collect$$libinit$$00000019)
    __rt_lib_init_preinit_1                  0x080001b1   Thumb Code     0  libinit2.o(.ARM.Collect$$libinit$$00000004)
    __rt_lib_init_rand_1                     0x080001b1   Thumb Code     0  libinit2.o(.ARM.Collect$$libinit$$0000000E)
    __rt_lib_init_return                     0x080001b1   Thumb Code     0  libinit2.o(.ARM.Collect$$libinit$$00000033)
    __rt_lib_init_signal_1                   0x080001b1   Thumb Code     0  libinit2.o(.ARM.Collect$$libinit$$0000001D)
    __rt_lib_init_stdio_1                    0x080001b1   Thumb Code     0  libinit2.o(.ARM.Collect$$libinit$$00000025)
    __rt_lib_init_user_alloc_1               0x080001b1   Thumb Code     0  libinit2.o(.ARM.Collect$$libinit$$0000000C)
    __rt_lib_shutdown                        0x080001b3   Thumb Code     0  libshutdown.o(.ARM.Collect$$libshutdown$$00000000)
    __rt_lib_shutdown_cpp_1                  0x080001b5   Thumb Code     0  libshutdown2.o(.ARM.Collect$$libshutdown$$00000002)
    __rt_lib_shutdown_fp_trap_1              0x080001b5   Thumb Code     0  libshutdown2.o(.ARM.Collect$$libshutdown$$00000007)
    __rt_lib_shutdown_heap_1                 0x080001b5   Thumb Code     0  libshutdown2.o(.ARM.Collect$$libshutdown$$0000000F)
    __rt_lib_shutdown_return                 0x080001b5   Thumb Code     0  libshutdown2.o(.ARM.Collect$$libshutdown$$00000010)
    __rt_lib_shutdown_signal_1               0x080001b5   Thumb Code     0  libshutdown2.o(.ARM.Collect$$libshutdown$$0000000A)
    __rt_lib_shutdown_stdio_1                0x080001b5   Thumb Code     0  libshutdown2.o(.ARM.Collect$$libshutdown$$00000004)
    __rt_lib_shutdown_user_alloc_1           0x080001b5   Thumb Code     0  libshutdown2.o(.ARM.Collect$$libshutdown$$0000000C)
    __rt_entry                               0x080001b7   Thumb Code     0  __rtentry.o(.ARM.Collect$$rtentry$$00000000)
    __rt_entry_presh_1                       0x080001b7   Thumb Code     0  __rtentry2.o(.ARM.Collect$$rtentry$$00000002)
    __rt_entry_sh                            0x080001b7   Thumb Code     0  __rtentry4.o(.ARM.Collect$$rtentry$$00000004)
    __rt_entry_li                            0x080001bd   Thumb Code     0  __rtentry2.o(.ARM.Collect$$rtentry$$0000000A)
    __rt_entry_postsh_1                      0x080001bd   Thumb Code     0  __rtentry2.o(.ARM.Collect$$rtentry$$00000009)
    __rt_entry_main                          0x080001c1   Thumb Code     0  __rtentry2.o(.ARM.Collect$$rtentry$$0000000D)
    __rt_entry_postli_1                      0x080001c1   Thumb Code     0  __rtentry2.o(.ARM.Collect$$rtentry$$0000000C)
    __rt_exit                                0x080001c9   Thumb Code     0  rtexit.o(.ARM.Collect$$rtexit$$00000000)
    __rt_exit_ls                             0x080001cb   Thumb Code     0  rtexit2.o(.ARM.Collect$$rtexit$$00000003)
    __rt_exit_prels_1                        0x080001cb   Thumb Code     0  rtexit2.o(.ARM.Collect$$rtexit$$00000002)
    __rt_exit_exit                           0x080001cf   Thumb Code     0  rtexit2.o(.ARM.Collect$$rtexit$$00000004)
    main                                     0x080001d5   Thumb Code   274  main.o(.text)
    NMI_Handler                              0x080002fd   Thumb Code     2  stm32f10x_it.o(.text)
    HardFault_Handler                        0x080002ff   Thumb Code     4  stm32f10x_it.o(.text)
    MemManage_Handler                        0x08000303   Thumb Code     4  stm32f10x_it.o(.text)
    BusFault_Handler                         0x08000307   Thumb Code     4  stm32f10x_it.o(.text)
    UsageFault_Handler                       0x0800030b   Thumb Code     4  stm32f10x_it.o(.text)
    SVC_Handler                              0x0800030f   Thumb Code     2  stm32f10x_it.o(.text)
    DebugMon_Handler                         0x08000311   Thumb Code     2  stm32f10x_it.o(.text)
    PendSV_Handler                           0x08000313   Thumb Code     2  stm32f10x_it.o(.text)
    SysTick_Handler                          0x08000315   Thumb Code    32  stm32f10x_it.o(.text)
    SystemInit                               0x08000417   Thumb Code    78  system_stm32f10x.o(.text)
    SystemCoreClockUpdate                    0x08000465   Thumb Code   142  system_stm32f10x.o(.text)
    InitGlobalSet                            0x08000519   Thumb Code   378  appprocess.o(.text)
    PROTECT_SCHEME                           0x08000693   Thumb Code   926  appprocess.o(.text)
    OPERATION_Scheme                         0x08000a31   Thumb Code     2  appprocess.o(.text)
    Check1MSTick                             0x08000a33   Thumb Code    38  appprocess.o(.text)
    CalcXORSum                               0x08000a59   Thumb Code    26  appprocess.o(.text)
    CheckPWD                                 0x08000a73   Thumb Code    32  appprocess.o(.text)
    SendUpCOM1                               0x08000a93   Thumb Code     2  appprocess.o(.text)
    SendUpCOM2                               0x08000a95   Thumb Code    16  appprocess.o(.text)
    SendUp                                   0x08000aa5   Thumb Code    38  appprocess.o(.text)
    SendErrCode                              0x08000acb   Thumb Code   356  appprocess.o(.text)
    AppCommonRightRes                        0x08000c2f   Thumb Code   312  appprocess.o(.text)
    AppCutdownPower                          0x08000d67   Thumb Code   114  appprocess.o(.text)
    AppStartUpdata                           0x08000dd9   Thumb Code     2  appprocess.o(.text)
    AppEndRespond                            0x08000ddb   Thumb Code    34  appprocess.o(.text)
    AppStartRespond                          0x08000dfd   Thumb Code    34  appprocess.o(.text)
    AppRestDevice                            0x08000e1f   Thumb Code    66  appprocess.o(.text)
    AppReadDeviceinfor                       0x08000e61   Thumb Code   374  appprocess.o(.text)
    AppPingTest                              0x08000fd7   Thumb Code    30  appprocess.o(.text)
    ProcessUpCmd                             0x08000ff5   Thumb Code   328  appprocess.o(.text)
    CalcAverageValue                         0x0800113d   Thumb Code   138  appprocess.o(.text)
    AppLoop                                  0x080011c7   Thumb Code   850  appprocess.o(.text)
    AppStopMotodrv                           0x08001519   Thumb Code     2  appprocess.o(.text)
    AppBatCharge                             0x0800151b   Thumb Code     2  appprocess.o(.text)
    RealTimeSendData                         0x0800151d   Thumb Code     2  appprocess.o(.text)
    SystemRebootProcess                      0x0800151f   Thumb Code     2  appprocess.o(.text)
    OpenOrCloseProcess                       0x08001521   Thumb Code     2  appprocess.o(.text)
    OpenMachineProcess                       0x08001523   Thumb Code     2  appprocess.o(.text)
    CloseMachineProcess                      0x08001525   Thumb Code     2  appprocess.o(.text)
    ChargingStateProcess                     0x08001527   Thumb Code     2  appprocess.o(.text)
    FirstOpenRobotProcess                    0x08001529   Thumb Code     2  appprocess.o(.text)
    LED_Init                                 0x0800153d   Thumb Code    68  led.o(.text)
    LED_Strip_Init                           0x08001581   Thumb Code   192  led.o(.text)
    LED_OPEN                                 0x08001641   Thumb Code   122  led.o(.text)
    LED_CHARGING                             0x080016bb   Thumb Code    56  led.o(.text)
    LED_BLINK                                0x080016f3   Thumb Code   152  led.o(.text)
    ChargingSTATUS_Init                      0x0800178b   Thumb Code    32  led.o(.text)
    LED_Indicator                            0x080017ab   Thumb Code    42  led.o(.text)
    Timer6Init                               0x080017d5   Thumb Code   110  led.o(.text)
    TIM6_IRQHandler                          0x08001843   Thumb Code   128  led.o(.text)
    LED_OPERATION                            0x080018c3   Thumb Code   306  led.o(.text)
    ENSWITCH_Init                            0x080019fd   Thumb Code   142  key.o(.text)
    ENSWITCH_Close                           0x08001a8b   Thumb Code   132  key.o(.text)
    ENSWITCH_Open                            0x08001b0f   Thumb Code   132  key.o(.text)
    KEY_Init                                 0x08001b93   Thumb Code   110  key.o(.text)
    KEY_Scan                                 0x08001c01   Thumb Code    80  key.o(.text)
    EXTI15_10_IRQHandler                     0x08001c51   Thumb Code    44  key.o(.text)
    CAN_Configuration                        0x08001dfb   Thumb Code   282  can.o(.text)
    Uavcan_Broadcast                         0x08001f15   Thumb Code    46  can.o(.text)
    iap_flash_get_baseaddr                   0x08001f43   Thumb Code    32  can.o(.text)
    iap_flash_set_jumpaddr                   0x08001f63   Thumb Code     2  can.o(.text)
    iap_flash_write                          0x08001f65   Thumb Code   224  can.o(.text)
    IAP_Handle                               0x08002045   Thumb Code   210  can.o(.text)
    ascii_to_xdigit                          0x08002117   Thumb Code    38  can.o(.text)
    is_xdigit                                0x0800213d   Thumb Code    30  can.o(.text)
    IAP_FRAM_CHECK                           0x0800215b   Thumb Code   154  can.o(.text)
    SYSTEM_RESET_CMD                         0x080021f5   Thumb Code    58  can.o(.text)
    UavcanFun                                0x0800222f   Thumb Code  1244  can.o(.text)
    USB_LP_CAN1_RX0_IRQHandler               0x0800270b   Thumb Code    56  can.o(.text)
    WATCHDog_Init                            0x0800276d   Thumb Code    50  wdg.o(.text)
    Timer5Init                               0x0800279f   Thumb Code   104  wdg.o(.text)
    TIM5_IRQHandler                          0x08002807   Thumb Code    64  wdg.o(.text)
    MBDMA_Init                               0x08002855   Thumb Code   124  adc.o(.text)
    Adc_Init                                 0x080028d1   Thumb Code   304  adc.o(.text)
    Get_Adc                                  0x08002a01   Thumb Code    40  adc.o(.text)
    DMA1_Channel1_IRQHandler                 0x08002a29   Thumb Code    56  adc.o(.text)
    RTC_Get_Week                             0x08002a79   Thumb Code   116  rtc.o(.text)
    Is_Leap_Year                             0x08002aed   Thumb Code    58  rtc.o(.text)
    RTC_Get                                  0x08002b27   Thumb Code   240  rtc.o(.text)
    RTC_Set                                  0x08002c17   Thumb Code   184  rtc.o(.text)
    RTC_Init                                 0x08002ccf   Thumb Code   174  rtc.o(.text)
    RTC_IRQHandler                           0x08002d7d   Thumb Code    76  rtc.o(.text)
    RTC_Alarm_Set                            0x08002dc9   Thumb Code   184  rtc.o(.text)
    canardInit                               0x08002ee3   Thumb Code    84  canard.o(.text)
    canardGetUserReference                   0x08002f37   Thumb Code    22  canard.o(.text)
    canardSetLocalNodeID                     0x08002f4d   Thumb Code    48  canard.o(.text)
    canardGetLocalNodeID                     0x08002f7d   Thumb Code     6  canard.o(.text)
    canardBroadcast                          0x0800328f   Thumb Code   342  canard.o(.text)
    canardRequestOrRespond                   0x080033e5   Thumb Code   162  canard.o(.text)
    canardPeekTxQueue                        0x08003487   Thumb Code    16  canard.o(.text)
    canardPopTxQueue                         0x080034c3   Thumb Code    22  canard.o(.text)
    canardReleaseRxTransferPayload           0x08003511   Thumb Code    42  canard.o(.text)
    canardHandleRxFrame                      0x08003793   Thumb Code  1122  canard.o(.text)
    canardCleanupStaleTransfers              0x08003bf5   Thumb Code   110  canard.o(.text)
    canardDecodeScalar                       0x08004055   Thumb Code   718  canard.o(.text)
    canardEncodeScalar                       0x08004323   Thumb Code   596  canard.o(.text)
    canardGetPoolAllocatorStatistics         0x08004577   Thumb Code    10  canard.o(.text)
    canardConvertNativeFloatToFloat16        0x08004581   Thumb Code   138  canard.o(.text)
    canardConvertFloat16ToNativeFloat        0x0800460b   Thumb Code    70  canard.o(.text)
    _sys_exit                                0x0800466d   Thumb Code     4  usart.o(.text)
    _ttywrch                                 0x08004671   Thumb Code     4  usart.o(.text)
    fputc                                    0x08004675   Thumb Code    24  usart.o(.text)
    USART1_DMA_Config                        0x0800468d   Thumb Code    70  usart.o(.text)
    USART2_DMA_Config                        0x080046d3   Thumb Code    70  usart.o(.text)
    uart_init                                0x08004719   Thumb Code   210  usart.o(.text)
    USART2_ComSend                           0x080047eb   Thumb Code    56  usart.o(.text)
    USART2_IRQHandler                        0x08004823   Thumb Code    88  usart.o(.text)
    Timer2Init                               0x08004895   Thumb Code   158  timerapp.o(.text)
    TIM2_IRQHandler                          0x08004933   Thumb Code    92  timerapp.o(.text)
    Timer4Init                               0x0800498f   Thumb Code    56  timerapp.o(.text)
    dELAY_us                                 0x080049c7   Thumb Code    62  timerapp.o(.text)
    dELAY_ms                                 0x08004a05   Thumb Code    76  timerapp.o(.text)
    delay_ms                                 0x08004a51   Thumb Code    64  timerapp.o(.text)
    Reset_Handler                            0x08004aa5   Thumb Code     8  startup_stm32f10x_hd.o(.text)
    ADC1_2_IRQHandler                        0x08004abf   Thumb Code     0  startup_stm32f10x_hd.o(.text)
    ADC3_IRQHandler                          0x08004abf   Thumb Code     0  startup_stm32f10x_hd.o(.text)
    CAN1_RX1_IRQHandler                      0x08004abf   Thumb Code     0  startup_stm32f10x_hd.o(.text)
    CAN1_SCE_IRQHandler                      0x08004abf   Thumb Code     0  startup_stm32f10x_hd.o(.text)
    DMA1_Channel2_IRQHandler                 0x08004abf   Thumb Code     0  startup_stm32f10x_hd.o(.text)
    DMA1_Channel3_IRQHandler                 0x08004abf   Thumb Code     0  startup_stm32f10x_hd.o(.text)
    DMA1_Channel4_IRQHandler                 0x08004abf   Thumb Code     0  startup_stm32f10x_hd.o(.text)
    DMA1_Channel5_IRQHandler                 0x08004abf   Thumb Code     0  startup_stm32f10x_hd.o(.text)
    DMA1_Channel6_IRQHandler                 0x08004abf   Thumb Code     0  startup_stm32f10x_hd.o(.text)
    DMA1_Channel7_IRQHandler                 0x08004abf   Thumb Code     0  startup_stm32f10x_hd.o(.text)
    DMA2_Channel1_IRQHandler                 0x08004abf   Thumb Code     0  startup_stm32f10x_hd.o(.text)
    DMA2_Channel2_IRQHandler                 0x08004abf   Thumb Code     0  startup_stm32f10x_hd.o(.text)
    DMA2_Channel3_IRQHandler                 0x08004abf   Thumb Code     0  startup_stm32f10x_hd.o(.text)
    DMA2_Channel4_5_IRQHandler               0x08004abf   Thumb Code     0  startup_stm32f10x_hd.o(.text)
    EXTI0_IRQHandler                         0x08004abf   Thumb Code     0  startup_stm32f10x_hd.o(.text)
    EXTI1_IRQHandler                         0x08004abf   Thumb Code     0  startup_stm32f10x_hd.o(.text)
    EXTI2_IRQHandler                         0x08004abf   Thumb Code     0  startup_stm32f10x_hd.o(.text)
    EXTI3_IRQHandler                         0x08004abf   Thumb Code     0  startup_stm32f10x_hd.o(.text)
    EXTI4_IRQHandler                         0x08004abf   Thumb Code     0  startup_stm32f10x_hd.o(.text)
    EXTI9_5_IRQHandler                       0x08004abf   Thumb Code     0  startup_stm32f10x_hd.o(.text)
    FLASH_IRQHandler                         0x08004abf   Thumb Code     0  startup_stm32f10x_hd.o(.text)
    FSMC_IRQHandler                          0x08004abf   Thumb Code     0  startup_stm32f10x_hd.o(.text)
    I2C1_ER_IRQHandler                       0x08004abf   Thumb Code     0  startup_stm32f10x_hd.o(.text)
    I2C1_EV_IRQHandler                       0x08004abf   Thumb Code     0  startup_stm32f10x_hd.o(.text)
    I2C2_ER_IRQHandler                       0x08004abf   Thumb Code     0  startup_stm32f10x_hd.o(.text)
    I2C2_EV_IRQHandler                       0x08004abf   Thumb Code     0  startup_stm32f10x_hd.o(.text)
    PVD_IRQHandler                           0x08004abf   Thumb Code     0  startup_stm32f10x_hd.o(.text)
    RCC_IRQHandler                           0x08004abf   Thumb Code     0  startup_stm32f10x_hd.o(.text)
    RTCAlarm_IRQHandler                      0x08004abf   Thumb Code     0  startup_stm32f10x_hd.o(.text)
    SDIO_IRQHandler                          0x08004abf   Thumb Code     0  startup_stm32f10x_hd.o(.text)
    SPI1_IRQHandler                          0x08004abf   Thumb Code     0  startup_stm32f10x_hd.o(.text)
    SPI2_IRQHandler                          0x08004abf   Thumb Code     0  startup_stm32f10x_hd.o(.text)
    SPI3_IRQHandler                          0x08004abf   Thumb Code     0  startup_stm32f10x_hd.o(.text)
    TAMPER_IRQHandler                        0x08004abf   Thumb Code     0  startup_stm32f10x_hd.o(.text)
    TIM1_BRK_IRQHandler                      0x08004abf   Thumb Code     0  startup_stm32f10x_hd.o(.text)
    TIM1_CC_IRQHandler                       0x08004abf   Thumb Code     0  startup_stm32f10x_hd.o(.text)
    TIM1_TRG_COM_IRQHandler                  0x08004abf   Thumb Code     0  startup_stm32f10x_hd.o(.text)
    TIM1_UP_IRQHandler                       0x08004abf   Thumb Code     0  startup_stm32f10x_hd.o(.text)
    TIM3_IRQHandler                          0x08004abf   Thumb Code     0  startup_stm32f10x_hd.o(.text)
    TIM4_IRQHandler                          0x08004abf   Thumb Code     0  startup_stm32f10x_hd.o(.text)
    TIM7_IRQHandler                          0x08004abf   Thumb Code     0  startup_stm32f10x_hd.o(.text)
    TIM8_BRK_IRQHandler                      0x08004abf   Thumb Code     0  startup_stm32f10x_hd.o(.text)
    TIM8_CC_IRQHandler                       0x08004abf   Thumb Code     0  startup_stm32f10x_hd.o(.text)
    TIM8_TRG_COM_IRQHandler                  0x08004abf   Thumb Code     0  startup_stm32f10x_hd.o(.text)
    TIM8_UP_IRQHandler                       0x08004abf   Thumb Code     0  startup_stm32f10x_hd.o(.text)
    UART4_IRQHandler                         0x08004abf   Thumb Code     0  startup_stm32f10x_hd.o(.text)
    UART5_IRQHandler                         0x08004abf   Thumb Code     0  startup_stm32f10x_hd.o(.text)
    USART1_IRQHandler                        0x08004abf   Thumb Code     0  startup_stm32f10x_hd.o(.text)
    USART3_IRQHandler                        0x08004abf   Thumb Code     0  startup_stm32f10x_hd.o(.text)
    USBWakeUp_IRQHandler                     0x08004abf   Thumb Code     0  startup_stm32f10x_hd.o(.text)
    USB_HP_CAN1_TX_IRQHandler                0x08004abf   Thumb Code     0  startup_stm32f10x_hd.o(.text)
    WWDG_IRQHandler                          0x08004abf   Thumb Code     0  startup_stm32f10x_hd.o(.text)
    __user_initial_stackheap                 0x08004ac1   Thumb Code     0  startup_stm32f10x_hd.o(.text)
    NVIC_PriorityGroupConfig                 0x08004ae5   Thumb Code    10  misc.o(.text)
    NVIC_Init                                0x08004aef   Thumb Code   100  misc.o(.text)
    NVIC_SetVectorTable                      0x08004b53   Thumb Code    14  misc.o(.text)
    NVIC_SystemLPConfig                      0x08004b61   Thumb Code    34  misc.o(.text)
    SysTick_CLKSourceConfig                  0x08004b83   Thumb Code    40  misc.o(.text)
    GPIO_DeInit                              0x08004bc1   Thumb Code   172  stm32f10x_gpio.o(.text)
    GPIO_AFIODeInit                          0x08004c6d   Thumb Code    20  stm32f10x_gpio.o(.text)
    GPIO_Init                                0x08004c81   Thumb Code   278  stm32f10x_gpio.o(.text)
    GPIO_StructInit                          0x08004d97   Thumb Code    16  stm32f10x_gpio.o(.text)
    GPIO_ReadInputDataBit                    0x08004da7   Thumb Code    18  stm32f10x_gpio.o(.text)
    GPIO_ReadInputData                       0x08004db9   Thumb Code     8  stm32f10x_gpio.o(.text)
    GPIO_ReadOutputDataBit                   0x08004dc1   Thumb Code    18  stm32f10x_gpio.o(.text)
    GPIO_ReadOutputData                      0x08004dd3   Thumb Code     8  stm32f10x_gpio.o(.text)
    GPIO_SetBits                             0x08004ddb   Thumb Code     4  stm32f10x_gpio.o(.text)
    GPIO_ResetBits                           0x08004ddf   Thumb Code     4  stm32f10x_gpio.o(.text)
    GPIO_WriteBit                            0x08004de3   Thumb Code    10  stm32f10x_gpio.o(.text)
    GPIO_Write                               0x08004ded   Thumb Code     4  stm32f10x_gpio.o(.text)
    GPIO_PinLockConfig                       0x08004df1   Thumb Code    18  stm32f10x_gpio.o(.text)
    GPIO_EventOutputConfig                   0x08004e03   Thumb Code    26  stm32f10x_gpio.o(.text)
    GPIO_EventOutputCmd                      0x08004e1d   Thumb Code     6  stm32f10x_gpio.o(.text)
    GPIO_PinRemapConfig                      0x08004e23   Thumb Code   138  stm32f10x_gpio.o(.text)
    GPIO_EXTILineConfig                      0x08004ead   Thumb Code    66  stm32f10x_gpio.o(.text)
    GPIO_ETH_MediaInterfaceConfig            0x08004eef   Thumb Code     8  stm32f10x_gpio.o(.text)
    RCC_DeInit                               0x08004f1d   Thumb Code    64  stm32f10x_rcc.o(.text)
    RCC_HSEConfig                            0x08004f5d   Thumb Code    70  stm32f10x_rcc.o(.text)
    RCC_GetFlagStatus                        0x08004fa3   Thumb Code    56  stm32f10x_rcc.o(.text)
    RCC_WaitForHSEStartUp                    0x08004fdb   Thumb Code    56  stm32f10x_rcc.o(.text)
    RCC_AdjustHSICalibrationValue            0x08005013   Thumb Code    20  stm32f10x_rcc.o(.text)
    RCC_HSICmd                               0x08005027   Thumb Code     6  stm32f10x_rcc.o(.text)
    RCC_PLLConfig                            0x0800502d   Thumb Code    24  stm32f10x_rcc.o(.text)
    RCC_PLLCmd                               0x08005045   Thumb Code     6  stm32f10x_rcc.o(.text)
    RCC_SYSCLKConfig                         0x0800504b   Thumb Code    18  stm32f10x_rcc.o(.text)
    RCC_GetSYSCLKSource                      0x0800505d   Thumb Code    10  stm32f10x_rcc.o(.text)
    RCC_HCLKConfig                           0x08005067   Thumb Code    18  stm32f10x_rcc.o(.text)
    RCC_PCLK1Config                          0x08005079   Thumb Code    18  stm32f10x_rcc.o(.text)
    RCC_PCLK2Config                          0x0800508b   Thumb Code    20  stm32f10x_rcc.o(.text)
    RCC_ITConfig                             0x0800509f   Thumb Code    26  stm32f10x_rcc.o(.text)
    RCC_USBCLKConfig                         0x080050b9   Thumb Code     8  stm32f10x_rcc.o(.text)
    RCC_ADCCLKConfig                         0x080050c1   Thumb Code    18  stm32f10x_rcc.o(.text)
    RCC_LSEConfig                            0x080050d3   Thumb Code    50  stm32f10x_rcc.o(.text)
    RCC_LSICmd                               0x08005105   Thumb Code     6  stm32f10x_rcc.o(.text)
    RCC_RTCCLKConfig                         0x0800510b   Thumb Code    12  stm32f10x_rcc.o(.text)
    RCC_RTCCLKCmd                            0x08005117   Thumb Code     8  stm32f10x_rcc.o(.text)
    RCC_GetClocksFreq                        0x0800511f   Thumb Code   192  stm32f10x_rcc.o(.text)
    RCC_AHBPeriphClockCmd                    0x080051df   Thumb Code    26  stm32f10x_rcc.o(.text)
    RCC_APB2PeriphClockCmd                   0x080051f9   Thumb Code    26  stm32f10x_rcc.o(.text)
    RCC_APB1PeriphClockCmd                   0x08005213   Thumb Code    26  stm32f10x_rcc.o(.text)
    RCC_APB2PeriphResetCmd                   0x0800522d   Thumb Code    26  stm32f10x_rcc.o(.text)
    RCC_APB1PeriphResetCmd                   0x08005247   Thumb Code    26  stm32f10x_rcc.o(.text)
    RCC_BackupResetCmd                       0x08005261   Thumb Code     8  stm32f10x_rcc.o(.text)
    RCC_ClockSecuritySystemCmd               0x08005269   Thumb Code     6  stm32f10x_rcc.o(.text)
    RCC_MCOConfig                            0x0800526f   Thumb Code     6  stm32f10x_rcc.o(.text)
    RCC_ClearFlag                            0x08005275   Thumb Code    14  stm32f10x_rcc.o(.text)
    RCC_GetITStatus                          0x08005283   Thumb Code    20  stm32f10x_rcc.o(.text)
    RCC_ClearITPendingBit                    0x08005297   Thumb Code     6  stm32f10x_rcc.o(.text)
    CAN_DeInit                               0x080052c1   Thumb Code    50  stm32f10x_can.o(.text)
    CAN_Init                                 0x080052f3   Thumb Code   276  stm32f10x_can.o(.text)
    CAN_FilterInit                           0x08005407   Thumb Code   258  stm32f10x_can.o(.text)
    CAN_StructInit                           0x08005509   Thumb Code    32  stm32f10x_can.o(.text)
    CAN_SlaveStartBank                       0x08005529   Thumb Code    48  stm32f10x_can.o(.text)
    CAN_DBGFreeze                            0x08005559   Thumb Code    22  stm32f10x_can.o(.text)
    CAN_TTComModeCmd                         0x0800556f   Thumb Code   118  stm32f10x_can.o(.text)
    CAN_Transmit                             0x080055e5   Thumb Code   304  stm32f10x_can.o(.text)
    CAN_TransmitStatus                       0x08005715   Thumb Code   138  stm32f10x_can.o(.text)
    CAN_CancelTransmit                       0x0800579f   Thumb Code    48  stm32f10x_can.o(.text)
    CAN_Receive                              0x080057cf   Thumb Code   240  stm32f10x_can.o(.text)
    CAN_FIFORelease                          0x080058bf   Thumb Code    22  stm32f10x_can.o(.text)
    CAN_MessagePending                       0x080058d5   Thumb Code    30  stm32f10x_can.o(.text)
    CAN_OperatingModeRequest                 0x080058f3   Thumb Code   162  stm32f10x_can.o(.text)
    CAN_Sleep                                0x08005995   Thumb Code    30  stm32f10x_can.o(.text)
    CAN_WakeUp                               0x080059b3   Thumb Code    48  stm32f10x_can.o(.text)
    CAN_GetLastErrorCode                     0x080059e3   Thumb Code    12  stm32f10x_can.o(.text)
    CAN_GetReceiveErrorCounter               0x080059ef   Thumb Code    10  stm32f10x_can.o(.text)
    CAN_GetLSBTransmitErrorCounter           0x080059f9   Thumb Code    12  stm32f10x_can.o(.text)
    CAN_ITConfig                             0x08005a05   Thumb Code    18  stm32f10x_can.o(.text)
    CAN_GetFlagStatus                        0x08005a17   Thumb Code   120  stm32f10x_can.o(.text)
    CAN_ClearFlag                            0x08005a8f   Thumb Code    52  stm32f10x_can.o(.text)
    CAN_GetITStatus                          0x08005ad5   Thumb Code   310  stm32f10x_can.o(.text)
    CAN_ClearITPendingBit                    0x08005c0b   Thumb Code   162  stm32f10x_can.o(.text)
    USART_DeInit                             0x08005cb1   Thumb Code   134  stm32f10x_usart.o(.text)
    USART_Init                               0x08005d37   Thumb Code   210  stm32f10x_usart.o(.text)
    USART_StructInit                         0x08005e09   Thumb Code    24  stm32f10x_usart.o(.text)
    USART_ClockInit                          0x08005e21   Thumb Code    34  stm32f10x_usart.o(.text)
    USART_ClockStructInit                    0x08005e43   Thumb Code    12  stm32f10x_usart.o(.text)
    USART_Cmd                                0x08005e4f   Thumb Code    24  stm32f10x_usart.o(.text)
    USART_ITConfig                           0x08005e67   Thumb Code    74  stm32f10x_usart.o(.text)
    USART_DMACmd                             0x08005eb1   Thumb Code    18  stm32f10x_usart.o(.text)
    USART_SetAddress                         0x08005ec3   Thumb Code    18  stm32f10x_usart.o(.text)
    USART_WakeUpConfig                       0x08005ed5   Thumb Code    18  stm32f10x_usart.o(.text)
    USART_ReceiverWakeUpCmd                  0x08005ee7   Thumb Code    24  stm32f10x_usart.o(.text)
    USART_LINBreakDetectLengthConfig         0x08005eff   Thumb Code    18  stm32f10x_usart.o(.text)
    USART_LINCmd                             0x08005f11   Thumb Code    24  stm32f10x_usart.o(.text)
    USART_SendData                           0x08005f29   Thumb Code     8  stm32f10x_usart.o(.text)
    USART_ReceiveData                        0x08005f31   Thumb Code    10  stm32f10x_usart.o(.text)
    USART_SendBreak                          0x08005f3b   Thumb Code    10  stm32f10x_usart.o(.text)
    USART_SetGuardTime                       0x08005f45   Thumb Code    16  stm32f10x_usart.o(.text)
    USART_SetPrescaler                       0x08005f55   Thumb Code    16  stm32f10x_usart.o(.text)
    USART_SmartCardCmd                       0x08005f65   Thumb Code    24  stm32f10x_usart.o(.text)
    USART_SmartCardNACKCmd                   0x08005f7d   Thumb Code    24  stm32f10x_usart.o(.text)
    USART_HalfDuplexCmd                      0x08005f95   Thumb Code    24  stm32f10x_usart.o(.text)
    USART_OverSampling8Cmd                   0x08005fad   Thumb Code    22  stm32f10x_usart.o(.text)
    USART_OneBitMethodCmd                    0x08005fc3   Thumb Code    24  stm32f10x_usart.o(.text)
    USART_IrDAConfig                         0x08005fdb   Thumb Code    18  stm32f10x_usart.o(.text)
    USART_IrDACmd                            0x08005fed   Thumb Code    24  stm32f10x_usart.o(.text)
    USART_GetFlagStatus                      0x08006005   Thumb Code    26  stm32f10x_usart.o(.text)
    USART_ClearFlag                          0x0800601f   Thumb Code    18  stm32f10x_usart.o(.text)
    USART_GetITStatus                        0x08006031   Thumb Code    84  stm32f10x_usart.o(.text)
    USART_ClearITPendingBit                  0x08006085   Thumb Code    52  stm32f10x_usart.o(.text)
    TIM_DeInit                               0x080060b9   Thumb Code   424  stm32f10x_tim.o(.text)
    TIM_TimeBaseInit                         0x08006261   Thumb Code   122  stm32f10x_tim.o(.text)
    TIM_OC1Init                              0x080062db   Thumb Code   132  stm32f10x_tim.o(.text)
    TIM_OC2Init                              0x0800635f   Thumb Code   154  stm32f10x_tim.o(.text)
    TIM_OC3Init                              0x080063f9   Thumb Code   150  stm32f10x_tim.o(.text)
    TIM_OC4Init                              0x0800648f   Thumb Code   182  stm32f10x_tim.o(.text)
    TIM_SetIC4Prescaler                      0x08006545   Thumb Code    26  stm32f10x_tim.o(.text)
    TIM_SetIC3Prescaler                      0x080065e1   Thumb Code    18  stm32f10x_tim.o(.text)
    TIM_SetIC2Prescaler                      0x0800666d   Thumb Code    26  stm32f10x_tim.o(.text)
    TIM_SetIC1Prescaler                      0x08006709   Thumb Code    18  stm32f10x_tim.o(.text)
    TIM_ICInit                               0x08006787   Thumb Code   150  stm32f10x_tim.o(.text)
    TIM_PWMIConfig                           0x0800681d   Thumb Code   124  stm32f10x_tim.o(.text)
    TIM_BDTRConfig                           0x08006899   Thumb Code    32  stm32f10x_tim.o(.text)
    TIM_TimeBaseStructInit                   0x080068b9   Thumb Code    18  stm32f10x_tim.o(.text)
    TIM_OCStructInit                         0x080068cb   Thumb Code    20  stm32f10x_tim.o(.text)
    TIM_ICStructInit                         0x080068df   Thumb Code    18  stm32f10x_tim.o(.text)
    TIM_BDTRStructInit                       0x080068f1   Thumb Code    40  stm32f10x_tim.o(.text)
    TIM_Cmd                                  0x08006919   Thumb Code    24  stm32f10x_tim.o(.text)
    TIM_CtrlPWMOutputs                       0x08006931   Thumb Code    30  stm32f10x_tim.o(.text)
    TIM_ITConfig                             0x0800694f   Thumb Code    18  stm32f10x_tim.o(.text)
    TIM_GenerateEvent                        0x08006961   Thumb Code     4  stm32f10x_tim.o(.text)
    TIM_DMAConfig                            0x08006965   Thumb Code    10  stm32f10x_tim.o(.text)
    TIM_DMACmd                               0x0800696f   Thumb Code    18  stm32f10x_tim.o(.text)
    TIM_InternalClockConfig                  0x08006981   Thumb Code    12  stm32f10x_tim.o(.text)
    TIM_SelectInputTrigger                   0x0800698d   Thumb Code    18  stm32f10x_tim.o(.text)
    TIM_ITRxExternalClockConfig              0x0800699f   Thumb Code    24  stm32f10x_tim.o(.text)
    TIM_TIxExternalClockConfig               0x080069b7   Thumb Code    62  stm32f10x_tim.o(.text)
    TIM_ETRConfig                            0x080069f5   Thumb Code    28  stm32f10x_tim.o(.text)
    TIM_ETRClockMode1Config                  0x08006a11   Thumb Code    54  stm32f10x_tim.o(.text)
    TIM_ETRClockMode2Config                  0x08006a47   Thumb Code    32  stm32f10x_tim.o(.text)
    TIM_PrescalerConfig                      0x08006a67   Thumb Code     6  stm32f10x_tim.o(.text)
    TIM_CounterModeConfig                    0x08006a6d   Thumb Code    18  stm32f10x_tim.o(.text)
    TIM_EncoderInterfaceConfig               0x08006a7f   Thumb Code    66  stm32f10x_tim.o(.text)
    TIM_ForcedOC1Config                      0x08006ac1   Thumb Code    18  stm32f10x_tim.o(.text)
    TIM_ForcedOC2Config                      0x08006ad3   Thumb Code    26  stm32f10x_tim.o(.text)
    TIM_ForcedOC3Config                      0x08006aed   Thumb Code    18  stm32f10x_tim.o(.text)
    TIM_ForcedOC4Config                      0x08006aff   Thumb Code    26  stm32f10x_tim.o(.text)
    TIM_ARRPreloadConfig                     0x08006b19   Thumb Code    24  stm32f10x_tim.o(.text)
    TIM_SelectCOM                            0x08006b31   Thumb Code    24  stm32f10x_tim.o(.text)
    TIM_SelectCCDMA                          0x08006b49   Thumb Code    24  stm32f10x_tim.o(.text)
    TIM_CCPreloadControl                     0x08006b61   Thumb Code    24  stm32f10x_tim.o(.text)
    TIM_OC1PreloadConfig                     0x08006b79   Thumb Code    18  stm32f10x_tim.o(.text)
    TIM_OC2PreloadConfig                     0x08006b8b   Thumb Code    26  stm32f10x_tim.o(.text)
    TIM_OC3PreloadConfig                     0x08006ba5   Thumb Code    18  stm32f10x_tim.o(.text)
    TIM_OC4PreloadConfig                     0x08006bb7   Thumb Code    26  stm32f10x_tim.o(.text)
    TIM_OC1FastConfig                        0x08006bd1   Thumb Code    18  stm32f10x_tim.o(.text)
    TIM_OC2FastConfig                        0x08006be3   Thumb Code    26  stm32f10x_tim.o(.text)
    TIM_OC3FastConfig                        0x08006bfd   Thumb Code    18  stm32f10x_tim.o(.text)
    TIM_OC4FastConfig                        0x08006c0f   Thumb Code    26  stm32f10x_tim.o(.text)
    TIM_ClearOC1Ref                          0x08006c29   Thumb Code    18  stm32f10x_tim.o(.text)
    TIM_ClearOC2Ref                          0x08006c3b   Thumb Code    24  stm32f10x_tim.o(.text)
    TIM_ClearOC3Ref                          0x08006c53   Thumb Code    18  stm32f10x_tim.o(.text)
    TIM_ClearOC4Ref                          0x08006c65   Thumb Code    24  stm32f10x_tim.o(.text)
    TIM_OC1PolarityConfig                    0x08006c7d   Thumb Code    18  stm32f10x_tim.o(.text)
    TIM_OC1NPolarityConfig                   0x08006c8f   Thumb Code    18  stm32f10x_tim.o(.text)
    TIM_OC2PolarityConfig                    0x08006ca1   Thumb Code    26  stm32f10x_tim.o(.text)
    TIM_OC2NPolarityConfig                   0x08006cbb   Thumb Code    26  stm32f10x_tim.o(.text)
    TIM_OC3PolarityConfig                    0x08006cd5   Thumb Code    26  stm32f10x_tim.o(.text)
    TIM_OC3NPolarityConfig                   0x08006cef   Thumb Code    26  stm32f10x_tim.o(.text)
    TIM_OC4PolarityConfig                    0x08006d09   Thumb Code    26  stm32f10x_tim.o(.text)
    TIM_CCxCmd                               0x08006d23   Thumb Code    30  stm32f10x_tim.o(.text)
    TIM_CCxNCmd                              0x08006d41   Thumb Code    30  stm32f10x_tim.o(.text)
    TIM_SelectOCxM                           0x08006d5f   Thumb Code    82  stm32f10x_tim.o(.text)
    TIM_UpdateDisableConfig                  0x08006db1   Thumb Code    24  stm32f10x_tim.o(.text)
    TIM_UpdateRequestConfig                  0x08006dc9   Thumb Code    24  stm32f10x_tim.o(.text)
    TIM_SelectHallSensor                     0x08006de1   Thumb Code    24  stm32f10x_tim.o(.text)
    TIM_SelectOnePulseMode                   0x08006df9   Thumb Code    18  stm32f10x_tim.o(.text)
    TIM_SelectOutputTrigger                  0x08006e0b   Thumb Code    18  stm32f10x_tim.o(.text)
    TIM_SelectSlaveMode                      0x08006e1d   Thumb Code    18  stm32f10x_tim.o(.text)
    TIM_SelectMasterSlaveMode                0x08006e2f   Thumb Code    18  stm32f10x_tim.o(.text)
    TIM_SetCounter                           0x08006e41   Thumb Code     4  stm32f10x_tim.o(.text)
    TIM_SetAutoreload                        0x08006e45   Thumb Code     4  stm32f10x_tim.o(.text)
    TIM_SetCompare1                          0x08006e49   Thumb Code     4  stm32f10x_tim.o(.text)
    TIM_SetCompare2                          0x08006e4d   Thumb Code     4  stm32f10x_tim.o(.text)
    TIM_SetCompare3                          0x08006e51   Thumb Code     4  stm32f10x_tim.o(.text)
    TIM_SetCompare4                          0x08006e55   Thumb Code     6  stm32f10x_tim.o(.text)
    TIM_SetClockDivision                     0x08006e5b   Thumb Code    18  stm32f10x_tim.o(.text)
    TIM_GetCapture1                          0x08006e6d   Thumb Code     6  stm32f10x_tim.o(.text)
    TIM_GetCapture2                          0x08006e73   Thumb Code     6  stm32f10x_tim.o(.text)
    TIM_GetCapture3                          0x08006e79   Thumb Code     6  stm32f10x_tim.o(.text)
    TIM_GetCapture4                          0x08006e7f   Thumb Code     8  stm32f10x_tim.o(.text)
    TIM_GetCounter                           0x08006e87   Thumb Code     6  stm32f10x_tim.o(.text)
    TIM_GetPrescaler                         0x08006e8d   Thumb Code     6  stm32f10x_tim.o(.text)
    TIM_GetFlagStatus                        0x08006e93   Thumb Code    18  stm32f10x_tim.o(.text)
    TIM_ClearFlag                            0x08006ea5   Thumb Code     6  stm32f10x_tim.o(.text)
    TIM_GetITStatus                          0x08006eab   Thumb Code    34  stm32f10x_tim.o(.text)
    TIM_ClearITPendingBit                    0x08006ecd   Thumb Code     6  stm32f10x_tim.o(.text)
    ADC_DeInit                               0x08006ed5   Thumb Code    78  stm32f10x_adc.o(.text)
    ADC_Init                                 0x08006f23   Thumb Code    70  stm32f10x_adc.o(.text)
    ADC_StructInit                           0x08006f69   Thumb Code    18  stm32f10x_adc.o(.text)
    ADC_Cmd                                  0x08006f7b   Thumb Code    22  stm32f10x_adc.o(.text)
    ADC_DMACmd                               0x08006f91   Thumb Code    22  stm32f10x_adc.o(.text)
    ADC_ITConfig                             0x08006fa7   Thumb Code    24  stm32f10x_adc.o(.text)
    ADC_ResetCalibration                     0x08006fbf   Thumb Code    10  stm32f10x_adc.o(.text)
    ADC_GetResetCalibrationStatus            0x08006fc9   Thumb Code    20  stm32f10x_adc.o(.text)
    ADC_StartCalibration                     0x08006fdd   Thumb Code    10  stm32f10x_adc.o(.text)
    ADC_GetCalibrationStatus                 0x08006fe7   Thumb Code    20  stm32f10x_adc.o(.text)
    ADC_SoftwareStartConvCmd                 0x08006ffb   Thumb Code    22  stm32f10x_adc.o(.text)
    ADC_GetSoftwareStartConvStatus           0x08007011   Thumb Code    20  stm32f10x_adc.o(.text)
    ADC_DiscModeChannelCountConfig           0x08007025   Thumb Code    24  stm32f10x_adc.o(.text)
    ADC_DiscModeCmd                          0x0800703d   Thumb Code    22  stm32f10x_adc.o(.text)
    ADC_RegularChannelConfig                 0x08007053   Thumb Code   184  stm32f10x_adc.o(.text)
    ADC_ExternalTrigConvCmd                  0x0800710b   Thumb Code    22  stm32f10x_adc.o(.text)
    ADC_GetConversionValue                   0x08007121   Thumb Code     8  stm32f10x_adc.o(.text)
    ADC_GetDualModeConversionValue           0x08007129   Thumb Code     8  stm32f10x_adc.o(.text)
    ADC_AutoInjectedConvCmd                  0x08007131   Thumb Code    22  stm32f10x_adc.o(.text)
    ADC_InjectedDiscModeCmd                  0x08007147   Thumb Code    22  stm32f10x_adc.o(.text)
    ADC_ExternalTrigInjectedConvConfig       0x0800715d   Thumb Code    16  stm32f10x_adc.o(.text)
    ADC_ExternalTrigInjectedConvCmd          0x0800716d   Thumb Code    22  stm32f10x_adc.o(.text)
    ADC_SoftwareStartInjectedConvCmd         0x08007183   Thumb Code    22  stm32f10x_adc.o(.text)
    ADC_GetSoftwareStartInjectedConvCmdStatus 0x08007199   Thumb Code    20  stm32f10x_adc.o(.text)
    ADC_InjectedChannelConfig                0x080071ad   Thumb Code   130  stm32f10x_adc.o(.text)
    ADC_InjectedSequencerLengthConfig        0x0800722f   Thumb Code    24  stm32f10x_adc.o(.text)
    ADC_SetInjectedOffset                    0x08007247   Thumb Code    20  stm32f10x_adc.o(.text)
    ADC_GetInjectedConversionValue           0x0800725b   Thumb Code    28  stm32f10x_adc.o(.text)
    ADC_AnalogWatchdogCmd                    0x08007277   Thumb Code    16  stm32f10x_adc.o(.text)
    ADC_AnalogWatchdogThresholdsConfig       0x08007287   Thumb Code     6  stm32f10x_adc.o(.text)
    ADC_AnalogWatchdogSingleChannelConfig    0x0800728d   Thumb Code    16  stm32f10x_adc.o(.text)
    ADC_TempSensorVrefintCmd                 0x0800729d   Thumb Code    64  stm32f10x_adc.o(.text)
    ADC_GetFlagStatus                        0x080072dd   Thumb Code    18  stm32f10x_adc.o(.text)
    ADC_ClearFlag                            0x080072ef   Thumb Code     6  stm32f10x_adc.o(.text)
    ADC_GetITStatus                          0x080072f5   Thumb Code    36  stm32f10x_adc.o(.text)
    ADC_ClearITPendingBit                    0x08007319   Thumb Code    10  stm32f10x_adc.o(.text)
    DMA_DeInit                               0x08007325   Thumb Code   324  stm32f10x_dma.o(.text)
    DMA_Init                                 0x08007469   Thumb Code    60  stm32f10x_dma.o(.text)
    DMA_StructInit                           0x080074a5   Thumb Code    26  stm32f10x_dma.o(.text)
    DMA_Cmd                                  0x080074bf   Thumb Code    24  stm32f10x_dma.o(.text)
    DMA_ITConfig                             0x080074d7   Thumb Code    18  stm32f10x_dma.o(.text)
    DMA_SetCurrDataCounter                   0x080074e9   Thumb Code     4  stm32f10x_dma.o(.text)
    DMA_GetCurrDataCounter                   0x080074ed   Thumb Code     8  stm32f10x_dma.o(.text)
    DMA_GetFlagStatus                        0x080074f5   Thumb Code    40  stm32f10x_dma.o(.text)
    DMA_ClearFlag                            0x0800751d   Thumb Code    22  stm32f10x_dma.o(.text)
    DMA_GetITStatus                          0x08007533   Thumb Code    40  stm32f10x_dma.o(.text)
    DMA_ClearITPendingBit                    0x0800755b   Thumb Code    22  stm32f10x_dma.o(.text)
    EXTI_DeInit                              0x08007579   Thumb Code    28  stm32f10x_exti.o(.text)
    EXTI_Init                                0x08007595   Thumb Code   142  stm32f10x_exti.o(.text)
    EXTI_StructInit                          0x08007623   Thumb Code    16  stm32f10x_exti.o(.text)
    EXTI_GenerateSWInterrupt                 0x08007633   Thumb Code    16  stm32f10x_exti.o(.text)
    EXTI_GetFlagStatus                       0x08007643   Thumb Code    22  stm32f10x_exti.o(.text)
    EXTI_ClearFlag                           0x08007659   Thumb Code     8  stm32f10x_exti.o(.text)
    EXTI_GetITStatus                         0x08007661   Thumb Code    34  stm32f10x_exti.o(.text)
    EXTI_ClearITPendingBit                   0x08007683   Thumb Code     8  stm32f10x_exti.o(.text)
    RTC_ITConfig                             0x08007695   Thumb Code    26  stm32f10x_rtc.o(.text)
    RTC_EnterConfigMode                      0x080076af   Thumb Code    18  stm32f10x_rtc.o(.text)
    RTC_ExitConfigMode                       0x080076c1   Thumb Code    20  stm32f10x_rtc.o(.text)
    RTC_GetCounter                           0x080076d5   Thumb Code    18  stm32f10x_rtc.o(.text)
    RTC_SetCounter                           0x080076e7   Thumb Code    26  stm32f10x_rtc.o(.text)
    RTC_SetPrescaler                         0x08007701   Thumb Code    28  stm32f10x_rtc.o(.text)
    RTC_SetAlarm                             0x0800771d   Thumb Code    26  stm32f10x_rtc.o(.text)
    RTC_GetDivider                           0x08007737   Thumb Code    22  stm32f10x_rtc.o(.text)
    RTC_WaitForLastTask                      0x0800774d   Thumb Code    18  stm32f10x_rtc.o(.text)
    RTC_WaitForSynchro                       0x0800775f   Thumb Code    36  stm32f10x_rtc.o(.text)
    RTC_GetFlagStatus                        0x08007783   Thumb Code    22  stm32f10x_rtc.o(.text)
    RTC_ClearFlag                            0x08007799   Thumb Code    16  stm32f10x_rtc.o(.text)
    RTC_GetITStatus                          0x080077a9   Thumb Code    32  stm32f10x_rtc.o(.text)
    RTC_ClearITPendingBit                    0x080077c9   Thumb Code    16  stm32f10x_rtc.o(.text)
    BKP_DeInit                               0x080077dd   Thumb Code    16  stm32f10x_bkp.o(.text)
    BKP_TamperPinLevelConfig                 0x080077ed   Thumb Code     6  stm32f10x_bkp.o(.text)
    BKP_TamperPinCmd                         0x080077f3   Thumb Code     8  stm32f10x_bkp.o(.text)
    BKP_ITConfig                             0x080077fb   Thumb Code     8  stm32f10x_bkp.o(.text)
    BKP_RTCOutputConfig                      0x08007803   Thumb Code    22  stm32f10x_bkp.o(.text)
    BKP_SetRTCCalibrationValue               0x08007819   Thumb Code    22  stm32f10x_bkp.o(.text)
    BKP_WriteBackupRegister                  0x0800782f   Thumb Code    24  stm32f10x_bkp.o(.text)
    BKP_ReadBackupRegister                   0x08007847   Thumb Code    26  stm32f10x_bkp.o(.text)
    BKP_GetFlagStatus                        0x08007861   Thumb Code    10  stm32f10x_bkp.o(.text)
    BKP_ClearFlag                            0x0800786b   Thumb Code    18  stm32f10x_bkp.o(.text)
    BKP_GetITStatus                          0x0800787d   Thumb Code    10  stm32f10x_bkp.o(.text)
    BKP_ClearITPendingBit                    0x08007887   Thumb Code    18  stm32f10x_bkp.o(.text)
    PWR_DeInit                               0x080078a1   Thumb Code    22  stm32f10x_pwr.o(.text)
    PWR_BackupAccessCmd                      0x080078b7   Thumb Code     6  stm32f10x_pwr.o(.text)
    PWR_PVDCmd                               0x080078bd   Thumb Code     6  stm32f10x_pwr.o(.text)
    PWR_PVDLevelConfig                       0x080078c3   Thumb Code    18  stm32f10x_pwr.o(.text)
    PWR_WakeUpPinCmd                         0x080078d5   Thumb Code     8  stm32f10x_pwr.o(.text)
    PWR_EnterSTOPMode                        0x080078dd   Thumb Code    54  stm32f10x_pwr.o(.text)
    PWR_EnterSTANDBYMode                     0x08007913   Thumb Code    42  stm32f10x_pwr.o(.text)
    PWR_GetFlagStatus                        0x0800793d   Thumb Code    20  stm32f10x_pwr.o(.text)
    PWR_ClearFlag                            0x08007951   Thumb Code    14  stm32f10x_pwr.o(.text)
    FLASH_SetLatency                         0x0800796d   Thumb Code    18  stm32f10x_flash.o(.text)
    FLASH_HalfCycleAccessCmd                 0x0800797f   Thumb Code    22  stm32f10x_flash.o(.text)
    FLASH_PrefetchBufferCmd                  0x08007995   Thumb Code    22  stm32f10x_flash.o(.text)
    FLASH_Unlock                             0x080079ab   Thumb Code    12  stm32f10x_flash.o(.text)
    FLASH_UnlockBank1                        0x080079b7   Thumb Code    12  stm32f10x_flash.o(.text)
    FLASH_Lock                               0x080079c3   Thumb Code    14  stm32f10x_flash.o(.text)
    FLASH_LockBank1                          0x080079d1   Thumb Code    14  stm32f10x_flash.o(.text)
    FLASH_GetBank1Status                     0x080079df   Thumb Code    48  stm32f10x_flash.o(.text)
    FLASH_WaitForLastOperation               0x08007a0f   Thumb Code    38  stm32f10x_flash.o(.text)
    FLASH_ErasePage                          0x08007a35   Thumb Code    72  stm32f10x_flash.o(.text)
    FLASH_EraseAllPages                      0x08007a7d   Thumb Code    68  stm32f10x_flash.o(.text)
    FLASH_WaitForLastBank1Operation          0x08007ac1   Thumb Code    38  stm32f10x_flash.o(.text)
    FLASH_EraseAllBank1Pages                 0x08007ae7   Thumb Code    68  stm32f10x_flash.o(.text)
    FLASH_GetReadOutProtectionStatus         0x08007b2b   Thumb Code    20  stm32f10x_flash.o(.text)
    FLASH_EraseOptionBytes                   0x08007b3f   Thumb Code   150  stm32f10x_flash.o(.text)
    FLASH_ProgramWord                        0x08007bd5   Thumb Code   102  stm32f10x_flash.o(.text)
    FLASH_ProgramHalfWord                    0x08007c3b   Thumb Code    60  stm32f10x_flash.o(.text)
    FLASH_ProgramOptionByteData              0x08007c77   Thumb Code    72  stm32f10x_flash.o(.text)
    FLASH_EnableWriteProtection              0x08007cbf   Thumb Code   200  stm32f10x_flash.o(.text)
    FLASH_ReadOutProtection                  0x08007d87   Thumb Code   156  stm32f10x_flash.o(.text)
    FLASH_UserOptionByteConfig               0x08007e23   Thumb Code    88  stm32f10x_flash.o(.text)
    FLASH_GetUserOptionByte                  0x08007e7b   Thumb Code     8  stm32f10x_flash.o(.text)
    FLASH_GetWriteProtectionOptionByte       0x08007e83   Thumb Code     6  stm32f10x_flash.o(.text)
    FLASH_GetPrefetchBufferStatus            0x08007e89   Thumb Code    20  stm32f10x_flash.o(.text)
    FLASH_ITConfig                           0x08007e9d   Thumb Code    26  stm32f10x_flash.o(.text)
    FLASH_GetFlagStatus                      0x08007eb7   Thumb Code    42  stm32f10x_flash.o(.text)
    FLASH_ClearFlag                          0x08007ee1   Thumb Code     6  stm32f10x_flash.o(.text)
    FLASH_GetStatus                          0x08007ee7   Thumb Code    48  stm32f10x_flash.o(.text)
    __use_no_semihosting                     0x08007f29   Thumb Code     2  use_no_semi_2.o(.text)
    __aeabi_llsl                             0x08007f2b   Thumb Code     0  llshl.o(.text)
    _ll_shift_l                              0x08007f2b   Thumb Code    38  llshl.o(.text)
    __aeabi_llsr                             0x08007f51   Thumb Code     0  llushr.o(.text)
    _ll_ushift_r                             0x08007f51   Thumb Code    38  llushr.o(.text)
    __2printf                                0x08007f79   Thumb Code    20  noretval__2printf.o(.text)
    __printf                                 0x08007f91   Thumb Code   104  __printf.o(.text)
    _printf_int_dec                          0x08007ff9   Thumb Code   104  _printf_dec.o(.text)
    __aeabi_assert                           0x08008071   Thumb Code    86  assert.o(.text)
    __assert                                 0x08008071   Thumb Code     0  assert.o(.text)
    __aeabi_memcpy                           0x080080f1   Thumb Code     0  rt_memcpy_v6.o(.text)
    __rt_memcpy                              0x080080f1   Thumb Code   138  rt_memcpy_v6.o(.text)
    _memcpy_lastbytes                        0x08008157   Thumb Code     0  rt_memcpy_v6.o(.text)
    __aeabi_memcpy4                          0x0800817b   Thumb Code     0  rt_memcpy_w.o(.text)
    __aeabi_memcpy8                          0x0800817b   Thumb Code     0  rt_memcpy_w.o(.text)
    __rt_memcpy_w                            0x0800817b   Thumb Code   100  rt_memcpy_w.o(.text)
    _memcpy_lastbytes_aligned                0x080081c3   Thumb Code     0  rt_memcpy_w.o(.text)
    __aeabi_memclr                           0x080081df   Thumb Code     0  rt_memclr.o(.text)
    __rt_memclr                              0x080081df   Thumb Code    68  rt_memclr.o(.text)
    _memset                                  0x080081e3   Thumb Code     0  rt_memclr.o(.text)
    __aeabi_memclr4                          0x08008223   Thumb Code     0  rt_memclr_w.o(.text)
    __aeabi_memclr8                          0x08008223   Thumb Code     0  rt_memclr_w.o(.text)
    __rt_memclr_w                            0x08008223   Thumb Code    78  rt_memclr_w.o(.text)
    _memset_w                                0x08008227   Thumb Code     0  rt_memclr_w.o(.text)
    __use_two_region_memory                  0x08008271   Thumb Code     2  heapauxi.o(.text)
    __rt_heap_escrow$2region                 0x08008273   Thumb Code     2  heapauxi.o(.text)
    __rt_heap_expand$2region                 0x08008275   Thumb Code     2  heapauxi.o(.text)
    __I$use$semihosting                      0x08008277   Thumb Code     0  use_no_semi.o(.text)
    __use_no_semihosting_swi                 0x08008277   Thumb Code     2  use_no_semi.o(.text)
    _printf_int_common                       0x08008279   Thumb Code   178  _printf_intcommon.o(.text)
    _printf_char_file                        0x0800832d   Thumb Code    32  _printf_char_file.o(.text)
    abort                                    0x08008351   Thumb Code    22  abort.o(.text)
    __assert_puts                            0x08008367   Thumb Code    20  assert_puts.o(.text)
    _printf_char_common                      0x08008387   Thumb Code    32  _printf_char_common.o(.text)
    ferror                                   0x080083ad   Thumb Code     8  ferror.o(.text)
    __rt_SIGABRT                             0x080083b5   Thumb Code    14  defsig_abrt_outer.o(.text)
    __user_setup_stackheap                   0x080083c3   Thumb Code    74  sys_stackheap_outer.o(.text)
    exit                                     0x0800840d   Thumb Code    18  exit.o(.text)
    __sig_exit                               0x0800841f   Thumb Code    10  defsig_exit.o(.text)
    __rt_SIGABRT_inner                       0x08008429   Thumb Code    14  defsig_abrt_inner.o(.text)
    __user_libspace                          0x08008459   Thumb Code     8  libspace.o(.text)
    __user_perproc_libspace                  0x08008459   Thumb Code     0  libspace.o(.text)
    __user_perthread_libspace                0x08008459   Thumb Code     0  libspace.o(.text)
    __default_signal_display                 0x08008461   Thumb Code    50  defsig_general.o(.text)
    __fpl_fcmp_Inf                           0x08008493   Thumb Code    24  fcmpi.o(x$fpl$fcmpinf)
    __aeabi_cfcmple                          0x080084ad   Thumb Code     0  fleqf.o(x$fpl$fleqf)
    _fcmple                                  0x080084ad   Thumb Code   104  fleqf.o(x$fpl$fleqf)
    __fpl_fcmple_InfNaN                      0x080084ff   Thumb Code     0  fleqf.o(x$fpl$fleqf)
    __aeabi_fmul                             0x08008515   Thumb Code     0  fmul.o(x$fpl$fmul)
    _fmul                                    0x08008515   Thumb Code   258  fmul.o(x$fpl$fmul)
    __fpl_fnaninf                            0x08008617   Thumb Code   140  fnaninf.o(x$fpl$fnaninf)
    __fpl_fretinf                            0x080086a3   Thumb Code    10  fretinf.o(x$fpl$fretinf)
    __aeabi_cfrcmple                         0x080086ad   Thumb Code     0  frleqf.o(x$fpl$frleqf)
    _frcmple                                 0x080086ad   Thumb Code    98  frleqf.o(x$fpl$frleqf)
    ThisVersion                              0x0800870e   Data          38  can.o(.constdata)
    __I$use$fp                               0x0800870e   Number         0  usenofp.o(x$fpl$usenofp)
    table_week                               0x08008734   Data          12  rtc.o(.constdata)
    mon_table                                0x08008740   Data          12  rtc.o(.constdata)
    Region$$Table$$Base                      0x080087b8   Number         0  anon$$obj.o(Region$$Table)
    Region$$Table$$Limit                     0x080087d8   Number         0  anon$$obj.o(Region$$Table)
    tp                                       0x20000002   Data           2  main.o(.data)
    SystemCoreClock                          0x20000004   Data           4  system_stm32f10x.o(.data)
    AHBPrescTable                            0x20000008   Data          16  system_stm32f10x.o(.data)
    VIN_EN                                   0x20000018   Data           1  appprocess.o(.data)
    lED_DutyCycle                            0x2000001a   Data           2  led.o(.data)
    AutoReturnDataFlag                       0x20000020   Data           1  can.o(.data)
    CAN_RX_LEN                               0x20000022   Data           2  can.o(.data)
    RX_FLAG                                  0x20000024   Data           1  can.o(.data)
    flash_hex_baseaddr                       0x20000028   Data           4  can.o(.data)
    transfer_id                              0x2000002c   Data           1  can.o(.data)
    __stdout                                 0x20000030   Data           4  usart.o(.data)
    USART_RX_STA                             0x20000034   Data           2  usart.o(.data)
    gGlobal                                  0x2000004c   Data        1520  appprocess.o(.bss)
    CAN_rx_buf                               0x20000640   Data         150  can.o(.bss)
    CAN_tx_buf                               0x200006d6   Data         150  can.o(.bss)
    IAP_BUFFER                               0x2000076c   Data          40  can.o(.bss)
    canard                                   0x20000794   Data          36  can.o(.bss)
    canard_memory_pool                       0x200007b8   Data        1024  can.o(.bss)
    RxMessage                                0x20000bd8   Data          20  can.o(.bss)
    aDC_Value                                0x20000bec   Data          16  adc.o(.bss)
    calendar                                 0x20000bfc   Data          10  rtc.o(.bss)
    uSART1_REG                               0x20000c06   Data         188  usart.o(.bss)
    uSART2_REG                               0x20000cc2   Data         188  usart.o(.bss)
    USART_RX_BUF                             0x20000d7e   Data         200  usart.o(.bss)
    __libspace_start                         0x20000e48   Data          96  libspace.o(.bss)
    __temporary_stack_top$libspace           0x20000ea8   Data           0  libspace.o(.bss)



==============================================================================

Memory Map of the image

  Image Entry point : 0x08000131

  Load Region LR_IROM1 (Base: 0x08000000, Size: 0x00008824, Max: 0x00040000, ABSOLUTE)

    Execution Region ER_IROM1 (Base: 0x08000000, Size: 0x000087d8, Max: 0x00040000, ABSOLUTE)

    Base Addr    Size         Type   Attr      Idx    E Section Name        Object

    0x08000000   0x00000130   Data   RO          494    RESET               startup_stm32f10x_hd.o
    0x08000130   0x00000008   Code   RO          719  * !!!main             c_w.l(__main.o)
    0x08000138   0x00000034   Code   RO          906    !!!scatter          c_w.l(__scatter.o)
    0x0800016c   0x0000001a   Code   RO          908    !!handler_copy      c_w.l(__scatter_copy.o)
    0x08000186   0x00000002   PAD
    0x08000188   0x0000001c   Code   RO          910    !!handler_zi        c_w.l(__scatter_zi.o)
    0x080001a4   0x00000000   Code   RO          706    .ARM.Collect$$_printf_percent$$00000000  c_w.l(_printf_percent.o)
    0x080001a4   0x00000006   Code   RO          705    .ARM.Collect$$_printf_percent$$00000009  c_w.l(_printf_d.o)
    0x080001aa   0x00000004   Code   RO          732    .ARM.Collect$$_printf_percent$$00000017  c_w.l(_printf_percent_end.o)
    0x080001ae   0x00000002   Code   RO          788    .ARM.Collect$$libinit$$00000000  c_w.l(libinit.o)
    0x080001b0   0x00000000   Code   RO          799    .ARM.Collect$$libinit$$00000002  c_w.l(libinit2.o)
    0x080001b0   0x00000000   Code   RO          801    .ARM.Collect$$libinit$$00000004  c_w.l(libinit2.o)
    0x080001b0   0x00000000   Code   RO          804    .ARM.Collect$$libinit$$0000000A  c_w.l(libinit2.o)
    0x080001b0   0x00000000   Code   RO          806    .ARM.Collect$$libinit$$0000000C  c_w.l(libinit2.o)
    0x080001b0   0x00000000   Code   RO          808    .ARM.Collect$$libinit$$0000000E  c_w.l(libinit2.o)
    0x080001b0   0x00000000   Code   RO          811    .ARM.Collect$$libinit$$00000011  c_w.l(libinit2.o)
    0x080001b0   0x00000000   Code   RO          813    .ARM.Collect$$libinit$$00000013  c_w.l(libinit2.o)
    0x080001b0   0x00000000   Code   RO          815    .ARM.Collect$$libinit$$00000015  c_w.l(libinit2.o)
    0x080001b0   0x00000000   Code   RO          817    .ARM.Collect$$libinit$$00000017  c_w.l(libinit2.o)
    0x080001b0   0x00000000   Code   RO          819    .ARM.Collect$$libinit$$00000019  c_w.l(libinit2.o)
    0x080001b0   0x00000000   Code   RO          821    .ARM.Collect$$libinit$$0000001B  c_w.l(libinit2.o)
    0x080001b0   0x00000000   Code   RO          823    .ARM.Collect$$libinit$$0000001D  c_w.l(libinit2.o)
    0x080001b0   0x00000000   Code   RO          825    .ARM.Collect$$libinit$$0000001F  c_w.l(libinit2.o)
    0x080001b0   0x00000000   Code   RO          827    .ARM.Collect$$libinit$$00000021  c_w.l(libinit2.o)
    0x080001b0   0x00000000   Code   RO          829    .ARM.Collect$$libinit$$00000023  c_w.l(libinit2.o)
    0x080001b0   0x00000000   Code   RO          831    .ARM.Collect$$libinit$$00000025  c_w.l(libinit2.o)
    0x080001b0   0x00000000   Code   RO          835    .ARM.Collect$$libinit$$0000002C  c_w.l(libinit2.o)
    0x080001b0   0x00000000   Code   RO          837    .ARM.Collect$$libinit$$0000002E  c_w.l(libinit2.o)
    0x080001b0   0x00000000   Code   RO          839    .ARM.Collect$$libinit$$00000030  c_w.l(libinit2.o)
    0x080001b0   0x00000000   Code   RO          841    .ARM.Collect$$libinit$$00000032  c_w.l(libinit2.o)
    0x080001b0   0x00000002   Code   RO          842    .ARM.Collect$$libinit$$00000033  c_w.l(libinit2.o)
    0x080001b2   0x00000002   Code   RO          878    .ARM.Collect$$libshutdown$$00000000  c_w.l(libshutdown.o)
    0x080001b4   0x00000000   Code   RO          888    .ARM.Collect$$libshutdown$$00000002  c_w.l(libshutdown2.o)
    0x080001b4   0x00000000   Code   RO          890    .ARM.Collect$$libshutdown$$00000004  c_w.l(libshutdown2.o)
    0x080001b4   0x00000000   Code   RO          893    .ARM.Collect$$libshutdown$$00000007  c_w.l(libshutdown2.o)
    0x080001b4   0x00000000   Code   RO          896    .ARM.Collect$$libshutdown$$0000000A  c_w.l(libshutdown2.o)
    0x080001b4   0x00000000   Code   RO          898    .ARM.Collect$$libshutdown$$0000000C  c_w.l(libshutdown2.o)
    0x080001b4   0x00000000   Code   RO          901    .ARM.Collect$$libshutdown$$0000000F  c_w.l(libshutdown2.o)
    0x080001b4   0x00000002   Code   RO          902    .ARM.Collect$$libshutdown$$00000010  c_w.l(libshutdown2.o)
    0x080001b6   0x00000000   Code   RO          727    .ARM.Collect$$rtentry$$00000000  c_w.l(__rtentry.o)
    0x080001b6   0x00000000   Code   RO          745    .ARM.Collect$$rtentry$$00000002  c_w.l(__rtentry2.o)
    0x080001b6   0x00000006   Code   RO          757    .ARM.Collect$$rtentry$$00000004  c_w.l(__rtentry4.o)
    0x080001bc   0x00000000   Code   RO          747    .ARM.Collect$$rtentry$$00000009  c_w.l(__rtentry2.o)
    0x080001bc   0x00000004   Code   RO          748    .ARM.Collect$$rtentry$$0000000A  c_w.l(__rtentry2.o)
    0x080001c0   0x00000000   Code   RO          750    .ARM.Collect$$rtentry$$0000000C  c_w.l(__rtentry2.o)
    0x080001c0   0x00000008   Code   RO          751    .ARM.Collect$$rtentry$$0000000D  c_w.l(__rtentry2.o)
    0x080001c8   0x00000002   Code   RO          792    .ARM.Collect$$rtexit$$00000000  c_w.l(rtexit.o)
    0x080001ca   0x00000000   Code   RO          844    .ARM.Collect$$rtexit$$00000002  c_w.l(rtexit2.o)
    0x080001ca   0x00000004   Code   RO          845    .ARM.Collect$$rtexit$$00000003  c_w.l(rtexit2.o)
    0x080001ce   0x00000006   Code   RO          846    .ARM.Collect$$rtexit$$00000004  c_w.l(rtexit2.o)
    0x080001d4   0x00000128   Code   RO            1    .text               main.o
    0x080002fc   0x0000003c   Code   RO          169    .text               stm32f10x_it.o
    0x08000338   0x000001e0   Code   RO          222    .text               system_stm32f10x.o
    0x08000518   0x00001024   Code   RO          240    .text               appprocess.o
    0x0800153c   0x000004c0   Code   RO          266    .text               led.o
    0x080019fc   0x00000298   Code   RO          288    .text               key.o
    0x08001c94   0x00000ad8   Code   RO          301    .text               can.o
    0x0800276c   0x000000e8   Code   RO          335    .text               wdg.o
    0x08002854   0x00000224   Code   RO          347    .text               adc.o
    0x08002a78   0x00000444   Code   RO          380    .text               rtc.o
    0x08002ebc   0x000017b0   Code   RO          400    .text               canard.o
    0x0800466c   0x00000228   Code   RO          443    .text               usart.o
    0x08004894   0x00000210   Code   RO          470    .text               timerapp.o
    0x08004aa4   0x00000040   Code   RO          495    .text               startup_stm32f10x_hd.o
    0x08004ae4   0x000000dc   Code   RO          499    .text               misc.o
    0x08004bc0   0x0000035c   Code   RO          523    .text               stm32f10x_gpio.o
    0x08004f1c   0x000003a4   Code   RO          535    .text               stm32f10x_rcc.o
    0x080052c0   0x000009f0   Code   RO          549    .text               stm32f10x_can.o
    0x08005cb0   0x00000408   Code   RO          561    .text               stm32f10x_usart.o
    0x080060b8   0x00000e1a   Code   RO          573    .text               stm32f10x_tim.o
    0x08006ed2   0x00000002   PAD
    0x08006ed4   0x0000044e   Code   RO          585    .text               stm32f10x_adc.o
    0x08007322   0x00000002   PAD
    0x08007324   0x00000254   Code   RO          597    .text               stm32f10x_dma.o
    0x08007578   0x0000011c   Code   RO          609    .text               stm32f10x_exti.o
    0x08007694   0x00000148   Code   RO          621    .text               stm32f10x_rtc.o
    0x080077dc   0x000000c4   Code   RO          633    .text               stm32f10x_bkp.o
    0x080078a0   0x000000cc   Code   RO          645    .text               stm32f10x_pwr.o
    0x0800796c   0x000005bc   Code   RO          657    .text               stm32f10x_flash.o
    0x08007f28   0x00000002   Code   RO          671    .text               c_w.l(use_no_semi_2.o)
    0x08007f2a   0x00000026   Code   RO          673    .text               c_w.l(llshl.o)
    0x08007f50   0x00000026   Code   RO          675    .text               c_w.l(llushr.o)
    0x08007f76   0x00000002   PAD
    0x08007f78   0x00000018   Code   RO          679    .text               c_w.l(noretval__2printf.o)
    0x08007f90   0x00000068   Code   RO          681    .text               c_w.l(__printf.o)
    0x08007ff8   0x00000078   Code   RO          683    .text               c_w.l(_printf_dec.o)
    0x08008070   0x00000080   Code   RO          707    .text               c_w.l(assert.o)
    0x080080f0   0x0000008a   Code   RO          709    .text               c_w.l(rt_memcpy_v6.o)
    0x0800817a   0x00000064   Code   RO          711    .text               c_w.l(rt_memcpy_w.o)
    0x080081de   0x00000044   Code   RO          713    .text               c_w.l(rt_memclr.o)
    0x08008222   0x0000004e   Code   RO          715    .text               c_w.l(rt_memclr_w.o)
    0x08008270   0x00000006   Code   RO          717    .text               c_w.l(heapauxi.o)
    0x08008276   0x00000002   Code   RO          725    .text               c_w.l(use_no_semi.o)
    0x08008278   0x000000b2   Code   RO          728    .text               c_w.l(_printf_intcommon.o)
    0x0800832a   0x00000002   PAD
    0x0800832c   0x00000024   Code   RO          730    .text               c_w.l(_printf_char_file.o)
    0x08008350   0x00000016   Code   RO          733    .text               c_w.l(abort.o)
    0x08008366   0x00000014   Code   RO          735    .text               c_w.l(assert_puts.o)
    0x0800837a   0x00000002   PAD
    0x0800837c   0x00000030   Code   RO          759    .text               c_w.l(_printf_char_common.o)
    0x080083ac   0x00000008   Code   RO          761    .text               c_w.l(ferror.o)
    0x080083b4   0x0000000e   Code   RO          765    .text               c_w.l(defsig_abrt_outer.o)
    0x080083c2   0x0000004a   Code   RO          771    .text               c_w.l(sys_stackheap_outer.o)
    0x0800840c   0x00000012   Code   RO          777    .text               c_w.l(exit.o)
    0x0800841e   0x0000000a   Code   RO          779    .text               c_w.l(defsig_exit.o)
    0x08008428   0x00000030   Code   RO          781    .text               c_w.l(defsig_abrt_inner.o)
    0x08008458   0x00000008   Code   RO          789    .text               c_w.l(libspace.o)
    0x08008460   0x00000032   Code   RO          796    .text               c_w.l(defsig_general.o)
    0x08008492   0x00000018   Code   RO          769    x$fpl$fcmpinf       fz_ws.l(fcmpi.o)
    0x080084aa   0x00000002   PAD
    0x080084ac   0x00000068   Code   RO          737    x$fpl$fleqf         fz_ws.l(fleqf.o)
    0x08008514   0x00000102   Code   RO          721    x$fpl$fmul          fz_ws.l(fmul.o)
    0x08008616   0x0000008c   Code   RO          739    x$fpl$fnaninf       fz_ws.l(fnaninf.o)
    0x080086a2   0x0000000a   Code   RO          741    x$fpl$fretinf       fz_ws.l(fretinf.o)
    0x080086ac   0x00000062   Code   RO          723    x$fpl$frleqf        fz_ws.l(frleqf.o)
    0x0800870e   0x00000000   Code   RO          743    x$fpl$usenofp       fz_ws.l(usenofp.o)
    0x0800870e   0x00000026   Data   RO          303    .constdata          can.o
    0x08008734   0x00000018   Data   RO          382    .constdata          rtc.o
    0x0800874c   0x00000014   Data   RO          401    .constdata          canard.o
    0x08008760   0x00000056   Data   RO          402    .conststring        canard.o
    0x080087b6   0x00000002   PAD
    0x080087b8   0x00000020   Data   RO          904    Region$$Table       anon$$obj.o


    Execution Region RW_IRAM1 (Base: 0x20000000, Size: 0x000014a8, Max: 0x0000c000, ABSOLUTE)

    Base Addr    Size         Type   Attr      Idx    E Section Name        Object

    0x20000000   0x00000004   Data   RW            2    .data               main.o
    0x20000004   0x00000014   Data   RW          223    .data               system_stm32f10x.o
    0x20000018   0x00000001   Data   RW          242    .data               appprocess.o
    0x20000019   0x00000001   PAD
    0x2000001a   0x00000003   Data   RW          267    .data               led.o
    0x2000001d   0x00000001   Data   RW          289    .data               key.o
    0x2000001e   0x00000002   PAD
    0x20000020   0x0000000d   Data   RW          304    .data               can.o
    0x2000002d   0x00000001   PAD
    0x2000002e   0x00000002   Data   RW          383    .data               rtc.o
    0x20000030   0x00000006   Data   RW          445    .data               usart.o
    0x20000036   0x00000014   Data   RW          536    .data               stm32f10x_rcc.o
    0x2000004a   0x00000002   PAD
    0x2000004c   0x000005f0   Zero   RW          241    .bss                appprocess.o
    0x2000063c   0x00000004   PAD
    0x20000640   0x000005ac   Zero   RW          302    .bss                can.o
    0x20000bec   0x00000010   Zero   RW          348    .bss                adc.o
    0x20000bfc   0x0000000a   Zero   RW          381    .bss                rtc.o
    0x20000c06   0x00000240   Zero   RW          444    .bss                usart.o
    0x20000e46   0x00000002   PAD
    0x20000e48   0x00000060   Zero   RW          790    .bss                c_w.l(libspace.o)
    0x20000ea8   0x00000200   Zero   RW          493    HEAP                startup_stm32f10x_hd.o
    0x200010a8   0x00000400   Zero   RW          492    STACK               startup_stm32f10x_hd.o


==============================================================================

Image component sizes


      Code (inc. data)   RO Data    RW Data    ZI Data      Debug   Object Name

       548         24          0          0         16       1967   adc.o
      4132         98          0          1       1520      14923   appprocess.o
      2776        250         38         13       1452       8989   can.o
      6064        762        106          0          0      26102   canard.o
       664         24          0          1          0       2304   key.o
      1216         52          0          3          0       2977   led.o
       296         22          0          4          0     314519   main.o
       220         22          0          0          0       1825   misc.o
      1092         60         24          2         10       4294   rtc.o
        64         26        304          0       1536        816   startup_stm32f10x_hd.o
      1102         26          0          0          0      11065   stm32f10x_adc.o
       196          8          0          0          0       3524   stm32f10x_bkp.o
      2544         38          0          0          0       8052   stm32f10x_can.o
       596          8          0          0          0       4390   stm32f10x_dma.o
       284         10          0          0          0       2279   stm32f10x_exti.o
      1468         34          0          0          0       8234   stm32f10x_flash.o
       860         38          0          0          0       5757   stm32f10x_gpio.o
        60          4          0          0          0     204350   stm32f10x_it.o
       204         14          0          0          0       1967   stm32f10x_pwr.o
       932         36          0         20          0       8948   stm32f10x_rcc.o
       328          4          0          0          0       2738   stm32f10x_rtc.o
      3610         88          0          0          0      22864   stm32f10x_tim.o
      1032         22          0          0          0       8484   stm32f10x_usart.o
         0          0          0          0          0         32   sys.o
       480         38          0         20          0       1779   system_stm32f10x.o
       528         20          0          0          0       1599   timerapp.o
       552         26          0          6        576      11038   usart.o
       232         14          0          0          0        883   wdg.o

    ----------------------------------------------------------------------
     32084       1768        506         76       5116     686699   Object Totals
         0          0         32          0          0          0   (incl. Generated)
         4          0          2          6          6          0   (incl. Padding)

    ----------------------------------------------------------------------

      Code (inc. data)   RO Data    RW Data    ZI Data      Debug   Library Member Name

         8          0          0          0          0         68   __main.o
       104          0          0          0          0         84   __printf.o
         0          0          0          0          0          0   __rtentry.o
        12          0          0          0          0          0   __rtentry2.o
         6          0          0          0          0          0   __rtentry4.o
        52          8          0          0          0          0   __scatter.o
        26          0          0          0          0          0   __scatter_copy.o
        28          0          0          0          0          0   __scatter_zi.o
        48          6          0          0          0         96   _printf_char_common.o
        36          4          0          0          0         80   _printf_char_file.o
         6          0          0          0          0          0   _printf_d.o
       120         16          0          0          0         92   _printf_dec.o
       178          0          0          0          0         88   _printf_intcommon.o
         0          0          0          0          0          0   _printf_percent.o
         4          0          0          0          0          0   _printf_percent_end.o
        22          0          0          0          0         80   abort.o
       128         42          0          0          0         76   assert.o
        20          0          0          0          0         76   assert_puts.o
        48         34          0          0          0         76   defsig_abrt_inner.o
        14          0          0          0          0         80   defsig_abrt_outer.o
        10          0          0          0          0         68   defsig_exit.o
        50          0          0          0          0         88   defsig_general.o
        18          0          0          0          0         80   exit.o
         8          0          0          0          0         68   ferror.o
         6          0          0          0          0        152   heapauxi.o
         2          0          0          0          0          0   libinit.o
         2          0          0          0          0          0   libinit2.o
         2          0          0          0          0          0   libshutdown.o
         2          0          0          0          0          0   libshutdown2.o
         8          4          0          0         96         68   libspace.o
        38          0          0          0          0         68   llshl.o
        38          0          0          0          0         68   llushr.o
        24          4          0          0          0         84   noretval__2printf.o
        68          0          0          0          0         68   rt_memclr.o
        78          0          0          0          0         80   rt_memclr_w.o
       138          0          0          0          0         68   rt_memcpy_v6.o
       100          0          0          0          0         80   rt_memcpy_w.o
         2          0          0          0          0          0   rtexit.o
        10          0          0          0          0          0   rtexit2.o
        74          0          0          0          0         80   sys_stackheap_outer.o
         2          0          0          0          0         68   use_no_semi.o
         2          0          0          0          0         68   use_no_semi_2.o
        24          0          0          0          0         68   fcmpi.o
       104          4          0          0          0         84   fleqf.o
       258          4          0          0          0         84   fmul.o
       140          4          0          0          0         84   fnaninf.o
        10          0          0          0          0         68   fretinf.o
        98          0          0          0          0         68   frleqf.o
         0          0          0          0          0          0   usenofp.o

    ----------------------------------------------------------------------
      2186        130          0          0         96       2608   Library Totals
        10          0          0          0          0          0   (incl. Padding)

    ----------------------------------------------------------------------

      Code (inc. data)   RO Data    RW Data    ZI Data      Debug   Library Name

      1542        118          0          0         96       2152   c_w.l
       634         12          0          0          0        456   fz_ws.l

    ----------------------------------------------------------------------
      2186        130          0          0         96       2608   Library Totals

    ----------------------------------------------------------------------

==============================================================================


      Code (inc. data)   RO Data    RW Data    ZI Data      Debug   

     34270       1898        506         76       5212     684727   Grand Totals
     34270       1898        506         76       5212     684727   ELF Image Totals
     34270       1898        506         76          0          0   ROM Totals

==============================================================================

    Total RO  Size (Code + RO Data)                34776 (  33.96kB)
    Total RW  Size (RW Data + ZI Data)              5288 (   5.16kB)
    Total ROM Size (Code + RO Data + RW Data)      34852 (  34.04kB)

==============================================================================

