Component: ARM Compiler 5.06 update 4 (build 422) Tool: armlink [4d35d2]

==============================================================================

Section Cross References

    main.o(.text) refers to _printf_percent.o(.ARM.Collect$$_printf_percent$$00000000) for _printf_percent
    main.o(.text) refers to _printf_f.o(.ARM.Collect$$_printf_percent$$00000003) for _printf_f
    main.o(.text) refers to printf1.o(x$fpl$printf1) for _printf_fp_dec
    main.o(.text) refers to stm32f10x_rcc.o(.text) for RCC_APB2PeriphClockCmd
    main.o(.text) refers to stm32f10x_gpio.o(.text) for GPIO_Init
    main.o(.text) refers to misc.o(.text) for NVIC_PriorityGroupConfig
    main.o(.text) refers to timerapp.o(.text) for TIM_DELAY_INIT
    main.o(.text) refers to usart.o(.text) for uart_init
    main.o(.text) refers to ocpsampling.o(.text) for VoltSampling_Init
    main.o(.text) refers to led.o(.text) for LED_Init
    main.o(.text) refers to exdcmotor.o(.text) for Locker_Switching_Init
    main.o(.text) refers to ds18.o(.text) for DS18B20_Init
    main.o(.text) refers to noretval__2printf.o(.text) for __2printf
    main.o(.text) refers to stm32f10x_tim.o(.text) for TIM_Cmd
    main.o(.text) refers to can.o(.text) for CAN_Configuration
    main.o(.text) refers to stm32f10x_dma.o(.text) for DMA_Cmd
    main.o(.text) refers to stm32f10x_adc.o(.text) for ADC_Cmd
    main.o(.text) refers to fflt_clz.o(x$fpl$fflt) for __aeabi_i2f
    main.o(.text) refers to fdiv.o(x$fpl$fdiv) for __aeabi_fdiv
    main.o(.text) refers to f2d.o(x$fpl$f2d) for __aeabi_f2d
    main.o(.text) refers to stm32f10x_exti.o(.text) for EXTI_GetFlagStatus
    main.o(.text) refers to system_stm32f10x.o(.data) for SystemCoreClock
    main.o(.text) refers to main.o(.data) for param_temp
    main.o(.text) refers to main.o(.bss) for gGlobal
    stm32f10x_it.o(.text) refers to main.o(.bss) for gGlobal
    can.o(.text) refers to _printf_percent.o(.ARM.Collect$$_printf_percent$$00000000) for _printf_percent
    can.o(.text) refers to _printf_d.o(.ARM.Collect$$_printf_percent$$00000009) for _printf_d
    can.o(.text) refers to _printf_dec.o(.text) for _printf_int_dec
    can.o(.text) refers to rt_memcpy_v6.o(.text) for __aeabi_memcpy
    can.o(.text) refers to rt_memcpy_w.o(.text) for __aeabi_memcpy4
    can.o(.text) refers to stm32f10x_rcc.o(.text) for RCC_APB1PeriphClockCmd
    can.o(.text) refers to stm32f10x_gpio.o(.text) for GPIO_Init
    can.o(.text) refers to stm32f10x_can.o(.text) for CAN_DeInit
    can.o(.text) refers to misc.o(.text) for NVIC_Init
    can.o(.text) refers to canard.o(.text) for canardInit
    can.o(.text) refers to stm32f10x_tim.o(.text) for TIM_ITConfig
    can.o(.text) refers to can.o(.data) for RX_FLAG
    can.o(.text) refers to can.o(.bss) for CAN_rx_buf
    can.o(.text) refers to main.o(.bss) for gGlobal
    can.o(.text) refers to rt_memclr.o(.text) for __aeabi_memclr
    can.o(.text) refers to noretval__2printf.o(.text) for __2printf
    can.o(.text) refers to can.o(.conststring) for .conststring
    can.o(.text) refers to exdcmotor.o(.text) for DoorEnable_Config
    can.o(.text) refers to ocpsampling.o(.text) for LockerChannelEnable
    can.o(.text) refers to stm32f10x_flash.o(.text) for FLASH_Unlock
    canard.o(.text) refers to assert.o(.text) for __aeabi_assert
    canard.o(.text) refers to rt_memclr_w.o(.text) for __aeabi_memclr4
    canard.o(.text) refers to rt_memcpy_v6.o(.text) for __aeabi_memcpy
    canard.o(.text) refers to llushr.o(.text) for __aeabi_llsr
    canard.o(.text) refers to rt_memcpy_w.o(.text) for __aeabi_memcpy4
    canard.o(.text) refers to canard.o(.conststring) for .conststring
    canard.o(.text) refers to llshl.o(.text) for __aeabi_llsl
    canard.o(.text) refers to fmul.o(x$fpl$fmul) for __aeabi_fmul
    canard.o(.text) refers to frleqf.o(x$fpl$frleqf) for __aeabi_cfrcmple
    canard.o(.text) refers to canard.o(.constdata) for .constdata
    ocpsampling.o(.text) refers to stm32f10x_rcc.o(.text) for RCC_AHBPeriphClockCmd
    ocpsampling.o(.text) refers to stm32f10x_dma.o(.text) for DMA_DeInit
    ocpsampling.o(.text) refers to misc.o(.text) for NVIC_Init
    ocpsampling.o(.text) refers to stm32f10x_tim.o(.text) for TIM_TimeBaseInit
    ocpsampling.o(.text) refers to stm32f10x_gpio.o(.text) for GPIO_Init
    ocpsampling.o(.text) refers to stm32f10x_adc.o(.text) for ADC_DeInit
    ocpsampling.o(.text) refers to stm32f10x_exti.o(.text) for EXTI_Init
    ocpsampling.o(.text) refers to main.o(.bss) for gGlobal
    ocpsampling.o(.text) refers to system_stm32f10x.o(.data) for SystemCoreClock
    ocpsampling.o(.text) refers to dflt_clz.o(x$fpl$dflt) for __aeabi_i2d
    ocpsampling.o(.text) refers to dmul.o(x$fpl$dmul) for __aeabi_dmul
    ocpsampling.o(.text) refers to dfixu.o(x$fpl$dfixu) for __aeabi_d2uiz
    ocpsampling.o(.text) refers to ddiv.o(x$fpl$ddiv) for __aeabi_ddiv
    ocpsampling.o(.text) refers to noretval__2printf.o(.text) for __2printf
    ds18.o(.text) refers to timerapp.o(.text) for dELAY_us
[...]
    x$fpl$frleqf                             0x0800b5d4   Section       98  frleqf.o(x$fpl$frleqf)
    x$fpl$printf1                            0x0800b636   Section        4  printf1.o(x$fpl$printf1)
    x$fpl$usenofp                            0x0800b63a   Section        0  usenofp.o(x$fpl$usenofp)
    .constdata                               0x0800b63c   Section       20  canard.o(.constdata)
    .constdata                               0x0800b650   Section       40  _printf_hex_int.o(.constdata)
    uc_hextab                                0x0800b650   Data          20  _printf_hex_int.o(.constdata)
    lc_hextab                                0x0800b664   Data          20  _printf_hex_int.o(.constdata)
    .constdata                               0x0800b678   Section      148  bigflt0.o(.constdata)
    tenpwrs_x                                0x0800b678   Data          60  bigflt0.o(.constdata)
    tenpwrs_i                                0x0800b6b4   Data          64  bigflt0.o(.constdata)
    .conststring                             0x0800b70c   Section      212  can.o(.conststring)
    .conststring                             0x0800b7e0   Section       86  canard.o(.conststring)
    .conststring                             0x0800b838   Section      461  exdcmotor.o(.conststring)
    locale$$data                             0x0800ba28   Section       28  lc_numeric_c.o(locale$$data)
    __lcnum_c_name                           0x0800ba2c   Data           2  lc_numeric_c.o(locale$$data)
    __lcnum_c_start                          0x0800ba34   Data           0  lc_numeric_c.o(locale$$data)
    __lcnum_c_point                          0x0800ba40   Data           0  lc_numeric_c.o(locale$$data)
    __lcnum_c_thousands                      0x0800ba42   Data           0  lc_numeric_c.o(locale$$data)
    __lcnum_c_grouping                       0x0800ba43   Data           0  lc_numeric_c.o(locale$$data)
    __lcnum_c_end                            0x0800ba44   Data           0  lc_numeric_c.o(locale$$data)
    .data                                    0x20000000   Section       20  main.o(.data)
    .data                                    0x20000014   Section       13  can.o(.data)
    .data                                    0x20000024   Section        4  usart.o(.data)
    .data                                    0x20000028   Section       20  stm32f10x_rcc.o(.data)
    APBAHBPrescTable                         0x20000028   Data          16  stm32f10x_rcc.o(.data)
    ADCPrescTable                            0x20000038   Data           4  stm32f10x_rcc.o(.data)
    .data                                    0x2000003c   Section       20  system_stm32f10x.o(.data)
    .bss                                     0x20000050   Section      240  main.o(.bss)
    .bss                                     0x20000140   Section     1252  can.o(.bss)
    RxTransfer                               0x200005f0   Data          32  can.o(.bss)
    .bss                                     0x20000624   Section       96  libspace.o(.bss)
    HEAP                                     0x20000688   Section      512  startup_stm32f10x_hd.o(HEAP)
    Heap_Mem                                 0x20000688   Data         512  startup_stm32f10x_hd.o(HEAP)
    STACK                                    0x20000888   Section    16384  startup_stm32f10x_hd.o(STACK)
    Stack_Mem                                0x20000888   Data       16384  startup_stm32f10x_hd.o(STACK)
    __initial_sp                             0x20004888   Data           0  startup_stm32f10x_hd.o(STACK)

    Global Symbols

    Symbol Name                              Value     Ov Type        Size  Object(Section)

    BuildAttributes$$THM_ISAv4$P$D$K$B$S$PE$A:L22UL41UL21$X:L11$S22US41US21$IEEE1$IW$USESV6$~STKCKD$USESV7$~SHL$OTIME$ROPI$IEEEJ$EBA8$UX$STANDARDLIB$REQ8$PRES8$EABIv2 0x00000000   Number         0  anon$$obj.o ABSOLUTE
    __ARM_use_no_argv                        0x00000000   Number         0  main.o ABSOLUTE
    _printf_flags                            0x00000000   Number         0  printf_stubs.o ABSOLUTE
    _printf_return_value                     0x00000000   Number         0  printf_stubs.o ABSOLUTE
    _printf_sizespec                         0x00000000   Number         0  printf_stubs.o ABSOLUTE
    _printf_widthprec                        0x00000000   Number         0  printf_stubs.o ABSOLUTE
    __ARM_exceptions_init                     - Undefined Weak Reference
    __alloca_initialize                       - Undefined Weak Reference
    __arm_preinit_                            - Undefined Weak Reference
    __cpp_initialize__aeabi_                  - Undefined Weak Reference
    __cxa_finalize                            - Undefined Weak Reference
    __sigvec_lookup                           - Undefined Weak Reference
    _atexit_init                              - Undefined Weak Reference
    _call_atexit_fns                          - Undefined Weak Reference
    _clock_init                               - Undefined Weak Reference
    _fp_trap_init                             - Undefined Weak Reference
    _fp_trap_shutdown                         - Undefined Weak Reference
    _get_lc_collate                           - Undefined Weak Reference
    _get_lc_ctype                             - Undefined Weak Reference
    _get_lc_monetary                          - Undefined Weak Reference
    _get_lc_time                              - Undefined Weak Reference
    _getenv_init                              - Undefined Weak Reference
    _handle_redirection                       - Undefined Weak Reference
    _init_alloc                               - Undefined Weak Reference
    _init_user_alloc                          - Undefined Weak Reference
    _initio                                   - Undefined Weak Reference
    _mutex_acquire                            - Undefined Weak Reference
    _mutex_release                            - Undefined Weak Reference
    _printf_post_padding                      - Undefined Weak Reference
    _printf_pre_padding                       - Undefined Weak Reference
    _printf_truncate_signed                   - Undefined Weak Reference
    _printf_truncate_unsigned                 - Undefined Weak Reference
    _rand_init                                - Undefined Weak Reference
    _signal_finish                            - Undefined Weak Reference
    _signal_init                              - Undefined Weak Reference
    _terminate_alloc                          - Undefined Weak Reference
    _terminate_user_alloc                     - Undefined Weak Reference
    _terminateio                              - Undefined Weak Reference
    __Vectors_Size                           0x00000130   Number         0  startup_stm32f10x_hd.o ABSOLUTE
    __Vectors                                0x08000000   Data           4  startup_stm32f10x_hd.o(RESET)
    __Vectors_End                            0x08000130   Data           0  startup_stm32f10x_hd.o(RESET)
    __main                                   0x08000131   Thumb Code     8  __main.o(!!!main)
    __scatterload                            0x08000139   Thumb Code     0  __scatter.o(!!!scatter)
    __scatterload_rt2                        0x08000139   Thumb Code    44  __scatter.o(!!!scatter)
    __scatterload_rt2_thumb_only             0x08000139   Thumb Code     0  __scatter.o(!!!scatter)
    __scatterload_null                       0x08000147   Thumb Code     0  __scatter.o(!!!scatter)
    __scatterload_copy                       0x0800016d   Thumb Code    26  __scatter_copy.o(!!handler_copy)
    __scatterload_zeroinit                   0x08000189   Thumb Code    28  __scatter_zi.o(!!handler_zi)
    _printf_f                                0x080001a5   Thumb Code     0  _printf_f.o(.ARM.Collect$$_printf_percent$$00000003)
    _printf_percent                          0x080001a5   Thumb Code     0  _printf_percent.o(.ARM.Collect$$_printf_percent$$00000000)
    _printf_d                                0x080001ab   Thumb Code     0  _printf_d.o(.ARM.Collect$$_printf_percent$$00000009)
    _printf_x                                0x080001b1   Thumb Code     0  _printf_x.o(.ARM.Collect$$_printf_percent$$0000000C)
    _printf_percent_end                      0x080001b7   Thumb Code     0  _printf_percent_end.o(.ARM.Collect$$_printf_percent$$00000017)
    __rt_lib_init                            0x080001bb   Thumb Code     0  libinit.o(.ARM.Collect$$libinit$$00000000)
    __rt_lib_init_fp_1                       0x080001bd   Thumb Code     0  libinit2.o(.ARM.Collect$$libinit$$00000002)
    __rt_lib_init_heap_1                     0x080001bd   Thumb Code     0  libinit2.o(.ARM.Collect$$libinit$$0000000A)
    __rt_lib_init_lc_common                  0x080001bd   Thumb Code     0  libinit2.o(.ARM.Collect$$libinit$$0000000F)
    __rt_lib_init_preinit_1                  0x080001bd   Thumb Code     0  libinit2.o(.ARM.Collect$$libinit$$00000004)
    __rt_lib_init_rand_1                     0x080001bd   Thumb Code     0  libinit2.o(.ARM.Collect$$libinit$$0000000E)
    __rt_lib_init_user_alloc_1               0x080001bd   Thumb Code     0  libinit2.o(.ARM.Collect$$libinit$$0000000C)
    __rt_lib_init_lc_collate_1               0x080001c3   Thumb Code     0  libinit2.o(.ARM.Collect$$libinit$$00000011)
    __rt_lib_init_lc_ctype_1                 0x080001c3   Thumb Code     0  libinit2.o(.ARM.Collect$$libinit$$00000013)
    __rt_lib_init_lc_monetary_1              0x080001c3   Thumb Code     0  libinit2.o(.ARM.Collect$$libinit$$00000015)
    __rt_lib_init_lc_numeric_2               0x080001c3   Thumb Code     0  libinit2.o(.ARM.Collect$$libinit$$00000016)
    __rt_lib_init_alloca_1                   0x080001cd   Thumb Code     0  libinit2.o(.ARM.Collect$$libinit$$0000002E)
    __rt_lib_init_argv_1                     0x080001cd   Thumb Code     0  libinit2.o(.ARM.Collect$$libinit$$0000002C)
    __rt_lib_init_atexit_1                   0x080001cd   Thumb Code     0  libinit2.o(.ARM.Collect$$libinit$$0000001B)
    __rt_lib_init_clock_1                    0x080001cd   Thumb Code     0  libinit2.o(.ARM.Collect$$libinit$$00000021)
    __rt_lib_init_cpp_1                      0x080001cd   Thumb Code     0  libinit2.o(.ARM.Collect$$libinit$$00000032)
    __rt_lib_init_exceptions_1               0x080001cd   Thumb Code     0  libinit2.o(.ARM.Collect$$libinit$$00000030)
    __rt_lib_init_fp_trap_1                  0x080001cd   Thumb Code     0  libinit2.o(.ARM.Collect$$libinit$$0000001F)
    __rt_lib_init_getenv_1                   0x080001cd   Thumb Code     0  libinit2.o(.ARM.Collect$$libinit$$00000023)
    __rt_lib_init_lc_numeric_1               0x080001cd   Thumb Code     0  libinit2.o(.ARM.Collect$$libinit$$00000017)
    __rt_lib_init_lc_time_1                  0x080001cd   Thumb Code     0  libinit2.o(.ARM.Collect$$libinit$$00000019)
    __rt_lib_init_return                     0x080001cd   Thumb Code     0  libinit2.o(.ARM.Collect$$libinit$$00000033)
    __rt_lib_init_signal_1                   0x080001cd   Thumb Code     0  libinit2.o(.ARM.Collect$$libinit$$0000001D)
    __rt_lib_init_stdio_1                    0x080001cd   Thumb Code     0  libinit2.o(.ARM.Collect$$libinit$$00000025)
    __rt_lib_shutdown                        0x080001cf   Thumb Code     0  libshutdown.o(.ARM.Collect$$libshutdown$$00000000)
    __rt_lib_shutdown_cpp_1                  0x080001d1   Thumb Code     0  libshutdown2.o(.ARM.Collect$$libshutdown$$00000002)
    __rt_lib_shutdown_fp_trap_1              0x080001d1   Thumb Code     0  libshutdown2.o(.ARM.Collect$$libshutdown$$00000007)
    __rt_lib_shutdown_heap_1                 0x080001d1   Thumb Code     0  libshutdown2.o(.ARM.Collect$$libshutdown$$0000000F)
    __rt_lib_shutdown_return                 0x080001d1   Thumb Code     0  libshutdown2.o(.ARM.Collect$$libshutdown$$00000010)
    __rt_lib_shutdown_signal_1               0x080001d1   Thumb Code     0  libshutdown2.o(.ARM.Collect$$libshutdown$$0000000A)
    __rt_lib_shutdown_stdio_1                0x080001d1   Thumb Code     0  libshutdown2.o(.ARM.Collect$$libshutdown$$00000004)
    __rt_lib_shutdown_user_alloc_1           0x080001d1   Thumb Code     0  libshutdown2.o(.ARM.Collect$$libshutdown$$0000000C)
    __rt_entry                               0x080001d3   Thumb Code     0  __rtentry.o(.ARM.Collect$$rtentry$$00000000)
    __rt_entry_presh_1                       0x080001d3   Thumb Code     0  __rtentry2.o(.ARM.Collect$$rtentry$$00000002)
    __rt_entry_sh                            0x080001d3   Thumb Code     0  __rtentry4.o(.ARM.Collect$$rtentry$$00000004)
    __rt_entry_li                            0x080001d9   Thumb Code     0  __rtentry2.o(.ARM.Collect$$rtentry$$0000000A)
    __rt_entry_postsh_1                      0x080001d9   Thumb Code     0  __rtentry2.o(.ARM.Collect$$rtentry$$00000009)
    __rt_entry_main                          0x080001dd   Thumb Code     0  __rtentry2.o(.ARM.Collect$$rtentry$$0000000D)
    __rt_entry_postli_1                      0x080001dd   Thumb Code     0  __rtentry2.o(.ARM.Collect$$rtentry$$0000000C)
    __rt_exit                                0x080001e5   Thumb Code     0  rtexit.o(.ARM.Collect$$rtexit$$00000000)
    __rt_exit_ls                             0x080001e7   Thumb Code     0  rtexit2.o(.ARM.Collect$$rtexit$$00000003)
    __rt_exit_prels_1                        0x080001e7   Thumb Code     0  rtexit2.o(.ARM.Collect$$rtexit$$00000002)
    __rt_exit_exit                           0x080001eb   Thumb Code     0  rtexit2.o(.ARM.Collect$$rtexit$$00000004)
    Check1MSTick                             0x080001f1   Thumb Code    38  main.o(.text)
    PWRInit                                  0x08000217   Thumb Code    44  main.o(.text)
    main                                     0x08000243   Thumb Code   736  main.o(.text)
    EXTI0_IRQHandler                         0x08000523   Thumb Code    66  main.o(.text)
    EXTI2_IRQHandler                         0x08000565   Thumb Code    80  main.o(.text)
    EXTI1_IRQHandler                         0x080005b5   Thumb Code   392  main.o(.text)
    EXTI4_IRQHandler                         0x0800073d   Thumb Code    68  main.o(.text)
    EXTI9_5_IRQHandler                       0x08000781   Thumb Code   178  main.o(.text)
    EXTI15_10_IRQHandler                     0x08000833   Thumb Code   284  main.o(.text)
    runIII_init                              0x0800094f   Thumb Code   102  main.o(.text)
    NMI_Handler                              0x08000a8d   Thumb Code     2  stm32f10x_it.o(.text)
    HardFault_Handler                        0x08000a8f   Thumb Code     2  stm32f10x_it.o(.text)
    MemManage_Handler                        0x08000a91   Thumb Code     4  stm32f10x_it.o(.text)
    BusFault_Handler                         0x08000a95   Thumb Code     4  stm32f10x_it.o(.text)
    UsageFault_Handler                       0x08000a99   Thumb Code     4  stm32f10x_it.o(.text)
    SVC_Handler                              0x08000a9d   Thumb Code     2  stm32f10x_it.o(.text)
    DebugMon_Handler                         0x08000a9f   Thumb Code     2  stm32f10x_it.o(.text)
    PendSV_Handler                           0x08000aa1   Thumb Code     2  stm32f10x_it.o(.text)
    SysTick_Handler                          0x08000aa3   Thumb Code    24  stm32f10x_it.o(.text)
    CAN_Configuration                        0x08000c3d   Thumb Code   318  can.o(.text)
    Uavcan_Broadcast                         0x08000d7b   Thumb Code    60  can.o(.text)
    UavcanMsgReply                           0x08000db7   Thumb Code   530  can.o(.text)
    UavcanFun                                0x08000fc9   Thumb Code  1758  can.o(.text)
    ascii_to_xdigit                          0x080016a7   Thumb Code    38  can.o(.text)
    is_xdigit                                0x080016cd   Thumb Code    30  can.o(.text)
    IAP_FRAM_CHECK                           0x080016eb   Thumb Code   154  can.o(.text)
    iap_flash_get_baseaddr                   0x08001785   Thumb Code   298  can.o(.text)
    iap_flash_set_jumpaddr                   0x080018af   Thumb Code   110  can.o(.text)
    iap_flash_write                          0x0800191d   Thumb Code   342  can.o(.text)
    IAP_Handle                               0x08001a73   Thumb Code    88  can.o(.text)
    USB_LP_CAN1_RX0_IRQHandler               0x08001acb   Thumb Code    56  can.o(.text)
    canardInit                               0x08001b57   Thumb Code    84  canard.o(.text)
    canardGetUserReference                   0x08001bab   Thumb Code    22  canard.o(.text)
    canardSetLocalNodeID                     0x08001bc1   Thumb Code    48  canard.o(.text)
    canardGetLocalNodeID                     0x08001bf1   Thumb Code     6  canard.o(.text)
    canardBroadcast                          0x08001f19   Thumb Code   346  canard.o(.text)
    canardRequestOrRespond                   0x08002073   Thumb Code   162  canard.o(.text)
    canardPeekTxQueue                        0x08002115   Thumb Code    16  canard.o(.text)
    canardPopTxQueue                         0x08002151   Thumb Code    22  canard.o(.text)
    canardReleaseRxTransferPayload           0x0800219f   Thumb Code    42  canard.o(.text)
    canardHandleRxFrame                      0x08002421   Thumb Code  1120  canard.o(.text)
    canardCleanupStaleTransfers              0x08002881   Thumb Code   110  canard.o(.text)
    canardDecodeScalar                       0x08002ce1   Thumb Code   718  canard.o(.text)
    canardEncodeScalar                       0x08002faf   Thumb Code   596  canard.o(.text)
    canardGetPoolAllocatorStatistics         0x08003203   Thumb Code    10  canard.o(.text)
    canardConvertNativeFloatToFloat16        0x0800320d   Thumb Code   138  canard.o(.text)
    canardConvertFloat16ToNativeFloat        0x08003297   Thumb Code    70  canard.o(.text)
    DMAInit                                  0x080032f9   Thumb Code    94  ocpsampling.o(.text)
    ADCTRGO                                  0x08003357   Thumb Code   124  ocpsampling.o(.text)
    VoltSampling_Init                        0x080033d3   Thumb Code   254  ocpsampling.o(.text)
    OCPChannel_Init                          0x080034d1   Thumb Code   234  ocpsampling.o(.text)
    LockerChannelEnable                      0x080035bb   Thumb Code    34  ocpsampling.o(.text)
    LockerChannelDisable                     0x080035dd   Thumb Code    46  ocpsampling.o(.text)
    ONPOSITIONChannel_Init                   0x0800360b   Thumb Code   206  ocpsampling.o(.text)
    DMA1_Channel1_IRQHandler                 0x080036d9   Thumb Code   110  ocpsampling.o(.text)
    FetchingCurrentValue                     0x08003747   Thumb Code   314  ocpsampling.o(.text)
    FetchingItemStatus                       0x08003881   Thumb Code   348  ocpsampling.o(.text)
    tickDelay                                0x08003aad   Thumb Code    12  ds18.o(.text)
    outp                                     0x08003ab9   Thumb Code    44  ds18.o(.text)
    inp                                      0x08003ae5   Thumb Code    44  ds18.o(.text)
    OWWriteBit                               0x08003b11   Thumb Code    82  ds18.o(.text)
    OWReadBit                                0x08003b63   Thumb Code    80  ds18.o(.text)
    OWWriteByte                              0x08003bb3   Thumb Code    40  ds18.o(.text)
    OWReadByte                               0x08003bdb   Thumb Code    30  ds18.o(.text)
    DS18B20_Rst                              0x08003bf9   Thumb Code    50  ds18.o(.text)
    DS18B20_Check                            0x08003c2b   Thumb Code    94  ds18.o(.text)
    DS18B20_Init                             0x08003c89   Thumb Code    78  ds18.o(.text)
    DS18B20_Start                            0x08003cd7   Thumb Code    24  ds18.o(.text)
    DS18B20_Get_Temp                         0x08003cef   Thumb Code   134  ds18.o(.text)
    Locker_Switching_Init                    0x08003d81   Thumb Code    56  exdcmotor.o(.text)
    Locker_Running                           0x08003db9   Thumb Code    98  exdcmotor.o(.text)
    LockerChannelSelect                      0x08003e1b   Thumb Code    76  exdcmotor.o(.text)
    LockerbacktoOrigin                       0x08003e67   Thumb Code   200  exdcmotor.o(.text)
    Lifter_Running                           0x08003f2f   Thumb Code   110  exdcmotor.o(.text)
    LockerLatch_Config                       0x08003f9d   Thumb Code   756  exdcmotor.o(.text)
    DoorSingleMode_Running                   0x08004291   Thumb Code   208  exdcmotor.o(.text)
    DoorDualMode_Running                     0x08004361   Thumb Code    28  exdcmotor.o(.text)
    MotorProcessMonitoring                   0x0800437d   Thumb Code  2686  exdcmotor.o(.text)
    MotorFaultMonitoring                     0x08004dfb   Thumb Code   280  exdcmotor.o(.text)
    Motor_CTRL_Init                          0x08004f13   Thumb Code   830  exdcmotor.o(.text)
    LifterEnable_Config                      0x08005251   Thumb Code   262  exdcmotor.o(.text)
    DoorbacktoOrigin                         0x08005357   Thumb Code   788  exdcmotor.o(.text)
    LockerRelease_Config                     0x0800566b   Thumb Code   538  exdcmotor.o(.text)
    DoorStateCheck                           0x08005885   Thumb Code   438  exdcmotor.o(.text)
    DoorEnable_Config                        0x08005a3b   Thumb Code   786  exdcmotor.o(.text)
    LEDTimerConfig                           0x08005e0d   Thumb Code   144  led.o(.text)
    LED_Init                                 0x08005e9d   Thumb Code    44  led.o(.text)
    _sys_exit                                0x08005ed1   Thumb Code     4  usart.o(.text)
    _ttywrch                                 0x08005ed5   Thumb Code     4  usart.o(.text)
    fputc                                    0x08005ed9   Thumb Code    24  usart.o(.text)
    uart_init                                0x08005ef1   Thumb Code   116  usart.o(.text)
    TasksectionInit                          0x08005f6d   Thumb Code   102  timerapp.o(.text)
    TIM_DELAY_INIT                           0x08005fd3   Thumb Code    56  timerapp.o(.text)
    dELAY_us                                 0x0800600b   Thumb Code    62  timerapp.o(.text)
    delay_us                                 0x08006049   Thumb Code    62  timerapp.o(.text)
    dELAY_ms                                 0x08006087   Thumb Code    76  timerapp.o(.text)
    delay_ms                                 0x080060d3   Thumb Code    76  timerapp.o(.text)
    dTime_Counting                           0x0800611f   Thumb Code    20  timerapp.o(.text)
    Timer1Init                               0x08006133   Thumb Code   164  timerapp.o(.text)
    TIM1_CC_IRQHandler                       0x080061d7   Thumb Code   300  timerapp.o(.text)
    TIM6_IRQHandler                          0x08006303   Thumb Code    70  timerapp.o(.text)
    NVIC_PriorityGroupConfig                 0x0800638d   Thumb Code    10  misc.o(.text)
    NVIC_Init                                0x08006397   Thumb Code   100  misc.o(.text)
    NVIC_SetVectorTable                      0x080063fb   Thumb Code    14  misc.o(.text)
    NVIC_SystemLPConfig                      0x08006409   Thumb Code    34  misc.o(.text)
    SysTick_CLKSourceConfig                  0x0800642b   Thumb Code    40  misc.o(.text)
    GPIO_DeInit                              0x08006469   Thumb Code   172  stm32f10x_gpio.o(.text)
    GPIO_AFIODeInit                          0x08006515   Thumb Code    20  stm32f10x_gpio.o(.text)
    GPIO_Init                                0x08006529   Thumb Code   278  stm32f10x_gpio.o(.text)
    GPIO_StructInit                          0x0800663f   Thumb Code    16  stm32f10x_gpio.o(.text)
    GPIO_ReadInputDataBit                    0x0800664f   Thumb Code    18  stm32f10x_gpio.o(.text)
    GPIO_ReadInputData                       0x08006661   Thumb Code     8  stm32f10x_gpio.o(.text)
    GPIO_ReadOutputDataBit                   0x08006669   Thumb Code    18  stm32f10x_gpio.o(.text)
    GPIO_ReadOutputData                      0x0800667b   Thumb Code     8  stm32f10x_gpio.o(.text)
    GPIO_SetBits                             0x08006683   Thumb Code     4  stm32f10x_gpio.o(.text)
    GPIO_ResetBits                           0x08006687   Thumb Code     4  stm32f10x_gpio.o(.text)
    GPIO_WriteBit                            0x0800668b   Thumb Code    10  stm32f10x_gpio.o(.text)
    GPIO_Write                               0x08006695   Thumb Code     4  stm32f10x_gpio.o(.text)
    GPIO_PinLockConfig                       0x08006699   Thumb Code    18  stm32f10x_gpio.o(.text)
    GPIO_EventOutputConfig                   0x080066ab   Thumb Code    26  stm32f10x_gpio.o(.text)
    GPIO_EventOutputCmd                      0x080066c5   Thumb Code     6  stm32f10x_gpio.o(.text)
    GPIO_PinRemapConfig                      0x080066cb   Thumb Code   138  stm32f10x_gpio.o(.text)
    GPIO_EXTILineConfig                      0x08006755   Thumb Code    66  stm32f10x_gpio.o(.text)
    GPIO_ETH_MediaInterfaceConfig            0x08006797   Thumb Code     8  stm32f10x_gpio.o(.text)
    RCC_DeInit                               0x080067c5   Thumb Code    64  stm32f10x_rcc.o(.text)
    RCC_HSEConfig                            0x08006805   Thumb Code    70  stm32f10x_rcc.o(.text)
    RCC_GetFlagStatus                        0x0800684b   Thumb Code    56  stm32f10x_rcc.o(.text)
    RCC_WaitForHSEStartUp                    0x08006883   Thumb Code    56  stm32f10x_rcc.o(.text)
    RCC_AdjustHSICalibrationValue            0x080068bb   Thumb Code    20  stm32f10x_rcc.o(.text)
    RCC_HSICmd                               0x080068cf   Thumb Code     6  stm32f10x_rcc.o(.text)
    RCC_PLLConfig                            0x080068d5   Thumb Code    24  stm32f10x_rcc.o(.text)
    RCC_PLLCmd                               0x080068ed   Thumb Code     6  stm32f10x_rcc.o(.text)
    RCC_SYSCLKConfig                         0x080068f3   Thumb Code    18  stm32f10x_rcc.o(.text)
    RCC_GetSYSCLKSource                      0x08006905   Thumb Code    10  stm32f10x_rcc.o(.text)
    RCC_HCLKConfig                           0x0800690f   Thumb Code    18  stm32f10x_rcc.o(.text)
    RCC_PCLK1Config                          0x08006921   Thumb Code    18  stm32f10x_rcc.o(.text)
    RCC_PCLK2Config                          0x08006933   Thumb Code    20  stm32f10x_rcc.o(.text)
    RCC_ITConfig                             0x08006947   Thumb Code    26  stm32f10x_rcc.o(.text)
    RCC_USBCLKConfig                         0x08006961   Thumb Code     8  stm32f10x_rcc.o(.text)
    RCC_ADCCLKConfig                         0x08006969   Thumb Code    18  stm32f10x_rcc.o(.text)
    RCC_LSEConfig                            0x0800697b   Thumb Code    50  stm32f10x_rcc.o(.text)
    RCC_LSICmd                               0x080069ad   Thumb Code     6  stm32f10x_rcc.o(.text)
    RCC_RTCCLKConfig                         0x080069b3   Thumb Code    12  stm32f10x_rcc.o(.text)
    RCC_RTCCLKCmd                            0x080069bf   Thumb Code     8  stm32f10x_rcc.o(.text)
    RCC_GetClocksFreq                        0x080069c7   Thumb Code   192  stm32f10x_rcc.o(.text)
    RCC_AHBPeriphClockCmd                    0x08006a87   Thumb Code    26  stm32f10x_rcc.o(.text)
    RCC_APB2PeriphClockCmd                   0x08006aa1   Thumb Code    26  stm32f10x_rcc.o(.text)
    RCC_APB1PeriphClockCmd                   0x08006abb   Thumb Code    26  stm32f10x_rcc.o(.text)
    RCC_APB2PeriphResetCmd                   0x08006ad5   Thumb Code    26  stm32f10x_rcc.o(.text)
    RCC_APB1PeriphResetCmd                   0x08006aef   Thumb Code    26  stm32f10x_rcc.o(.text)
    RCC_BackupResetCmd                       0x08006b09   Thumb Code     8  stm32f10x_rcc.o(.text)
    RCC_ClockSecuritySystemCmd               0x08006b11   Thumb Code     6  stm32f10x_rcc.o(.text)
    RCC_MCOConfig                            0x08006b17   Thumb Code     6  stm32f10x_rcc.o(.text)
    RCC_ClearFlag                            0x08006b1d   Thumb Code    14  stm32f10x_rcc.o(.text)
    RCC_GetITStatus                          0x08006b2b   Thumb Code    20  stm32f10x_rcc.o(.text)
    RCC_ClearITPendingBit                    0x08006b3f   Thumb Code     6  stm32f10x_rcc.o(.text)
    CAN_DeInit                               0x08006b69   Thumb Code    50  stm32f10x_can.o(.text)
    CAN_Init                                 0x08006b9b   Thumb Code   276  stm32f10x_can.o(.text)
    CAN_FilterInit                           0x08006caf   Thumb Code   258  stm32f10x_can.o(.text)
    CAN_StructInit                           0x08006db1   Thumb Code    32  stm32f10x_can.o(.text)
    CAN_SlaveStartBank                       0x08006dd1   Thumb Code    48  stm32f10x_can.o(.text)
    CAN_DBGFreeze                            0x08006e01   Thumb Code    22  stm32f10x_can.o(.text)
    CAN_TTComModeCmd                         0x08006e17   Thumb Code   118  stm32f10x_can.o(.text)
    CAN_Transmit                             0x08006e8d   Thumb Code   304  stm32f10x_can.o(.text)
    CAN_TransmitStatus                       0x08006fbd   Thumb Code   138  stm32f10x_can.o(.text)
    CAN_CancelTransmit                       0x08007047   Thumb Code    48  stm32f10x_can.o(.text)
    CAN_Receive                              0x08007077   Thumb Code   240  stm32f10x_can.o(.text)
    CAN_FIFORelease                          0x08007167   Thumb Code    22  stm32f10x_can.o(.text)
    CAN_MessagePending                       0x0800717d   Thumb Code    30  stm32f10x_can.o(.text)
    CAN_OperatingModeRequest                 0x0800719b   Thumb Code   162  stm32f10x_can.o(.text)
    CAN_Sleep                                0x0800723d   Thumb Code    30  stm32f10x_can.o(.text)
    CAN_WakeUp                               0x0800725b   Thumb Code    48  stm32f10x_can.o(.text)
    CAN_GetLastErrorCode                     0x0800728b   Thumb Code    12  stm32f10x_can.o(.text)
    CAN_GetReceiveErrorCounter               0x08007297   Thumb Code    10  stm32f10x_can.o(.text)
    CAN_GetLSBTransmitErrorCounter           0x080072a1   Thumb Code    12  stm32f10x_can.o(.text)
    CAN_ITConfig                             0x080072ad   Thumb Code    18  stm32f10x_can.o(.text)
    CAN_GetFlagStatus                        0x080072bf   Thumb Code   120  stm32f10x_can.o(.text)
    CAN_ClearFlag                            0x08007337   Thumb Code    52  stm32f10x_can.o(.text)
    CAN_GetITStatus                          0x0800737d   Thumb Code   310  stm32f10x_can.o(.text)
    CAN_ClearITPendingBit                    0x080074b3   Thumb Code   162  stm32f10x_can.o(.text)
    USART_DeInit                             0x08007559   Thumb Code   134  stm32f10x_usart.o(.text)
    USART_Init                               0x080075df   Thumb Code   210  stm32f10x_usart.o(.text)
    USART_StructInit                         0x080076b1   Thumb Code    24  stm32f10x_usart.o(.text)
    USART_ClockInit                          0x080076c9   Thumb Code    34  stm32f10x_usart.o(.text)
    USART_ClockStructInit                    0x080076eb   Thumb Code    12  stm32f10x_usart.o(.text)
    USART_Cmd                                0x080076f7   Thumb Code    24  stm32f10x_usart.o(.text)
    USART_ITConfig                           0x0800770f   Thumb Code    74  stm32f10x_usart.o(.text)
    USART_DMACmd                             0x08007759   Thumb Code    18  stm32f10x_usart.o(.text)
    USART_SetAddress                         0x0800776b   Thumb Code    18  stm32f10x_usart.o(.text)
    USART_WakeUpConfig                       0x0800777d   Thumb Code    18  stm32f10x_usart.o(.text)
    USART_ReceiverWakeUpCmd                  0x0800778f   Thumb Code    24  stm32f10x_usart.o(.text)
    USART_LINBreakDetectLengthConfig         0x080077a7   Thumb Code    18  stm32f10x_usart.o(.text)
    USART_LINCmd                             0x080077b9   Thumb Code    24  stm32f10x_usart.o(.text)
    USART_SendData                           0x080077d1   Thumb Code     8  stm32f10x_usart.o(.text)
    USART_ReceiveData                        0x080077d9   Thumb Code    10  stm32f10x_usart.o(.text)
    USART_SendBreak                          0x080077e3   Thumb Code    10  stm32f10x_usart.o(.text)
    USART_SetGuardTime                       0x080077ed   Thumb Code    16  stm32f10x_usart.o(.text)
    USART_SetPrescaler                       0x080077fd   Thumb Code    16  stm32f10x_usart.o(.text)
    USART_SmartCardCmd                       0x0800780d   Thumb Code    24  stm32f10x_usart.o(.text)
    USART_SmartCardNACKCmd                   0x08007825   Thumb Code    24  stm32f10x_usart.o(.text)
    USART_HalfDuplexCmd                      0x0800783d   Thumb Code    24  stm32f10x_usart.o(.text)
    USART_OverSampling8Cmd                   0x08007855   Thumb Code    22  stm32f10x_usart.o(.text)
    USART_OneBitMethodCmd                    0x0800786b   Thumb Code    24  stm32f10x_usart.o(.text)
    USART_IrDAConfig                         0x08007883   Thumb Code    18  stm32f10x_usart.o(.text)
    USART_IrDACmd                            0x08007895   Thumb Code    24  stm32f10x_usart.o(.text)
    USART_GetFlagStatus                      0x080078ad   Thumb Code    26  stm32f10x_usart.o(.text)
    USART_ClearFlag                          0x080078c7   Thumb Code    18  stm32f10x_usart.o(.text)
    USART_GetITStatus                        0x080078d9   Thumb Code    84  stm32f10x_usart.o(.text)
    USART_ClearITPendingBit                  0x0800792d   Thumb Code    52  stm32f10x_usart.o(.text)
    TIM_DeInit                               0x08007961   Thumb Code   424  stm32f10x_tim.o(.text)
    TIM_TimeBaseInit                         0x08007b09   Thumb Code   122  stm32f10x_tim.o(.text)
    TIM_OC1Init                              0x08007b83   Thumb Code   132  stm32f10x_tim.o(.text)
    TIM_OC2Init                              0x08007c07   Thumb Code   154  stm32f10x_tim.o(.text)
    TIM_OC3Init                              0x08007ca1   Thumb Code   150  stm32f10x_tim.o(.text)
    TIM_OC4Init                              0x08007d37   Thumb Code   182  stm32f10x_tim.o(.text)
    TIM_SetIC4Prescaler                      0x08007ded   Thumb Code    26  stm32f10x_tim.o(.text)
    TIM_SetIC3Prescaler                      0x08007e89   Thumb Code    18  stm32f10x_tim.o(.text)
    TIM_SetIC2Prescaler                      0x08007f15   Thumb Code    26  stm32f10x_tim.o(.text)
    TIM_SetIC1Prescaler                      0x08007fb1   Thumb Code    18  stm32f10x_tim.o(.text)
    TIM_ICInit                               0x0800802f   Thumb Code   150  stm32f10x_tim.o(.text)
    TIM_PWMIConfig                           0x080080c5   Thumb Code   178  stm32f10x_tim.o(.text)
    TIM_BDTRConfig                           0x08008177   Thumb Code    32  stm32f10x_tim.o(.text)
    TIM_TimeBaseStructInit                   0x08008197   Thumb Code    38  stm32f10x_tim.o(.text)
    TIM_OCStructInit                         0x080081bd   Thumb Code    20  stm32f10x_tim.o(.text)
    TIM_ICStructInit                         0x080081d1   Thumb Code    18  stm32f10x_tim.o(.text)
    TIM_BDTRStructInit                       0x080081e3   Thumb Code    18  stm32f10x_tim.o(.text)
    TIM_Cmd                                  0x080081f5   Thumb Code    24  stm32f10x_tim.o(.text)
    TIM_CtrlPWMOutputs                       0x0800820d   Thumb Code    30  stm32f10x_tim.o(.text)
    TIM_ITConfig                             0x0800822b   Thumb Code    18  stm32f10x_tim.o(.text)
    TIM_GenerateEvent                        0x0800823d   Thumb Code     4  stm32f10x_tim.o(.text)
    TIM_DMAConfig                            0x08008241   Thumb Code    10  stm32f10x_tim.o(.text)
    TIM_DMACmd                               0x0800824b   Thumb Code    18  stm32f10x_tim.o(.text)
    TIM_InternalClockConfig                  0x0800825d   Thumb Code    12  stm32f10x_tim.o(.text)
    TIM_SelectInputTrigger                   0x08008269   Thumb Code    18  stm32f10x_tim.o(.text)
    TIM_ITRxExternalClockConfig              0x0800827b   Thumb Code    24  stm32f10x_tim.o(.text)
    TIM_TIxExternalClockConfig               0x08008293   Thumb Code    62  stm32f10x_tim.o(.text)
    TIM_ETRConfig                            0x080082d1   Thumb Code    28  stm32f10x_tim.o(.text)
    TIM_ETRClockMode1Config                  0x080082ed   Thumb Code    54  stm32f10x_tim.o(.text)
    TIM_ETRClockMode2Config                  0x08008323   Thumb Code    32  stm32f10x_tim.o(.text)
    TIM_PrescalerConfig                      0x08008343   Thumb Code     6  stm32f10x_tim.o(.text)
    TIM_CounterModeConfig                    0x08008349   Thumb Code    18  stm32f10x_tim.o(.text)
    TIM_EncoderInterfaceConfig               0x0800835b   Thumb Code    66  stm32f10x_tim.o(.text)
    TIM_ForcedOC1Config                      0x0800839d   Thumb Code    18  stm32f10x_tim.o(.text)
    TIM_ForcedOC2Config                      0x080083af   Thumb Code    26  stm32f10x_tim.o(.text)
    TIM_ForcedOC3Config                      0x080083c9   Thumb Code    18  stm32f10x_tim.o(.text)
    TIM_ForcedOC4Config                      0x080083db   Thumb Code    26  stm32f10x_tim.o(.text)
    TIM_ARRPreloadConfig                     0x080083f5   Thumb Code    24  stm32f10x_tim.o(.text)
    TIM_SelectCOM                            0x0800840d   Thumb Code    24  stm32f10x_tim.o(.text)
    TIM_SelectCCDMA                          0x08008425   Thumb Code    24  stm32f10x_tim.o(.text)
    TIM_CCPreloadControl                     0x0800843d   Thumb Code    24  stm32f10x_tim.o(.text)
    TIM_OC1PreloadConfig                     0x08008455   Thumb Code    18  stm32f10x_tim.o(.text)
    TIM_OC2PreloadConfig                     0x08008467   Thumb Code    26  stm32f10x_tim.o(.text)
    TIM_OC3PreloadConfig                     0x08008481   Thumb Code    18  stm32f10x_tim.o(.text)
    TIM_OC4PreloadConfig                     0x08008493   Thumb Code    26  stm32f10x_tim.o(.text)
    TIM_OC1FastConfig                        0x080084ad   Thumb Code    18  stm32f10x_tim.o(.text)
    TIM_OC2FastConfig                        0x080084bf   Thumb Code    26  stm32f10x_tim.o(.text)
    TIM_OC3FastConfig                        0x080084d9   Thumb Code    18  stm32f10x_tim.o(.text)
    TIM_OC4FastConfig                        0x080084eb   Thumb Code    26  stm32f10x_tim.o(.text)
    TIM_ClearOC1Ref                          0x08008505   Thumb Code    18  stm32f10x_tim.o(.text)
    TIM_ClearOC2Ref                          0x08008517   Thumb Code    24  stm32f10x_tim.o(.text)
    TIM_ClearOC3Ref                          0x0800852f   Thumb Code    18  stm32f10x_tim.o(.text)
    TIM_ClearOC4Ref                          0x08008541   Thumb Code    24  stm32f10x_tim.o(.text)
    TIM_OC1PolarityConfig                    0x08008559   Thumb Code    18  stm32f10x_tim.o(.text)
    TIM_OC1NPolarityConfig                   0x0800856b   Thumb Code    18  stm32f10x_tim.o(.text)
    TIM_OC2PolarityConfig                    0x0800857d   Thumb Code    26  stm32f10x_tim.o(.text)
    TIM_OC2NPolarityConfig                   0x08008597   Thumb Code    26  stm32f10x_tim.o(.text)
    TIM_OC3PolarityConfig                    0x080085b1   Thumb Code    26  stm32f10x_tim.o(.text)
    TIM_OC3NPolarityConfig                   0x080085cb   Thumb Code    26  stm32f10x_tim.o(.text)
    TIM_OC4PolarityConfig                    0x080085e5   Thumb Code    26  stm32f10x_tim.o(.text)
    TIM_CCxCmd                               0x080085ff   Thumb Code    30  stm32f10x_tim.o(.text)
    TIM_CCxNCmd                              0x0800861d   Thumb Code    30  stm32f10x_tim.o(.text)
    TIM_SelectOCxM                           0x0800863b   Thumb Code    82  stm32f10x_tim.o(.text)
    TIM_UpdateDisableConfig                  0x0800868d   Thumb Code    24  stm32f10x_tim.o(.text)
    TIM_UpdateRequestConfig                  0x080086a5   Thumb Code    24  stm32f10x_tim.o(.text)
    TIM_SelectHallSensor                     0x080086bd   Thumb Code    24  stm32f10x_tim.o(.text)
    TIM_SelectOnePulseMode                   0x080086d5   Thumb Code    18  stm32f10x_tim.o(.text)
    TIM_SelectOutputTrigger                  0x080086e7   Thumb Code    18  stm32f10x_tim.o(.text)
    TIM_SelectSlaveMode                      0x080086f9   Thumb Code    18  stm32f10x_tim.o(.text)
    TIM_SelectMasterSlaveMode                0x0800870b   Thumb Code    18  stm32f10x_tim.o(.text)
    TIM_SetCounter                           0x0800871d   Thumb Code     4  stm32f10x_tim.o(.text)
    TIM_SetAutoreload                        0x08008721   Thumb Code     4  stm32f10x_tim.o(.text)
    TIM_SetCompare1                          0x08008725   Thumb Code     4  stm32f10x_tim.o(.text)
    TIM_SetCompare2                          0x08008729   Thumb Code     4  stm32f10x_tim.o(.text)
    TIM_SetCompare3                          0x0800872d   Thumb Code     4  stm32f10x_tim.o(.text)
    TIM_SetCompare4                          0x08008731   Thumb Code     6  stm32f10x_tim.o(.text)
    TIM_SetClockDivision                     0x08008737   Thumb Code    18  stm32f10x_tim.o(.text)
    TIM_GetCapture1                          0x08008749   Thumb Code     6  stm32f10x_tim.o(.text)
    TIM_GetCapture2                          0x0800874f   Thumb Code     6  stm32f10x_tim.o(.text)
    TIM_GetCapture3                          0x08008755   Thumb Code     6  stm32f10x_tim.o(.text)
    TIM_GetCapture4                          0x0800875b   Thumb Code     8  stm32f10x_tim.o(.text)
    TIM_GetCounter                           0x08008763   Thumb Code     6  stm32f10x_tim.o(.text)
    TIM_GetPrescaler                         0x08008769   Thumb Code     6  stm32f10x_tim.o(.text)
    TIM_GetFlagStatus                        0x0800876f   Thumb Code    18  stm32f10x_tim.o(.text)
    TIM_ClearFlag                            0x08008781   Thumb Code     6  stm32f10x_tim.o(.text)
    TIM_GetITStatus                          0x08008787   Thumb Code    34  stm32f10x_tim.o(.text)
    TIM_ClearITPendingBit                    0x080087a9   Thumb Code     6  stm32f10x_tim.o(.text)
    ADC_DeInit                               0x080087b1   Thumb Code    78  stm32f10x_adc.o(.text)
    ADC_Init                                 0x080087ff   Thumb Code    70  stm32f10x_adc.o(.text)
    ADC_StructInit                           0x08008845   Thumb Code    18  stm32f10x_adc.o(.text)
    ADC_Cmd                                  0x08008857   Thumb Code    22  stm32f10x_adc.o(.text)
    ADC_DMACmd                               0x0800886d   Thumb Code    22  stm32f10x_adc.o(.text)
    ADC_ITConfig                             0x08008883   Thumb Code    24  stm32f10x_adc.o(.text)
    ADC_ResetCalibration                     0x0800889b   Thumb Code    10  stm32f10x_adc.o(.text)
    ADC_GetResetCalibrationStatus            0x080088a5   Thumb Code    20  stm32f10x_adc.o(.text)
    ADC_StartCalibration                     0x080088b9   Thumb Code    10  stm32f10x_adc.o(.text)
    ADC_GetCalibrationStatus                 0x080088c3   Thumb Code    20  stm32f10x_adc.o(.text)
    ADC_SoftwareStartConvCmd                 0x080088d7   Thumb Code    22  stm32f10x_adc.o(.text)
    ADC_GetSoftwareStartConvStatus           0x080088ed   Thumb Code    20  stm32f10x_adc.o(.text)
    ADC_DiscModeChannelCountConfig           0x08008901   Thumb Code    24  stm32f10x_adc.o(.text)
    ADC_DiscModeCmd                          0x08008919   Thumb Code    22  stm32f10x_adc.o(.text)
    ADC_RegularChannelConfig                 0x0800892f   Thumb Code   184  stm32f10x_adc.o(.text)
    ADC_ExternalTrigConvCmd                  0x080089e7   Thumb Code    22  stm32f10x_adc.o(.text)
    ADC_GetConversionValue                   0x080089fd   Thumb Code     8  stm32f10x_adc.o(.text)
    ADC_GetDualModeConversionValue           0x08008a05   Thumb Code     8  stm32f10x_adc.o(.text)
    ADC_AutoInjectedConvCmd                  0x08008a0d   Thumb Code    22  stm32f10x_adc.o(.text)
    ADC_InjectedDiscModeCmd                  0x08008a23   Thumb Code    22  stm32f10x_adc.o(.text)
    ADC_ExternalTrigInjectedConvConfig       0x08008a39   Thumb Code    16  stm32f10x_adc.o(.text)
    ADC_ExternalTrigInjectedConvCmd          0x08008a49   Thumb Code    22  stm32f10x_adc.o(.text)
    ADC_SoftwareStartInjectedConvCmd         0x08008a5f   Thumb Code    22  stm32f10x_adc.o(.text)
    ADC_GetSoftwareStartInjectedConvCmdStatus 0x08008a75   Thumb Code    20  stm32f10x_adc.o(.text)
    ADC_InjectedChannelConfig                0x08008a89   Thumb Code   130  stm32f10x_adc.o(.text)
    ADC_InjectedSequencerLengthConfig        0x08008b0b   Thumb Code    24  stm32f10x_adc.o(.text)
    ADC_SetInjectedOffset                    0x08008b23   Thumb Code    20  stm32f10x_adc.o(.text)
    ADC_GetInjectedConversionValue           0x08008b37   Thumb Code    28  stm32f10x_adc.o(.text)
    ADC_AnalogWatchdogCmd                    0x08008b53   Thumb Code    16  stm32f10x_adc.o(.text)
    ADC_AnalogWatchdogThresholdsConfig       0x08008b63   Thumb Code     6  stm32f10x_adc.o(.text)
    ADC_AnalogWatchdogSingleChannelConfig    0x08008b69   Thumb Code    16  stm32f10x_adc.o(.text)
    ADC_TempSensorVrefintCmd                 0x08008b79   Thumb Code    64  stm32f10x_adc.o(.text)
    ADC_GetFlagStatus                        0x08008bb9   Thumb Code    18  stm32f10x_adc.o(.text)
    ADC_ClearFlag                            0x08008bcb   Thumb Code     6  stm32f10x_adc.o(.text)
    ADC_GetITStatus                          0x08008bd1   Thumb Code    36  stm32f10x_adc.o(.text)
    ADC_ClearITPendingBit                    0x08008bf5   Thumb Code    10  stm32f10x_adc.o(.text)
    DMA_DeInit                               0x08008c01   Thumb Code   324  stm32f10x_dma.o(.text)
    DMA_Init                                 0x08008d45   Thumb Code    60  stm32f10x_dma.o(.text)
    DMA_StructInit                           0x08008d81   Thumb Code    26  stm32f10x_dma.o(.text)
    DMA_Cmd                                  0x08008d9b   Thumb Code    24  stm32f10x_dma.o(.text)
    DMA_ITConfig                             0x08008db3   Thumb Code    18  stm32f10x_dma.o(.text)
    DMA_SetCurrDataCounter                   0x08008dc5   Thumb Code     4  stm32f10x_dma.o(.text)
    DMA_GetCurrDataCounter                   0x08008dc9   Thumb Code     8  stm32f10x_dma.o(.text)
    DMA_GetFlagStatus                        0x08008dd1   Thumb Code    40  stm32f10x_dma.o(.text)
    DMA_ClearFlag                            0x08008df9   Thumb Code    22  stm32f10x_dma.o(.text)
    DMA_GetITStatus                          0x08008e0f   Thumb Code    40  stm32f10x_dma.o(.text)
    DMA_ClearITPendingBit                    0x08008e37   Thumb Code    22  stm32f10x_dma.o(.text)
    EXTI_DeInit                              0x08008e55   Thumb Code    28  stm32f10x_exti.o(.text)
    EXTI_Init                                0x08008e71   Thumb Code   142  stm32f10x_exti.o(.text)
    EXTI_StructInit                          0x08008eff   Thumb Code    16  stm32f10x_exti.o(.text)
    EXTI_GenerateSWInterrupt                 0x08008f0f   Thumb Code    16  stm32f10x_exti.o(.text)
    EXTI_GetFlagStatus                       0x08008f1f   Thumb Code    22  stm32f10x_exti.o(.text)
    EXTI_ClearFlag                           0x08008f35   Thumb Code     8  stm32f10x_exti.o(.text)
    EXTI_GetITStatus                         0x08008f3d   Thumb Code    34  stm32f10x_exti.o(.text)
    EXTI_ClearITPendingBit                   0x08008f5f   Thumb Code     8  stm32f10x_exti.o(.text)
    FLASH_SetLatency                         0x08008f71   Thumb Code    18  stm32f10x_flash.o(.text)
    FLASH_HalfCycleAccessCmd                 0x08008f83   Thumb Code    22  stm32f10x_flash.o(.text)
    FLASH_PrefetchBufferCmd                  0x08008f99   Thumb Code    22  stm32f10x_flash.o(.text)
    FLASH_Unlock                             0x08008faf   Thumb Code    12  stm32f10x_flash.o(.text)
    FLASH_UnlockBank1                        0x08008fbb   Thumb Code    12  stm32f10x_flash.o(.text)
    FLASH_Lock                               0x08008fc7   Thumb Code    14  stm32f10x_flash.o(.text)
    FLASH_LockBank1                          0x08008fd5   Thumb Code    14  stm32f10x_flash.o(.text)
    FLASH_GetBank1Status                     0x08008fe3   Thumb Code    48  stm32f10x_flash.o(.text)
    FLASH_WaitForLastOperation               0x08009013   Thumb Code    38  stm32f10x_flash.o(.text)
    FLASH_ErasePage                          0x08009039   Thumb Code    72  stm32f10x_flash.o(.text)
    FLASH_EraseAllPages                      0x08009081   Thumb Code    68  stm32f10x_flash.o(.text)
    FLASH_WaitForLastBank1Operation          0x080090c5   Thumb Code    38  stm32f10x_flash.o(.text)
    FLASH_EraseAllBank1Pages                 0x080090eb   Thumb Code    68  stm32f10x_flash.o(.text)
    FLASH_GetReadOutProtectionStatus         0x0800912f   Thumb Code    20  stm32f10x_flash.o(.text)
    FLASH_EraseOptionBytes                   0x08009143   Thumb Code   150  stm32f10x_flash.o(.text)
    FLASH_ProgramWord                        0x080091d9   Thumb Code   102  stm32f10x_flash.o(.text)
    FLASH_ProgramHalfWord                    0x0800923f   Thumb Code    60  stm32f10x_flash.o(.text)
    FLASH_ProgramOptionByteData              0x0800927b   Thumb Code    72  stm32f10x_flash.o(.text)
    FLASH_EnableWriteProtection              0x080092c3   Thumb Code   200  stm32f10x_flash.o(.text)
    FLASH_ReadOutProtection                  0x0800938b   Thumb Code   156  stm32f10x_flash.o(.text)
    FLASH_UserOptionByteConfig               0x08009427   Thumb Code    88  stm32f10x_flash.o(.text)
    FLASH_GetUserOptionByte                  0x0800947f   Thumb Code     8  stm32f10x_flash.o(.text)
    FLASH_GetWriteProtectionOptionByte       0x08009487   Thumb Code     6  stm32f10x_flash.o(.text)
    FLASH_GetPrefetchBufferStatus            0x0800948d   Thumb Code    20  stm32f10x_flash.o(.text)
    FLASH_ITConfig                           0x080094a1   Thumb Code    26  stm32f10x_flash.o(.text)
    FLASH_GetFlagStatus                      0x080094bb   Thumb Code    42  stm32f10x_flash.o(.text)
    FLASH_ClearFlag                          0x080094e5   Thumb Code     6  stm32f10x_flash.o(.text)
    FLASH_GetStatus                          0x080094eb   Thumb Code    48  stm32f10x_flash.o(.text)
    Reset_Handler                            0x0800952d   Thumb Code     8  startup_stm32f10x_hd.o(.text)
    ADC1_2_IRQHandler                        0x08009547   Thumb Code     0  startup_stm32f10x_hd.o(.text)
    ADC3_IRQHandler                          0x08009547   Thumb Code     0  startup_stm32f10x_hd.o(.text)
    CAN1_RX1_IRQHandler                      0x08009547   Thumb Code     0  startup_stm32f10x_hd.o(.text)
    CAN1_SCE_IRQHandler                      0x08009547   Thumb Code     0  startup_stm32f10x_hd.o(.text)
    DMA1_Channel2_IRQHandler                 0x08009547   Thumb Code     0  startup_stm32f10x_hd.o(.text)
    DMA1_Channel3_IRQHandler                 0x08009547   Thumb Code     0  startup_stm32f10x_hd.o(.text)
    DMA1_Channel4_IRQHandler                 0x08009547   Thumb Code     0  startup_stm32f10x_hd.o(.text)
    DMA1_Channel5_IRQHandler                 0x08009547   Thumb Code     0  startup_stm32f10x_hd.o(.text)
    DMA1_Channel6_IRQHandler                 0x08009547   Thumb Code     0  startup_stm32f10x_hd.o(.text)
    DMA1_Channel7_IRQHandler                 0x08009547   Thumb Code     0  startup_stm32f10x_hd.o(.text)
    DMA2_Channel1_IRQHandler                 0x08009547   Thumb Code     0  startup_stm32f10x_hd.o(.text)
    DMA2_Channel2_IRQHandler                 0x08009547   Thumb Code     0  startup_stm32f10x_hd.o(.text)
    DMA2_Channel3_IRQHandler                 0x08009547   Thumb Code     0  startup_stm32f10x_hd.o(.text)
    DMA2_Channel4_5_IRQHandler               0x08009547   Thumb Code     0  startup_stm32f10x_hd.o(.text)
    EXTI3_IRQHandler                         0x08009547   Thumb Code     0  startup_stm32f10x_hd.o(.text)
    FLASH_IRQHandler                         0x08009547   Thumb Code     0  startup_stm32f10x_hd.o(.text)
    FSMC_IRQHandler                          0x08009547   Thumb Code     0  startup_stm32f10x_hd.o(.text)
    I2C1_ER_IRQHandler                       0x08009547   Thumb Code     0  startup_stm32f10x_hd.o(.text)
    I2C1_EV_IRQHandler                       0x08009547   Thumb Code     0  startup_stm32f10x_hd.o(.text)
    I2C2_ER_IRQHandler                       0x08009547   Thumb Code     0  startup_stm32f10x_hd.o(.text)
    I2C2_EV_IRQHandler                       0x08009547   Thumb Code     0  startup_stm32f10x_hd.o(.text)
    PVD_IRQHandler                           0x08009547   Thumb Code     0  startup_stm32f10x_hd.o(.text)
    RCC_IRQHandler                           0x08009547   Thumb Code     0  startup_stm32f10x_hd.o(.text)
    RTCAlarm_IRQHandler                      0x08009547   Thumb Code     0  startup_stm32f10x_hd.o(.text)
    RTC_IRQHandler                           0x08009547   Thumb Code     0  startup_stm32f10x_hd.o(.text)
    SDIO_IRQHandler                          0x08009547   Thumb Code     0  startup_stm32f10x_hd.o(.text)
    SPI1_IRQHandler                          0x08009547   Thumb Code     0  startup_stm32f10x_hd.o(.text)
    SPI2_IRQHandler                          0x08009547   Thumb Code     0  startup_stm32f10x_hd.o(.text)
    SPI3_IRQHandler                          0x08009547   Thumb Code     0  startup_stm32f10x_hd.o(.text)
    TAMPER_IRQHandler                        0x08009547   Thumb Code     0  startup_stm32f10x_hd.o(.text)
    TIM1_BRK_IRQHandler                      0x08009547   Thumb Code     0  startup_stm32f10x_hd.o(.text)
    TIM1_TRG_COM_IRQHandler                  0x08009547   Thumb Code     0  startup_stm32f10x_hd.o(.text)
    TIM1_UP_IRQHandler                       0x08009547   Thumb Code     0  startup_stm32f10x_hd.o(.text)
    TIM2_IRQHandler                          0x08009547   Thumb Code     0  startup_stm32f10x_hd.o(.text)
    TIM3_IRQHandler                          0x08009547   Thumb Code     0  startup_stm32f10x_hd.o(.text)
    TIM4_IRQHandler                          0x08009547   Thumb Code     0  startup_stm32f10x_hd.o(.text)
    TIM5_IRQHandler                          0x08009547   Thumb Code     0  startup_stm32f10x_hd.o(.text)
    TIM7_IRQHandler                          0x08009547   Thumb Code     0  startup_stm32f10x_hd.o(.text)
    TIM8_BRK_IRQHandler                      0x08009547   Thumb Code     0  startup_stm32f10x_hd.o(.text)
    TIM8_CC_IRQHandler                       0x08009547   Thumb Code     0  startup_stm32f10x_hd.o(.text)
    TIM8_TRG_COM_IRQHandler                  0x08009547   Thumb Code     0  startup_stm32f10x_hd.o(.text)
    TIM8_UP_IRQHandler                       0x08009547   Thumb Code     0  startup_stm32f10x_hd.o(.text)
    UART4_IRQHandler                         0x08009547   Thumb Code     0  startup_stm32f10x_hd.o(.text)
    UART5_IRQHandler                         0x08009547   Thumb Code     0  startup_stm32f10x_hd.o(.text)
    USART1_IRQHandler                        0x08009547   Thumb Code     0  startup_stm32f10x_hd.o(.text)
    USART2_IRQHandler                        0x08009547   Thumb Code     0  startup_stm32f10x_hd.o(.text)
    USART3_IRQHandler                        0x08009547   Thumb Code     0  startup_stm32f10x_hd.o(.text)
    USBWakeUp_IRQHandler                     0x08009547   Thumb Code     0  startup_stm32f10x_hd.o(.text)
    USB_HP_CAN1_TX_IRQHandler                0x08009547   Thumb Code     0  startup_stm32f10x_hd.o(.text)
    WWDG_IRQHandler                          0x08009547   Thumb Code     0  startup_stm32f10x_hd.o(.text)
    __user_initial_stackheap                 0x08009549   Thumb Code     0  startup_stm32f10x_hd.o(.text)
    SystemInit                               0x0800964b   Thumb Code    78  system_stm32f10x.o(.text)
    SystemCoreClockUpdate                    0x08009699   Thumb Code   142  system_stm32f10x.o(.text)
    __use_no_semihosting                     0x0800974d   Thumb Code     2  use_no_semi_2.o(.text)
    __aeabi_llsl                             0x0800974f   Thumb Code     0  llshl.o(.text)
    _ll_shift_l                              0x0800974f   Thumb Code    38  llshl.o(.text)
    __aeabi_llsr                             0x08009775   Thumb Code     0  llushr.o(.text)
    _ll_ushift_r                             0x08009775   Thumb Code    38  llushr.o(.text)
    __2printf                                0x0800979d   Thumb Code    20  noretval__2printf.o(.text)
    _printf_int_dec                          0x080097b5   Thumb Code   104  _printf_dec.o(.text)
    _printf_int_hex                          0x0800982d   Thumb Code    84  _printf_hex_int.o(.text)
    _printf_longlong_hex                     0x0800982d   Thumb Code     0  _printf_hex_int.o(.text)
    __printf                                 0x08009885   Thumb Code   270  __printf_wp.o(.text)
    __aeabi_assert                           0x08009995   Thumb Code    86  assert.o(.text)
    __assert                                 0x08009995   Thumb Code     0  assert.o(.text)
    __aeabi_memcpy                           0x08009a15   Thumb Code     0  rt_memcpy_v6.o(.text)
    __rt_memcpy                              0x08009a15   Thumb Code   138  rt_memcpy_v6.o(.text)
    _memcpy_lastbytes                        0x08009a7b   Thumb Code     0  rt_memcpy_v6.o(.text)
    __aeabi_memcpy4                          0x08009a9f   Thumb Code     0  rt_memcpy_w.o(.text)
    __aeabi_memcpy8                          0x08009a9f   Thumb Code     0  rt_memcpy_w.o(.text)
    __rt_memcpy_w                            0x08009a9f   Thumb Code   100  rt_memcpy_w.o(.text)
    _memcpy_lastbytes_aligned                0x08009ae7   Thumb Code     0  rt_memcpy_w.o(.text)
    __aeabi_memclr                           0x08009b03   Thumb Code     0  rt_memclr.o(.text)
    __rt_memclr                              0x08009b03   Thumb Code    68  rt_memclr.o(.text)
    _memset                                  0x08009b07   Thumb Code     0  rt_memclr.o(.text)
    __aeabi_memclr4                          0x08009b47   Thumb Code     0  rt_memclr_w.o(.text)
    __aeabi_memclr8                          0x08009b47   Thumb Code     0  rt_memclr_w.o(.text)
    __rt_memclr_w                            0x08009b47   Thumb Code    78  rt_memclr_w.o(.text)
    _memset_w                                0x08009b4b   Thumb Code     0  rt_memclr_w.o(.text)
    __use_two_region_memory                  0x08009b95   Thumb Code     2  heapauxi.o(.text)
    __rt_heap_escrow$2region                 0x08009b97   Thumb Code     2  heapauxi.o(.text)
    __rt_heap_expand$2region                 0x08009b99   Thumb Code     2  heapauxi.o(.text)
    __I$use$semihosting                      0x08009b9b   Thumb Code     0  use_no_semi.o(.text)
    __use_no_semihosting_swi                 0x08009b9b   Thumb Code     2  use_no_semi.o(.text)
    _printf_int_common                       0x08009b9d   Thumb Code   178  _printf_intcommon.o(.text)
    __lib_sel_fp_printf                      0x08009c4f   Thumb Code     2  _printf_fp_dec.o(.text)
    _printf_fp_dec_real                      0x08009dfd   Thumb Code   620  _printf_fp_dec.o(.text)
    _printf_char_file                        0x0800a069   Thumb Code    32  _printf_char_file.o(.text)
    abort                                    0x0800a08d   Thumb Code    22  abort.o(.text)
    __assert_puts                            0x0800a0a3   Thumb Code    20  assert_puts.o(.text)
    __rt_locale                              0x0800a0b9   Thumb Code     8  rt_locale_intlibspace.o(.text)
    _ll_udiv10                               0x0800a0c1   Thumb Code   138  lludiv10.o(.text)
    _printf_char_common                      0x0800a157   Thumb Code    32  _printf_char_common.o(.text)
    _printf_fp_infnan                        0x0800a17d   Thumb Code   112  _printf_fp_infnan.o(.text)
    _btod_etento                             0x0800a1fd   Thumb Code   216  bigflt0.o(.text)
    ferror                                   0x0800a2d9   Thumb Code     8  ferror.o(.text)
    __rt_SIGABRT                             0x0800a2e1   Thumb Code    14  defsig_abrt_outer.o(.text)
    __user_libspace                          0x0800a2f1   Thumb Code     8  libspace.o(.text)
    __user_perproc_libspace                  0x0800a2f1   Thumb Code     0  libspace.o(.text)
    __user_perthread_libspace                0x0800a2f1   Thumb Code     0  libspace.o(.text)
    __user_setup_stackheap                   0x0800a2f9   Thumb Code    74  sys_stackheap_outer.o(.text)
    exit                                     0x0800a343   Thumb Code    18  exit.o(.text)
    __sig_exit                               0x0800a355   Thumb Code    10  defsig_exit.o(.text)
    __rt_SIGABRT_inner                       0x0800a361   Thumb Code    14  defsig_abrt_inner.o(.text)
    strcmp                                   0x0800a391   Thumb Code   128  strcmpv7m.o(.text)
    __default_signal_display                 0x0800a411   Thumb Code    50  defsig_general.o(.text)
    _btod_d2e                                0x0800a443   Thumb Code    62  btod.o(CL$$btod_d2e)
    _d2e_denorm_low                          0x0800a481   Thumb Code    70  btod.o(CL$$btod_d2e_denorm_low)
    _d2e_norm_op1                            0x0800a4c7   Thumb Code    96  btod.o(CL$$btod_d2e_norm_op1)
    __btod_div_common                        0x0800a527   Thumb Code   696  btod.o(CL$$btod_div_common)
    _e2e                                     0x0800a85f   Thumb Code   198  btod.o(CL$$btod_e2e)
    _btod_ediv                               0x0800a925   Thumb Code    40  btod.o(CL$$btod_ediv)
    _btod_emul                               0x0800a94d   Thumb Code    40  btod.o(CL$$btod_emul)
    __btod_mult_common                       0x0800a975   Thumb Code   580  btod.o(CL$$btod_mult_common)
    __ARM_fpclassify                         0x0800abb9   Thumb Code    40  fpclassify.o(i.__ARM_fpclassify)
    _is_digit                                0x0800abe1   Thumb Code    14  __printf_wp.o(i._is_digit)
    _get_lc_numeric                          0x0800abf1   Thumb Code    44  lc_numeric_c.o(locale$$code)
    __aeabi_ddiv                             0x0800ac1d   Thumb Code     0  ddiv.o(x$fpl$ddiv)
    _ddiv                                    0x0800ac1d   Thumb Code   552  ddiv.o(x$fpl$ddiv)
    __aeabi_d2iz                             0x0800aecd   Thumb Code     0  dfix.o(x$fpl$dfix)
    _dfix                                    0x0800aecd   Thumb Code    94  dfix.o(x$fpl$dfix)
    __aeabi_d2uiz                            0x0800af2d   Thumb Code     0  dfixu.o(x$fpl$dfixu)
    _dfixu                                   0x0800af2d   Thumb Code    90  dfixu.o(x$fpl$dfixu)
    __aeabi_i2d                              0x0800af87   Thumb Code     0  dflt_clz.o(x$fpl$dflt)
    _dflt                                    0x0800af87   Thumb Code    46  dflt_clz.o(x$fpl$dflt)
    __aeabi_dmul                             0x0800afb5   Thumb Code     0  dmul.o(x$fpl$dmul)
    _dmul                                    0x0800afb5   Thumb Code   332  dmul.o(x$fpl$dmul)
    __fpl_dnaninf                            0x0800b109   Thumb Code   156  dnaninf.o(x$fpl$dnaninf)
    __fpl_dretinf                            0x0800b1a5   Thumb Code    12  dretinf.o(x$fpl$dretinf)
    __aeabi_f2d                              0x0800b1b1   Thumb Code     0  f2d.o(x$fpl$f2d)
    _f2d                                     0x0800b1b1   Thumb Code    86  f2d.o(x$fpl$f2d)
    __fpl_fcmp_Inf                           0x0800b207   Thumb Code    24  fcmpi.o(x$fpl$fcmpinf)
    __aeabi_fdiv                             0x0800b221   Thumb Code     0  fdiv.o(x$fpl$fdiv)
    _fdiv                                    0x0800b221   Thumb Code   384  fdiv.o(x$fpl$fdiv)
    __aeabi_i2f                              0x0800b3a5   Thumb Code     0  fflt_clz.o(x$fpl$fflt)
    _fflt                                    0x0800b3a5   Thumb Code    48  fflt_clz.o(x$fpl$fflt)
    __aeabi_cfcmple                          0x0800b3d5   Thumb Code     0  fleqf.o(x$fpl$fleqf)
    _fcmple                                  0x0800b3d5   Thumb Code   104  fleqf.o(x$fpl$fleqf)
    __fpl_fcmple_InfNaN                      0x0800b427   Thumb Code     0  fleqf.o(x$fpl$fleqf)
    __aeabi_fmul                             0x0800b43d   Thumb Code     0  fmul.o(x$fpl$fmul)
    _fmul                                    0x0800b43d   Thumb Code   258  fmul.o(x$fpl$fmul)
    __fpl_fnaninf                            0x0800b53f   Thumb Code   140  fnaninf.o(x$fpl$fnaninf)
    __fpl_fretinf                            0x0800b5cb   Thumb Code    10  fretinf.o(x$fpl$fretinf)
    __aeabi_cfrcmple                         0x0800b5d5   Thumb Code     0  frleqf.o(x$fpl$frleqf)
    _frcmple                                 0x0800b5d5   Thumb Code    98  frleqf.o(x$fpl$frleqf)
    _printf_fp_dec                           0x0800b637   Thumb Code     4  printf1.o(x$fpl$printf1)
    __I$use$fp                               0x0800b63a   Number         0  usenofp.o(x$fpl$usenofp)
    Region$$Table$$Base                      0x0800ba08   Number         0  anon$$obj.o(Region$$Table)
    Region$$Table$$Limit                     0x0800ba28   Number         0  anon$$obj.o(Region$$Table)
    param_temp                               0x20000000   Data           2  main.o(.data)
    temp_interval                            0x20000004   Data           4  main.o(.data)
    sw1                                      0x20000008   Data           1  main.o(.data)
    sw2                                      0x20000009   Data           1  main.o(.data)
    t1                                       0x2000000a   Data           1  main.o(.data)
    t2                                       0x2000000b   Data           1  main.o(.data)
    t3                                       0x2000000c   Data           1  main.o(.data)
    t4                                       0x2000000d   Data           1  main.o(.data)
    t5                                       0x2000000e   Data           1  main.o(.data)
    t6                                       0x2000000f   Data           1  main.o(.data)
    t7                                       0x20000010   Data           1  main.o(.data)
    t8                                       0x20000011   Data           1  main.o(.data)
    t9                                       0x20000012   Data           1  main.o(.data)
    t10                                      0x20000013   Data           1  main.o(.data)
    UAVCAN_NODE_ID_SELF_ID                   0x20000014   Data           1  can.o(.data)
    CAN_RX_LEN                               0x20000016   Data           2  can.o(.data)
    RX_FLAG                                  0x20000018   Data           1  can.o(.data)
    flash_hex_baseaddr                       0x2000001c   Data           4  can.o(.data)
    transfer_id                              0x20000020   Data           1  can.o(.data)
    __stdout                                 0x20000024   Data           4  usart.o(.data)
    SystemCoreClock                          0x2000003c   Data           4  system_stm32f10x.o(.data)
    AHBPrescTable                            0x20000040   Data          16  system_stm32f10x.o(.data)
    gGlobal                                  0x20000050   Data         240  main.o(.bss)
    CAN_rx_buf                               0x20000140   Data          50  can.o(.bss)
    CAN_tx_buf                               0x20000172   Data          50  can.o(.bss)
    IAP_BUFFER                               0x200001a4   Data          40  can.o(.bss)
    canard                                   0x200001cc   Data          36  can.o(.bss)
    canard_memory_pool                       0x200001f0   Data        1024  can.o(.bss)
    RxMessage                                0x20000610   Data          20  can.o(.bss)
    __libspace_start                         0x20000624   Data          96  libspace.o(.bss)
    __temporary_stack_top$libspace           0x20000684   Data           0  libspace.o(.bss)



==============================================================================

Memory Map of the image

  Image Entry point : 0x08000131

  Load Region LR_IROM1 (Base: 0x08000000, Size: 0x0000ba94, Max: 0x00040000, ABSOLUTE)

    Execution Region ER_IROM1 (Base: 0x08000000, Size: 0x0000ba44, Max: 0x00040000, ABSOLUTE)

    Base Addr    Size         Type   Attr      Idx    E Section Name        Object

    0x08000000   0x00000130   Data   RO          579    RESET               startup_stm32f10x_hd.o
    0x08000130   0x00000008   Code   RO          675  * !!!main             c_w.l(__main.o)
    0x08000138   0x00000034   Code   RO          945    !!!scatter          c_w.l(__scatter.o)
    0x0800016c   0x0000001a   Code   RO          947    !!handler_copy      c_w.l(__scatter_copy.o)
    0x08000186   0x00000002   PAD
    0x08000188   0x0000001c   Code   RO          949    !!handler_zi        c_w.l(__scatter_zi.o)
    0x080001a4   0x00000000   Code   RO          662    .ARM.Collect$$_printf_percent$$00000000  c_w.l(_printf_percent.o)
    0x080001a4   0x00000006   Code   RO          661    .ARM.Collect$$_printf_percent$$00000003  c_w.l(_printf_f.o)
    0x080001aa   0x00000006   Code   RO          660    .ARM.Collect$$_printf_percent$$00000009  c_w.l(_printf_d.o)
    0x080001b0   0x00000006   Code   RO          659    .ARM.Collect$$_printf_percent$$0000000C  c_w.l(_printf_x.o)
    0x080001b6   0x00000004   Code   RO          724    .ARM.Collect$$_printf_percent$$00000017  c_w.l(_printf_percent_end.o)
    0x080001ba   0x00000002   Code   RO          830    .ARM.Collect$$libinit$$00000000  c_w.l(libinit.o)
    0x080001bc   0x00000000   Code   RO          832    .ARM.Collect$$libinit$$00000002  c_w.l(libinit2.o)
    0x080001bc   0x00000000   Code   RO          834    .ARM.Collect$$libinit$$00000004  c_w.l(libinit2.o)
    0x080001bc   0x00000000   Code   RO          837    .ARM.Collect$$libinit$$0000000A  c_w.l(libinit2.o)
    0x080001bc   0x00000000   Code   RO          839    .ARM.Collect$$libinit$$0000000C  c_w.l(libinit2.o)
    0x080001bc   0x00000000   Code   RO          841    .ARM.Collect$$libinit$$0000000E  c_w.l(libinit2.o)
    0x080001bc   0x00000006   Code   RO          842    .ARM.Collect$$libinit$$0000000F  c_w.l(libinit2.o)
    0x080001c2   0x00000000   Code   RO          844    .ARM.Collect$$libinit$$00000011  c_w.l(libinit2.o)
    0x080001c2   0x00000000   Code   RO          846    .ARM.Collect$$libinit$$00000013  c_w.l(libinit2.o)
    0x080001c2   0x00000000   Code   RO          848    .ARM.Collect$$libinit$$00000015  c_w.l(libinit2.o)
    0x080001c2   0x0000000a   Code   RO          849    .ARM.Collect$$libinit$$00000016  c_w.l(libinit2.o)
    0x080001cc   0x00000000   Code   RO          850    .ARM.Collect$$libinit$$00000017  c_w.l(libinit2.o)
    0x080001cc   0x00000000   Code   RO          852    .ARM.Collect$$libinit$$00000019  c_w.l(libinit2.o)
    0x080001cc   0x00000000   Code   RO          854    .ARM.Collect$$libinit$$0000001B  c_w.l(libinit2.o)
    0x080001cc   0x00000000   Code   RO          856    .ARM.Collect$$libinit$$0000001D  c_w.l(libinit2.o)
    0x080001cc   0x00000000   Code   RO          858    .ARM.Collect$$libinit$$0000001F  c_w.l(libinit2.o)
    0x080001cc   0x00000000   Code   RO          860    .ARM.Collect$$libinit$$00000021  c_w.l(libinit2.o)
    0x080001cc   0x00000000   Code   RO          862    .ARM.Collect$$libinit$$00000023  c_w.l(libinit2.o)
    0x080001cc   0x00000000   Code   RO          864    .ARM.Collect$$libinit$$00000025  c_w.l(libinit2.o)
    0x080001cc   0x00000000   Code   RO          868    .ARM.Collect$$libinit$$0000002C  c_w.l(libinit2.o)
    0x080001cc   0x00000000   Code   RO          870    .ARM.Collect$$libinit$$0000002E  c_w.l(libinit2.o)
    0x080001cc   0x00000000   Code   RO          872    .ARM.Collect$$libinit$$00000030  c_w.l(libinit2.o)
    0x080001cc   0x00000000   Code   RO          874    .ARM.Collect$$libinit$$00000032  c_w.l(libinit2.o)
    0x080001cc   0x00000002   Code   RO          875    .ARM.Collect$$libinit$$00000033  c_w.l(libinit2.o)
    0x080001ce   0x00000002   Code   RO          925    .ARM.Collect$$libshutdown$$00000000  c_w.l(libshutdown.o)
    0x080001d0   0x00000000   Code   RO          928    .ARM.Collect$$libshutdown$$00000002  c_w.l(libshutdown2.o)
    0x080001d0   0x00000000   Code   RO          930    .ARM.Collect$$libshutdown$$00000004  c_w.l(libshutdown2.o)
    0x080001d0   0x00000000   Code   RO          933    .ARM.Collect$$libshutdown$$00000007  c_w.l(libshutdown2.o)
    0x080001d0   0x00000000   Code   RO          936    .ARM.Collect$$libshutdown$$0000000A  c_w.l(libshutdown2.o)
    0x080001d0   0x00000000   Code   RO          938    .ARM.Collect$$libshutdown$$0000000C  c_w.l(libshutdown2.o)
    0x080001d0   0x00000000   Code   RO          941    .ARM.Collect$$libshutdown$$0000000F  c_w.l(libshutdown2.o)
    0x080001d0   0x00000002   Code   RO          942    .ARM.Collect$$libshutdown$$00000010  c_w.l(libshutdown2.o)
    0x080001d2   0x00000000   Code   RO          717    .ARM.Collect$$rtentry$$00000000  c_w.l(__rtentry.o)
    0x080001d2   0x00000000   Code   RO          741    .ARM.Collect$$rtentry$$00000002  c_w.l(__rtentry2.o)
    0x080001d2   0x00000006   Code   RO          753    .ARM.Collect$$rtentry$$00000004  c_w.l(__rtentry4.o)
    0x080001d8   0x00000000   Code   RO          743    .ARM.Collect$$rtentry$$00000009  c_w.l(__rtentry2.o)
    0x080001d8   0x00000004   Code   RO          744    .ARM.Collect$$rtentry$$0000000A  c_w.l(__rtentry2.o)
    0x080001dc   0x00000000   Code   RO          746    .ARM.Collect$$rtentry$$0000000C  c_w.l(__rtentry2.o)
    0x080001dc   0x00000008   Code   RO          747    .ARM.Collect$$rtentry$$0000000D  c_w.l(__rtentry2.o)
    0x080001e4   0x00000002   Code   RO          876    .ARM.Collect$$rtexit$$00000000  c_w.l(rtexit.o)
    0x080001e6   0x00000000   Code   RO          887    .ARM.Collect$$rtexit$$00000002  c_w.l(rtexit2.o)
    0x080001e6   0x00000004   Code   RO          888    .ARM.Collect$$rtexit$$00000003  c_w.l(rtexit2.o)
    0x080001ea   0x00000006   Code   RO          889    .ARM.Collect$$rtexit$$00000004  c_w.l(rtexit2.o)
    0x080001f0   0x0000089c   Code   RO            1    .text               main.o
    0x08000a8c   0x00000034   Code   RO          150    .text               stm32f10x_it.o
    0x08000ac0   0x00001070   Code   RO          173    .text               can.o
    0x08001b30   0x000017c8   Code   RO          242    .text               canard.o
    0x080032f8   0x000007b4   Code   RO          268    .text               ocpsampling.o
    0x08003aac   0x000002d4   Code   RO          280    .text               ds18.o
    0x08003d80   0x0000208c   Code   RO          295    .text               exdcmotor.o
    0x08005e0c   0x000000c4   Code   RO          308    .text               led.o
    0x08005ed0   0x0000009c   Code   RO          352    .text               usart.o
    0x08005f6c   0x00000420   Code   RO          371    .text               timerapp.o
    0x0800638c   0x000000dc   Code   RO          383    .text               misc.o
    0x08006468   0x0000035c   Code   RO          407    .text               stm32f10x_gpio.o
    0x080067c4   0x000003a4   Code   RO          419    .text               stm32f10x_rcc.o
    0x08006b68   0x000009f0   Code   RO          433    .text               stm32f10x_can.o
    0x08007558   0x00000408   Code   RO          445    .text               stm32f10x_usart.o
    0x08007960   0x00000e4e   Code   RO          457    .text               stm32f10x_tim.o
    0x080087ae   0x00000002   PAD
    0x080087b0   0x0000044e   Code   RO          469    .text               stm32f10x_adc.o
    0x08008bfe   0x00000002   PAD
    0x08008c00   0x00000254   Code   RO          481    .text               stm32f10x_dma.o
    0x08008e54   0x0000011c   Code   RO          493    .text               stm32f10x_exti.o
    0x08008f70   0x000005bc   Code   RO          541    .text               stm32f10x_flash.o
    0x0800952c   0x00000040   Code   RO          580    .text               startup_stm32f10x_hd.o
    0x0800956c   0x000001e0   Code   RO          584    .text               system_stm32f10x.o
    0x0800974c   0x00000002   Code   RO          604    .text               c_w.l(use_no_semi_2.o)
    0x0800974e   0x00000026   Code   RO          606    .text               c_w.l(llshl.o)
    0x08009774   0x00000026   Code   RO          608    .text               c_w.l(llushr.o)
    0x0800979a   0x00000002   PAD
    0x0800979c   0x00000018   Code   RO          612    .text               c_w.l(noretval__2printf.o)
    0x080097b4   0x00000078   Code   RO          616    .text               c_w.l(_printf_dec.o)
    0x0800982c   0x00000058   Code   RO          621    .text               c_w.l(_printf_hex_int.o)
    0x08009884   0x0000010e   Code   RO          647    .text               c_w.l(__printf_wp.o)
    0x08009992   0x00000002   PAD
    0x08009994   0x00000080   Code   RO          663    .text               c_w.l(assert.o)
    0x08009a14   0x0000008a   Code   RO          665    .text               c_w.l(rt_memcpy_v6.o)
    0x08009a9e   0x00000064   Code   RO          667    .text               c_w.l(rt_memcpy_w.o)
    0x08009b02   0x00000044   Code   RO          669    .text               c_w.l(rt_memclr.o)
    0x08009b46   0x0000004e   Code   RO          671    .text               c_w.l(rt_memclr_w.o)
    0x08009b94   0x00000006   Code   RO          673    .text               c_w.l(heapauxi.o)
    0x08009b9a   0x00000002   Code   RO          715    .text               c_w.l(use_no_semi.o)
    0x08009b9c   0x000000b2   Code   RO          718    .text               c_w.l(_printf_intcommon.o)
    0x08009c4e   0x0000041a   Code   RO          720    .text               c_w.l(_printf_fp_dec.o)
    0x0800a068   0x00000024   Code   RO          722    .text               c_w.l(_printf_char_file.o)
    0x0800a08c   0x00000016   Code   RO          725    .text               c_w.l(abort.o)
    0x0800a0a2   0x00000014   Code   RO          727    .text               c_w.l(assert_puts.o)
    0x0800a0b6   0x00000002   PAD
    0x0800a0b8   0x00000008   Code   RO          758    .text               c_w.l(rt_locale_intlibspace.o)
    0x0800a0c0   0x0000008a   Code   RO          760    .text               c_w.l(lludiv10.o)
    0x0800a14a   0x00000002   PAD
    0x0800a14c   0x00000030   Code   RO          762    .text               c_w.l(_printf_char_common.o)
    0x0800a17c   0x00000080   Code   RO          764    .text               c_w.l(_printf_fp_infnan.o)
    0x0800a1fc   0x000000dc   Code   RO          766    .text               c_w.l(bigflt0.o)
    0x0800a2d8   0x00000008   Code   RO          791    .text               c_w.l(ferror.o)
    0x0800a2e0   0x0000000e   Code   RO          798    .text               c_w.l(defsig_abrt_outer.o)
    0x0800a2ee   0x00000002   PAD
    0x0800a2f0   0x00000008   Code   RO          808    .text               c_w.l(libspace.o)
    0x0800a2f8   0x0000004a   Code   RO          811    .text               c_w.l(sys_stackheap_outer.o)
    0x0800a342   0x00000012   Code   RO          817    .text               c_w.l(exit.o)
    0x0800a354   0x0000000a   Code   RO          819    .text               c_w.l(defsig_exit.o)
    0x0800a35e   0x00000002   PAD
    0x0800a360   0x00000030   Code   RO          821    .text               c_w.l(defsig_abrt_inner.o)
    0x0800a390   0x00000080   Code   RO          823    .text               c_w.l(strcmpv7m.o)
    0x0800a410   0x00000032   Code   RO          880    .text               c_w.l(defsig_general.o)
    0x0800a442   0x0000003e   Code   RO          769    CL$$btod_d2e        c_w.l(btod.o)
    0x0800a480   0x00000046   Code   RO          771    CL$$btod_d2e_denorm_low  c_w.l(btod.o)
    0x0800a4c6   0x00000060   Code   RO          770    CL$$btod_d2e_norm_op1  c_w.l(btod.o)
    0x0800a526   0x00000338   Code   RO          779    CL$$btod_div_common  c_w.l(btod.o)
    0x0800a85e   0x000000c6   Code   RO          776    CL$$btod_e2e        c_w.l(btod.o)
    0x0800a924   0x00000028   Code   RO          773    CL$$btod_ediv       c_w.l(btod.o)
    0x0800a94c   0x00000028   Code   RO          772    CL$$btod_emul       c_w.l(btod.o)
    0x0800a974   0x00000244   Code   RO          778    CL$$btod_mult_common  c_w.l(btod.o)
    0x0800abb8   0x00000028   Code   RO          806    i.__ARM_fpclassify  m_ws.l(fpclassify.o)
    0x0800abe0   0x0000000e   Code   RO          649    i._is_digit         c_w.l(__printf_wp.o)
    0x0800abee   0x00000002   PAD
    0x0800abf0   0x0000002c   Code   RO          796    locale$$code        c_w.l(lc_numeric_c.o)
    0x0800ac1c   0x000002b0   Code   RO          678    x$fpl$ddiv          fz_ws.l(ddiv.o)
    0x0800aecc   0x0000005e   Code   RO          681    x$fpl$dfix          fz_ws.l(dfix.o)
    0x0800af2a   0x00000002   PAD
    0x0800af2c   0x0000005a   Code   RO          685    x$fpl$dfixu         fz_ws.l(dfixu.o)
    0x0800af86   0x0000002e   Code   RO          690    x$fpl$dflt          fz_ws.l(dflt_clz.o)
    0x0800afb4   0x00000154   Code   RO          695    x$fpl$dmul          fz_ws.l(dmul.o)
    0x0800b108   0x0000009c   Code   RO          729    x$fpl$dnaninf       fz_ws.l(dnaninf.o)
    0x0800b1a4   0x0000000c   Code   RO          731    x$fpl$dretinf       fz_ws.l(dretinf.o)
    0x0800b1b0   0x00000056   Code   RO          697    x$fpl$f2d           fz_ws.l(f2d.o)
    0x0800b206   0x00000018   Code   RO          802    x$fpl$fcmpinf       fz_ws.l(fcmpi.o)
    0x0800b21e   0x00000002   PAD
    0x0800b220   0x00000184   Code   RO          700    x$fpl$fdiv          fz_ws.l(fdiv.o)
    0x0800b3a4   0x00000030   Code   RO          704    x$fpl$fflt          fz_ws.l(fflt_clz.o)
    0x0800b3d4   0x00000068   Code   RO          733    x$fpl$fleqf         fz_ws.l(fleqf.o)
    0x0800b43c   0x00000102   Code   RO          709    x$fpl$fmul          fz_ws.l(fmul.o)
    0x0800b53e   0x0000008c   Code   RO          735    x$fpl$fnaninf       fz_ws.l(fnaninf.o)
    0x0800b5ca   0x0000000a   Code   RO          737    x$fpl$fretinf       fz_ws.l(fretinf.o)
    0x0800b5d4   0x00000062   Code   RO          711    x$fpl$frleqf        fz_ws.l(frleqf.o)
    0x0800b636   0x00000004   Code   RO          713    x$fpl$printf1       fz_ws.l(printf1.o)
    0x0800b63a   0x00000000   Code   RO          739    x$fpl$usenofp       fz_ws.l(usenofp.o)
    0x0800b63a   0x00000002   PAD
    0x0800b63c   0x00000014   Data   RO          243    .constdata          canard.o
    0x0800b650   0x00000028   Data   RO          622    .constdata          c_w.l(_printf_hex_int.o)
    0x0800b678   0x00000094   Data   RO          767    .constdata          c_w.l(bigflt0.o)
    0x0800b70c   0x000000d4   Data   RO          175    .conststring        can.o
    0x0800b7e0   0x00000056   Data   RO          244    .conststring        canard.o
    0x0800b836   0x00000002   PAD
    0x0800b838   0x000001cd   Data   RO          296    .conststring        exdcmotor.o
    0x0800ba05   0x00000003   PAD
    0x0800ba08   0x00000020   Data   RO          943    Region$$Table       anon$$obj.o
    0x0800ba28   0x0000001c   Data   RO          795    locale$$data        c_w.l(lc_numeric_c.o)


    Execution Region RW_IRAM1 (Base: 0x20000000, Size: 0x00004888, Max: 0x0000c000, ABSOLUTE)

    Base Addr    Size         Type   Attr      Idx    E Section Name        Object

    0x20000000   0x00000014   Data   RW            3    .data               main.o
    0x20000014   0x0000000d   Data   RW          176    .data               can.o
    0x20000021   0x00000003   PAD
    0x20000024   0x00000004   Data   RW          353    .data               usart.o
    0x20000028   0x00000014   Data   RW          420    .data               stm32f10x_rcc.o
    0x2000003c   0x00000014   Data   RW          585    .data               system_stm32f10x.o
    0x20000050   0x000000f0   Zero   RW            2    .bss                main.o
    0x20000140   0x000004e4   Zero   RW          174    .bss                can.o
    0x20000624   0x00000060   Zero   RW          809    .bss                c_w.l(libspace.o)
    0x20000684   0x00000004   PAD
    0x20000688   0x00000200   Zero   RW          578    HEAP                startup_stm32f10x_hd.o
    0x20000888   0x00004000   Zero   RW          577    STACK               startup_stm32f10x_hd.o


==============================================================================

Image component sizes


      Code (inc. data)   RO Data    RW Data    ZI Data      Debug   Object Name

      4208        572        212         13       1252     240293   can.o
      6088        760        106          0          0      26262   canard.o
       724         12          0          0          0       2803   ds18.o
      8332       1590        461          0          0       8743   exdcmotor.o
       196          8          0          0          0        806   led.o
      2204        514          0         20        240     294697   main.o
       220         22          0          0          0       1849   misc.o
      1972        256          0          0          0       2885   ocpsampling.o
        64         26        304          0      16896        852   startup_stm32f10x_hd.o
      1102         26          0          0          0      11089   stm32f10x_adc.o
      2544         38          0          0          0       8076   stm32f10x_can.o
       596          8          0          0          0       4410   stm32f10x_dma.o
       284         10          0          0          0       2303   stm32f10x_exti.o
      1468         34          0          0          0       8254   stm32f10x_flash.o
       860         38          0          0          0       5781   stm32f10x_gpio.o
        52          6          0          0          0       1266   stm32f10x_it.o
       932         36          0         20          0       8980   stm32f10x_rcc.o
      3662         86          0          0          0      22920   stm32f10x_tim.o
      1032         22          0          0          0       8504   stm32f10x_usart.o
         0          0          0          0          0         32   sys.o
       480         38          0         20          0       1935   system_stm32f10x.o
      1056         68          0          0          0       2546   timerapp.o
       156          8          0          4          0       2995   usart.o

    ----------------------------------------------------------------------
     38236       4178       1120         80      18388     668281   Object Totals
         0          0         32          0          0          0   (incl. Generated)
         4          0          5          3          0          0   (incl. Padding)

    ----------------------------------------------------------------------

      Code (inc. data)   RO Data    RW Data    ZI Data      Debug   Library Member Name

         8          0          0          0          0         68   __main.o
       284          0          0          0          0        156   __printf_wp.o
         0          0          0          0          0          0   __rtentry.o
        12          0          0          0          0          0   __rtentry2.o
         6          0          0          0          0          0   __rtentry4.o
        52          8          0          0          0          0   __scatter.o
        26          0          0          0          0          0   __scatter_copy.o
        28          0          0          0          0          0   __scatter_zi.o
        48          6          0          0          0         96   _printf_char_common.o
        36          4          0          0          0         80   _printf_char_file.o
         6          0          0          0          0          0   _printf_d.o
       120         16          0          0          0         92   _printf_dec.o
         6          0          0          0          0          0   _printf_f.o
      1050          0          0          0          0        216   _printf_fp_dec.o
       128         16          0          0          0         84   _printf_fp_infnan.o
        88          4         40          0          0         88   _printf_hex_int.o
       178          0          0          0          0         88   _printf_intcommon.o
         0          0          0          0          0          0   _printf_percent.o
         4          0          0          0          0          0   _printf_percent_end.o
         6          0          0          0          0          0   _printf_x.o
        22          0          0          0          0         80   abort.o
       128         42          0          0          0         76   assert.o
        20          0          0          0          0         76   assert_puts.o
       220          4        148          0          0         96   bigflt0.o
      1910        128          0          0          0        672   btod.o
        48         34          0          0          0         76   defsig_abrt_inner.o
        14          0          0          0          0         80   defsig_abrt_outer.o
        10          0          0          0          0         68   defsig_exit.o
        50          0          0          0          0         88   defsig_general.o
        18          0          0          0          0         80   exit.o
         8          0          0          0          0         68   ferror.o
         6          0          0          0          0        152   heapauxi.o
        44         10         28          0          0         76   lc_numeric_c.o
         2          0          0          0          0          0   libinit.o
        18          0          0          0          0          0   libinit2.o
         2          0          0          0          0          0   libshutdown.o
         2          0          0          0          0          0   libshutdown2.o
         8          4          0          0         96         68   libspace.o
        38          0          0          0          0         68   llshl.o
       138          0          0          0          0         80   lludiv10.o
        38          0          0          0          0         68   llushr.o
        24          4          0          0          0         84   noretval__2printf.o
         8          4          0          0          0         68   rt_locale_intlibspace.o
        68          0          0          0          0         68   rt_memclr.o
        78          0          0          0          0         80   rt_memclr_w.o
       138          0          0          0          0         68   rt_memcpy_v6.o
       100          0          0          0          0         80   rt_memcpy_w.o
         2          0          0          0          0          0   rtexit.o
        10          0          0          0          0          0   rtexit2.o
       128          0          0          0          0         68   strcmpv7m.o
        74          0          0          0          0         80   sys_stackheap_outer.o
         2          0          0          0          0         68   use_no_semi.o
         2          0          0          0          0         68   use_no_semi_2.o
       688        140          0          0          0        208   ddiv.o
        94          4          0          0          0         92   dfix.o
        90          4          0          0          0         92   dfixu.o
        46          0          0          0          0         68   dflt_clz.o
       340         12          0          0          0        104   dmul.o
       156          4          0          0          0         92   dnaninf.o
        12          0          0          0          0         68   dretinf.o
        86          4          0          0          0         84   f2d.o
        24          0          0          0          0         68   fcmpi.o
       388         76          0          0          0         96   fdiv.o
        48          0          0          0          0         68   fflt_clz.o
       104          4          0          0          0         84   fleqf.o
       258          4          0          0          0         84   fmul.o
       140          4          0          0          0         84   fnaninf.o
        10          0          0          0          0         68   fretinf.o
        98          0          0          0          0         68   frleqf.o
         4          0          0          0          0         68   printf1.o
         0          0          0          0          0          0   usenofp.o
        40          0          0          0          0         68   fpclassify.o

    ----------------------------------------------------------------------
      8112        540        216          0        100       5236   Library Totals
        22          0          0          0          4          0   (incl. Padding)

    ----------------------------------------------------------------------

      Code (inc. data)   RO Data    RW Data    ZI Data      Debug   Library Name

      5464        284        216          0         96       3672   c_w.l
      2586        256          0          0          0       1496   fz_ws.l
        40          0          0          0          0         68   m_ws.l

    ----------------------------------------------------------------------
      8112        540        216          0        100       5236   Library Totals

    ----------------------------------------------------------------------

==============================================================================


      Code (inc. data)   RO Data    RW Data    ZI Data      Debug   

     46348       4718       1336         80      18488     668209   Grand Totals
     46348       4718       1336         80      18488     668209   ELF Image Totals
     46348       4718       1336         80          0          0   ROM Totals

==============================================================================

    Total RO  Size (Code + RO Data)                47684 (  46.57kB)
    Total RW  Size (RW Data + ZI Data)             18568 (  18.13kB)
    Total ROM Size (Code + RO Data + RW Data)      47764 (  46.64kB)

==============================================================================

