Component: ARM Compiler 5.06 update 4 (build 422) Tool: armlink [4d35d2]

==============================================================================

Section Cross References

    main.o(.text) refers to _printf_percent.o(.ARM.Collect$$_printf_percent$$00000000) for _printf_percent
    main.o(.text) refers to _printf_f.o(.ARM.Collect$$_printf_percent$$00000003) for _printf_f
    main.o(.text) refers to printf1.o(x$fpl$printf1) for _printf_fp_dec
    main.o(.text) refers to stm32f10x_rcc.o(.text) for RCC_APB2PeriphClockCmd
    main.o(.text) refers to stm32f10x_gpio.o(.text) for GPIO_Init
    main.o(.text) refers to timerapp.o(.text) for TIM_DELAY_INIT
    main.o(.text) refers to usart.o(.text) for uart_init
    main.o(.text) refers to ocpsampling.o(.text) for VoltSampling_Init
    main.o(.text) refers to led.o(.text) for LED_Init
    main.o(.text) refers to exdcmotor.o(.text) for Locker_Switching_Init
    main.o(.text) refers to ds18.o(.text) for DS18B20_Init
    main.o(.text) refers to noretval__2printf.o(.text) for __2printf
    main.o(.text) refers to stm32f10x_tim.o(.text) for TIM_Cmd
    main.o(.text) refers to can.o(.text) for CAN_Configuration
    main.o(.text) refers to stm32f10x_dma.o(.text) for DMA_Cmd
    main.o(.text) refers to stm32f10x_adc.o(.text) for ADC_Cmd
    main.o(.text) refers to fflt_clz.o(x$fpl$fflt) for __aeabi_i2f
    main.o(.text) refers to fdiv.o(x$fpl$fdiv) for __aeabi_fdiv
    main.o(.text) refers to f2d.o(x$fpl$f2d) for __aeabi_f2d
    main.o(.text) refers to stm32f10x_exti.o(.text) for EXTI_GetFlagStatus
    main.o(.text) refers to system_stm32f10x.o(.data) for SystemCoreClock
    main.o(.text) refers to main.o(.data) for param_temp
    main.o(.text) refers to main.o(.bss) for gGlobal
    stm32f10x_it.o(.text) refers to main.o(.bss) for gGlobal
    can.o(.text) refers to rt_memcpy_v6.o(.text) for __aeabi_memcpy
    can.o(.text) refers to rt_memcpy_w.o(.text) for __aeabi_memcpy4
    can.o(.text) refers to stm32f10x_rcc.o(.text) for RCC_APB1PeriphClockCmd
    can.o(.text) refers to stm32f10x_gpio.o(.text) for GPIO_Init
    can.o(.text) refers to stm32f10x_can.o(.text) for CAN_DeInit
    can.o(.text) refers to misc.o(.text) for NVIC_Init
    can.o(.text) refers to canard.o(.text) for canardInit
    can.o(.text) refers to stm32f10x_tim.o(.text) for TIM_ITConfig
    can.o(.text) refers to can.o(.data) for RX_FLAG
    can.o(.text) refers to can.o(.bss) for CAN_rx_buf
    can.o(.text) refers to main.o(.bss) for gGlobal
    can.o(.text) refers to rt_memclr.o(.text) for __aeabi_memclr
    can.o(.text) refers to noretval__2printf.o(.text) for __2printf
    can.o(.text) refers to can.o(.conststring) for .conststring
    can.o(.text) refers to exdcmotor.o(.text) for DoorEnable_Config
    can.o(.text) refers to ocpsampling.o(.text) for LockerChannelEnable
    can.o(.text) refers to stm32f10x_flash.o(.text) for FLASH_Unlock
    canard.o(.text) refers to assert.o(.text) for __aeabi_assert
    canard.o(.text) refers to rt_memclr_w.o(.text) for __aeabi_memclr4
    canard.o(.text) refers to rt_memcpy_v6.o(.text) for __aeabi_memcpy
    canard.o(.text) refers to llushr.o(.text) for __aeabi_llsr
    canard.o(.text) refers to rt_memcpy_w.o(.text) for __aeabi_memcpy4
    canard.o(.text) refers to canard.o(.conststring) for .conststring
    canard.o(.text) refers to llshl.o(.text) for __aeabi_llsl
    canard.o(.text) refers to fmul.o(x$fpl$fmul) for __aeabi_fmul
    canard.o(.text) refers to frleqf.o(x$fpl$frleqf) for __aeabi_cfrcmple
    canard.o(.text) refers to canard.o(.constdata) for .constdata
    ocpsampling.o(.text) refers to stm32f10x_rcc.o(.text) for RCC_AHBPeriphClockCmd
    ocpsampling.o(.text) refers to stm32f10x_dma.o(.text) for DMA_DeInit
    ocpsampling.o(.text) refers to misc.o(.text) for NVIC_Init
    ocpsampling.o(.text) refers to stm32f10x_tim.o(.text) for TIM_TimeBaseInit
    ocpsampling.o(.text) refers to stm32f10x_gpio.o(.text) for GPIO_Init
    ocpsampling.o(.text) refers to stm32f10x_adc.o(.text) for ADC_DeInit
    ocpsampling.o(.text) refers to stm32f10x_exti.o(.text) for EXTI_Init
    ocpsampling.o(.text) refers to main.o(.bss) for gGlobal
    ocpsampling.o(.text) refers to system_stm32f10x.o(.data) for SystemCoreClock
    ocpsampling.o(.text) refers to dflt_clz.o(x$fpl$dflt) for __aeabi_i2d
    ocpsampling.o(.text) refers to dmul.o(x$fpl$dmul) for __aeabi_dmul
    ocpsampling.o(.text) refers to dfixu.o(x$fpl$dfixu) for __aeabi_d2uiz
    ocpsampling.o(.text) refers to ddiv.o(x$fpl$ddiv) for __aeabi_ddiv
    ocpsampling.o(.text) refers to noretval__2printf.o(.text) for __2printf
    ds18.o(.text) refers to timerapp.o(.text) for dELAY_us
    ds18.o(.text) refers to stm32f10x_rcc.o(.text) for RCC_APB2PeriphClockCmd
    ds18.o(.text) refers to stm32f10x_gpio.o(.text) for GPIO_PinRemapConfig
    ds18.o(.text) refers to dflt_clz.o(x$fpl$dflt) for __aeabi_i2d
    ds18.o(.text) refers to dmul.o(x$fpl$dmul) for __aeabi_dmul
[...]
    i._is_digit                              0x0800a704   Section        0  __printf_wp.o(i._is_digit)
    locale$$code                             0x0800a714   Section       44  lc_numeric_c.o(locale$$code)
    x$fpl$ddiv                               0x0800a740   Section      688  ddiv.o(x$fpl$ddiv)
    ddiv_entry                               0x0800a747   Thumb Code     0  ddiv.o(x$fpl$ddiv)
    x$fpl$dfix                               0x0800a9f0   Section       94  dfix.o(x$fpl$dfix)
    x$fpl$dfixu                              0x0800aa50   Section       90  dfixu.o(x$fpl$dfixu)
    x$fpl$dflt                               0x0800aaaa   Section       46  dflt_clz.o(x$fpl$dflt)
    x$fpl$dmul                               0x0800aad8   Section      340  dmul.o(x$fpl$dmul)
    x$fpl$dnaninf                            0x0800ac2c   Section      156  dnaninf.o(x$fpl$dnaninf)
    x$fpl$dretinf                            0x0800acc8   Section       12  dretinf.o(x$fpl$dretinf)
    x$fpl$f2d                                0x0800acd4   Section       86  f2d.o(x$fpl$f2d)
    x$fpl$fcmpinf                            0x0800ad2a   Section       24  fcmpi.o(x$fpl$fcmpinf)
    x$fpl$fdiv                               0x0800ad44   Section      388  fdiv.o(x$fpl$fdiv)
    _fdiv1                                   0x0800ad45   Thumb Code     0  fdiv.o(x$fpl$fdiv)
    x$fpl$fflt                               0x0800aec8   Section       48  fflt_clz.o(x$fpl$fflt)
    x$fpl$fleqf                              0x0800aef8   Section      104  fleqf.o(x$fpl$fleqf)
    x$fpl$fmul                               0x0800af60   Section      258  fmul.o(x$fpl$fmul)
    x$fpl$fnaninf                            0x0800b062   Section      140  fnaninf.o(x$fpl$fnaninf)
    x$fpl$fretinf                            0x0800b0ee   Section       10  fretinf.o(x$fpl$fretinf)
    x$fpl$frleqf                             0x0800b0f8   Section       98  frleqf.o(x$fpl$frleqf)
    x$fpl$printf1                            0x0800b15a   Section        4  printf1.o(x$fpl$printf1)
    x$fpl$usenofp                            0x0800b15e   Section        0  usenofp.o(x$fpl$usenofp)
    .constdata                               0x0800b160   Section       20  canard.o(.constdata)
    .constdata                               0x0800b174   Section      148  bigflt0.o(.constdata)
    tenpwrs_x                                0x0800b174   Data          60  bigflt0.o(.constdata)
    tenpwrs_i                                0x0800b1b0   Data          64  bigflt0.o(.constdata)
    .conststring                             0x0800b208   Section      139  can.o(.conststring)
    .conststring                             0x0800b294   Section       86  canard.o(.conststring)
    .conststring                             0x0800b2ec   Section      397  exdcmotor.o(.conststring)
    locale$$data                             0x0800b49c   Section       28  lc_numeric_c.o(locale$$data)
    __lcnum_c_name                           0x0800b4a0   Data           2  lc_numeric_c.o(locale$$data)
    __lcnum_c_start                          0x0800b4a8   Data           0  lc_numeric_c.o(locale$$data)
    __lcnum_c_point                          0x0800b4b4   Data           0  lc_numeric_c.o(locale$$data)
    __lcnum_c_thousands                      0x0800b4b6   Data           0  lc_numeric_c.o(locale$$data)
    __lcnum_c_grouping                       0x0800b4b7   Data           0  lc_numeric_c.o(locale$$data)
    __lcnum_c_end                            0x0800b4b8   Data           0  lc_numeric_c.o(locale$$data)
    .data                                    0x20000000   Section       10  main.o(.data)
    .data                                    0x2000000c   Section       13  can.o(.data)
    .data                                    0x2000001c   Section        4  usart.o(.data)
    .data                                    0x20000020   Section       20  stm32f10x_rcc.o(.data)
    APBAHBPrescTable                         0x20000020   Data          16  stm32f10x_rcc.o(.data)
    ADCPrescTable                            0x20000030   Data           4  stm32f10x_rcc.o(.data)
    .data                                    0x20000034   Section       20  system_stm32f10x.o(.data)
    .bss                                     0x20000048   Section      232  main.o(.bss)
    .bss                                     0x20000130   Section     1252  can.o(.bss)
    RxTransfer                               0x200005e0   Data          32  can.o(.bss)
    .bss                                     0x20000614   Section       96  libspace.o(.bss)
    HEAP                                     0x20000678   Section      512  startup_stm32f10x_hd.o(HEAP)
    Heap_Mem                                 0x20000678   Data         512  startup_stm32f10x_hd.o(HEAP)
    STACK                                    0x20000878   Section    16384  startup_stm32f10x_hd.o(STACK)
    Stack_Mem                                0x20000878   Data       16384  startup_stm32f10x_hd.o(STACK)
    __initial_sp                             0x20004878   Data           0  startup_stm32f10x_hd.o(STACK)

    Global Symbols

    Symbol Name                              Value     Ov Type        Size  Object(Section)

    BuildAttributes$$THM_ISAv4$P$D$K$B$S$PE$A:L22UL41UL21$X:L11$S22US41US21$IEEE1$IW$USESV6$~STKCKD$USESV7$~SHL$OTIME$ROPI$IEEEJ$EBA8$UX$STANDARDLIB$REQ8$PRES8$EABIv2 0x00000000   Number         0  anon$$obj.o ABSOLUTE
    __ARM_use_no_argv                        0x00000000   Number         0  main.o ABSOLUTE
    _printf_flags                            0x00000000   Number         0  printf_stubs.o ABSOLUTE
    _printf_return_value                     0x00000000   Number         0  printf_stubs.o ABSOLUTE
    _printf_sizespec                         0x00000000   Number         0  printf_stubs.o ABSOLUTE
    _printf_widthprec                        0x00000000   Number         0  printf_stubs.o ABSOLUTE
    __ARM_exceptions_init                     - Undefined Weak Reference
    __alloca_initialize                       - Undefined Weak Reference
    __arm_preinit_                            - Undefined Weak Reference
    __cpp_initialize__aeabi_                  - Undefined Weak Reference
    __cxa_finalize                            - Undefined Weak Reference
    __sigvec_lookup                           - Undefined Weak Reference
    _atexit_init                              - Undefined Weak Reference
    _call_atexit_fns                          - Undefined Weak Reference
    _clock_init                               - Undefined Weak Reference
    _fp_trap_init                             - Undefined Weak Reference
    _fp_trap_shutdown                         - Undefined Weak Reference
    _get_lc_collate                           - Undefined Weak Reference
    _get_lc_ctype                             - Undefined Weak Reference
    _get_lc_monetary                          - Undefined Weak Reference
    _get_lc_time                              - Undefined Weak Reference
    _getenv_init                              - Undefined Weak Reference
    _handle_redirection                       - Undefined Weak Reference
    _init_alloc                               - Undefined Weak Reference
    _init_user_alloc                          - Undefined Weak Reference
    _initio                                   - Undefined Weak Reference
    _mutex_acquire                            - Undefined Weak Reference
    _mutex_release                            - Undefined Weak Reference
    _printf_post_padding                      - Undefined Weak Reference
    _printf_pre_padding                       - Undefined Weak Reference
    _printf_truncate_signed                   - Undefined Weak Reference
    _printf_truncate_unsigned                 - Undefined Weak Reference
    _rand_init                                - Undefined Weak Reference
    _signal_finish                            - Undefined Weak Reference
    _signal_init                              - Undefined Weak Reference
    _terminate_alloc                          - Undefined Weak Reference
    _terminate_user_alloc                     - Undefined Weak Reference
    _terminateio                              - Undefined Weak Reference
    __Vectors_Size                           0x00000130   Number         0  startup_stm32f10x_hd.o ABSOLUTE
    __Vectors                                0x08000000   Data           4  startup_stm32f10x_hd.o(RESET)
    __Vectors_End                            0x08000130   Data           0  startup_stm32f10x_hd.o(RESET)
    __main                                   0x08000131   Thumb Code     8  __main.o(!!!main)
    __scatterload                            0x08000139   Thumb Code     0  __scatter.o(!!!scatter)
    __scatterload_rt2                        0x08000139   Thumb Code    44  __scatter.o(!!!scatter)
    __scatterload_rt2_thumb_only             0x08000139   Thumb Code     0  __scatter.o(!!!scatter)
    __scatterload_null                       0x08000147   Thumb Code     0  __scatter.o(!!!scatter)
    __scatterload_copy                       0x0800016d   Thumb Code    26  __scatter_copy.o(!!handler_copy)
    __scatterload_zeroinit                   0x08000189   Thumb Code    28  __scatter_zi.o(!!handler_zi)
    _printf_f                                0x080001a5   Thumb Code     0  _printf_f.o(.ARM.Collect$$_printf_percent$$00000003)
    _printf_percent                          0x080001a5   Thumb Code     0  _printf_percent.o(.ARM.Collect$$_printf_percent$$00000000)
    _printf_d                                0x080001ab   Thumb Code     0  _printf_d.o(.ARM.Collect$$_printf_percent$$00000009)
    _printf_percent_end                      0x080001b1   Thumb Code     0  _printf_percent_end.o(.ARM.Collect$$_printf_percent$$00000017)
    __rt_lib_init                            0x080001b5   Thumb Code     0  libinit.o(.ARM.Collect$$libinit$$00000000)
    __rt_lib_init_fp_1                       0x080001b7   Thumb Code     0  libinit2.o(.ARM.Collect$$libinit$$00000002)
    __rt_lib_init_heap_1                     0x080001b7   Thumb Code     0  libinit2.o(.ARM.Collect$$libinit$$0000000A)
    __rt_lib_init_lc_common                  0x080001b7   Thumb Code     0  libinit2.o(.ARM.Collect$$libinit$$0000000F)
    __rt_lib_init_preinit_1                  0x080001b7   Thumb Code     0  libinit2.o(.ARM.Collect$$libinit$$00000004)
    __rt_lib_init_rand_1                     0x080001b7   Thumb Code     0  libinit2.o(.ARM.Collect$$libinit$$0000000E)
    __rt_lib_init_user_alloc_1               0x080001b7   Thumb Code     0  libinit2.o(.ARM.Collect$$libinit$$0000000C)
    __rt_lib_init_lc_collate_1               0x080001bd   Thumb Code     0  libinit2.o(.ARM.Collect$$libinit$$00000011)
    __rt_lib_init_lc_ctype_1                 0x080001bd   Thumb Code     0  libinit2.o(.ARM.Collect$$libinit$$00000013)
    __rt_lib_init_lc_monetary_1              0x080001bd   Thumb Code     0  libinit2.o(.ARM.Collect$$libinit$$00000015)
    __rt_lib_init_lc_numeric_2               0x080001bd   Thumb Code     0  libinit2.o(.ARM.Collect$$libinit$$00000016)
    __rt_lib_init_alloca_1                   0x080001c7   Thumb Code     0  libinit2.o(.ARM.Collect$$libinit$$0000002E)
    __rt_lib_init_argv_1                     0x080001c7   Thumb Code     0  libinit2.o(.ARM.Collect$$libinit$$0000002C)
    __rt_lib_init_atexit_1                   0x080001c7   Thumb Code     0  libinit2.o(.ARM.Collect$$libinit$$0000001B)
    __rt_lib_init_clock_1                    0x080001c7   Thumb Code     0  libinit2.o(.ARM.Collect$$libinit$$00000021)
    __rt_lib_init_cpp_1                      0x080001c7   Thumb Code     0  libinit2.o(.ARM.Collect$$libinit$$00000032)
    __rt_lib_init_exceptions_1               0x080001c7   Thumb Code     0  libinit2.o(.ARM.Collect$$libinit$$00000030)
    __rt_lib_init_fp_trap_1                  0x080001c7   Thumb Code     0  libinit2.o(.ARM.Collect$$libinit$$0000001F)
    __rt_lib_init_getenv_1                   0x080001c7   Thumb Code     0  libinit2.o(.ARM.Collect$$libinit$$00000023)
    __rt_lib_init_lc_numeric_1               0x080001c7   Thumb Code     0  libinit2.o(.ARM.Collect$$libinit$$00000017)
    __rt_lib_init_lc_time_1                  0x080001c7   Thumb Code     0  libinit2.o(.ARM.Collect$$libinit$$00000019)
    __rt_lib_init_return                     0x080001c7   Thumb Code     0  libinit2.o(.ARM.Collect$$libinit$$00000033)
    __rt_lib_init_signal_1                   0x080001c7   Thumb Code     0  libinit2.o(.ARM.Collect$$libinit$$0000001D)
    __rt_lib_init_stdio_1                    0x080001c7   Thumb Code     0  libinit2.o(.ARM.Collect$$libinit$$00000025)
    __rt_lib_shutdown                        0x080001c9   Thumb Code     0  libshutdown.o(.ARM.Collect$$libshutdown$$00000000)
    __rt_lib_shutdown_cpp_1                  0x080001cb   Thumb Code     0  libshutdown2.o(.ARM.Collect$$libshutdown$$00000002)
    __rt_lib_shutdown_fp_trap_1              0x080001cb   Thumb Code     0  libshutdown2.o(.ARM.Collect$$libshutdown$$00000007)
    __rt_lib_shutdown_heap_1                 0x080001cb   Thumb Code     0  libshutdown2.o(.ARM.Collect$$libshutdown$$0000000F)
    __rt_lib_shutdown_return                 0x080001cb   Thumb Code     0  libshutdown2.o(.ARM.Collect$$libshutdown$$00000010)
    __rt_lib_shutdown_signal_1               0x080001cb   Thumb Code     0  libshutdown2.o(.ARM.Collect$$libshutdown$$0000000A)
    __rt_lib_shutdown_stdio_1                0x080001cb   Thumb Code     0  libshutdown2.o(.ARM.Collect$$libshutdown$$00000004)
    __rt_lib_shutdown_user_alloc_1           0x080001cb   Thumb Code     0  libshutdown2.o(.ARM.Collect$$libshutdown$$0000000C)
    __rt_entry                               0x080001cd   Thumb Code     0  __rtentry.o(.ARM.Collect$$rtentry$$00000000)
    __rt_entry_presh_1                       0x080001cd   Thumb Code     0  __rtentry2.o(.ARM.Collect$$rtentry$$00000002)
    __rt_entry_sh                            0x080001cd   Thumb Code     0  __rtentry4.o(.ARM.Collect$$rtentry$$00000004)
    __rt_entry_li                            0x080001d3   Thumb Code     0  __rtentry2.o(.ARM.Collect$$rtentry$$0000000A)
    __rt_entry_postsh_1                      0x080001d3   Thumb Code     0  __rtentry2.o(.ARM.Collect$$rtentry$$00000009)
    __rt_entry_main                          0x080001d7   Thumb Code     0  __rtentry2.o(.ARM.Collect$$rtentry$$0000000D)
    __rt_entry_postli_1                      0x080001d7   Thumb Code     0  __rtentry2.o(.ARM.Collect$$rtentry$$0000000C)
    __rt_exit                                0x080001df   Thumb Code     0  rtexit.o(.ARM.Collect$$rtexit$$00000000)
    __rt_exit_ls                             0x080001e1   Thumb Code     0  rtexit2.o(.ARM.Collect$$rtexit$$00000003)
    __rt_exit_prels_1                        0x080001e1   Thumb Code     0  rtexit2.o(.ARM.Collect$$rtexit$$00000002)
    __rt_exit_exit                           0x080001e5   Thumb Code     0  rtexit2.o(.ARM.Collect$$rtexit$$00000004)
    Check1MSTick                             0x080001ed   Thumb Code    38  main.o(.text)
    PWRInit                                  0x08000213   Thumb Code    44  main.o(.text)
    main                                     0x0800023f   Thumb Code   588  main.o(.text)
    EXTI0_IRQHandler                         0x0800048b   Thumb Code    32  main.o(.text)
    EXTI2_IRQHandler                         0x080004ab   Thumb Code    80  main.o(.text)
    EXTI1_IRQHandler                         0x080004fb   Thumb Code    78  main.o(.text)
    EXTI4_IRQHandler                         0x08000549   Thumb Code    34  main.o(.text)
    EXTI9_5_IRQHandler                       0x0800056b   Thumb Code   150  main.o(.text)
    EXTI15_10_IRQHandler                     0x08000601   Thumb Code   594  main.o(.text)
    runIII_init                              0x08000853   Thumb Code    14  main.o(.text)
    NMI_Handler                              0x080008c9   Thumb Code     2  stm32f10x_it.o(.text)
    HardFault_Handler                        0x080008cb   Thumb Code     2  stm32f10x_it.o(.text)
    MemManage_Handler                        0x080008cd   Thumb Code     4  stm32f10x_it.o(.text)
    BusFault_Handler                         0x080008d1   Thumb Code     4  stm32f10x_it.o(.text)
    UsageFault_Handler                       0x080008d5   Thumb Code     4  stm32f10x_it.o(.text)
    SVC_Handler                              0x080008d9   Thumb Code     2  stm32f10x_it.o(.text)
    DebugMon_Handler                         0x080008db   Thumb Code     2  stm32f10x_it.o(.text)
    PendSV_Handler                           0x080008dd   Thumb Code     2  stm32f10x_it.o(.text)
    SysTick_Handler                          0x080008df   Thumb Code    24  stm32f10x_it.o(.text)
    CAN_Configuration                        0x08000a79   Thumb Code   318  can.o(.text)
    Uavcan_Broadcast                         0x08000bb7   Thumb Code    60  can.o(.text)
    UavcanMsgReply                           0x08000bf3   Thumb Code   518  can.o(.text)
    UavcanFun                                0x08000df9   Thumb Code  1754  can.o(.text)
    ascii_to_xdigit                          0x080014d3   Thumb Code    38  can.o(.text)
    is_xdigit                                0x080014f9   Thumb Code    30  can.o(.text)
    IAP_FRAM_CHECK                           0x08001517   Thumb Code   154  can.o(.text)
    iap_flash_get_baseaddr                   0x080015b1   Thumb Code   298  can.o(.text)
    iap_flash_set_jumpaddr                   0x080016db   Thumb Code   110  can.o(.text)
    iap_flash_write                          0x08001749   Thumb Code   342  can.o(.text)
    IAP_Handle                               0x0800189f   Thumb Code    88  can.o(.text)
    USB_LP_CAN1_RX0_IRQHandler               0x080018f7   Thumb Code    56  can.o(.text)
    canardInit                               0x08001983   Thumb Code    84  canard.o(.text)
    canardGetUserReference                   0x080019d7   Thumb Code    22  canard.o(.text)
    canardSetLocalNodeID                     0x080019ed   Thumb Code    48  canard.o(.text)
    canardGetLocalNodeID                     0x08001a1d   Thumb Code     6  canard.o(.text)
    canardBroadcast                          0x08001d45   Thumb Code   346  canard.o(.text)
    canardRequestOrRespond                   0x08001e9f   Thumb Code   162  canard.o(.text)
    canardPeekTxQueue                        0x08001f41   Thumb Code    16  canard.o(.text)
    canardPopTxQueue                         0x08001f7d   Thumb Code    22  canard.o(.text)
    canardReleaseRxTransferPayload           0x08001fcb   Thumb Code    42  canard.o(.text)
    canardHandleRxFrame                      0x0800224d   Thumb Code  1120  canard.o(.text)
    canardCleanupStaleTransfers              0x080026ad   Thumb Code   110  canard.o(.text)
    canardDecodeScalar                       0x08002b0d   Thumb Code   718  canard.o(.text)
    canardEncodeScalar                       0x08002ddb   Thumb Code   596  canard.o(.text)
    canardGetPoolAllocatorStatistics         0x0800302f   Thumb Code    10  canard.o(.text)
    canardConvertNativeFloatToFloat16        0x08003039   Thumb Code   138  canard.o(.text)
    canardConvertFloat16ToNativeFloat        0x080030c3   Thumb Code    70  canard.o(.text)
    DMAInit                                  0x08003125   Thumb Code    94  ocpsampling.o(.text)
    ADCTRGO                                  0x08003183   Thumb Code   124  ocpsampling.o(.text)
    VoltSampling_Init                        0x080031ff   Thumb Code   254  ocpsampling.o(.text)
    OCPChannel_Init                          0x080032fd   Thumb Code   234  ocpsampling.o(.text)
    LockerChannelEnable                      0x080033e7   Thumb Code    34  ocpsampling.o(.text)
    LockerChannelDisable                     0x08003409   Thumb Code    46  ocpsampling.o(.text)
    ONPOSITIONChannel_Init                   0x08003437   Thumb Code   206  ocpsampling.o(.text)
    DMA1_Channel1_IRQHandler                 0x08003505   Thumb Code   110  ocpsampling.o(.text)
    FetchingCurrentValue                     0x08003573   Thumb Code   314  ocpsampling.o(.text)
    FetchingItemStatus                       0x080036ad   Thumb Code   348  ocpsampling.o(.text)
    tickDelay                                0x080038d9   Thumb Code    12  ds18.o(.text)
    outp                                     0x080038e5   Thumb Code    44  ds18.o(.text)
    inp                                      0x08003911   Thumb Code    44  ds18.o(.text)
    OWWriteBit                               0x0800393d   Thumb Code    82  ds18.o(.text)
    OWReadBit                                0x0800398f   Thumb Code    80  ds18.o(.text)
    OWWriteByte                              0x080039df   Thumb Code    40  ds18.o(.text)
    OWReadByte                               0x08003a07   Thumb Code    30  ds18.o(.text)
    DS18B20_Rst                              0x08003a25   Thumb Code    50  ds18.o(.text)
    DS18B20_Check                            0x08003a57   Thumb Code    94  ds18.o(.text)
    DS18B20_Init                             0x08003ab5   Thumb Code    78  ds18.o(.text)
    DS18B20_Start                            0x08003b03   Thumb Code    24  ds18.o(.text)
    DS18B20_Get_Temp                         0x08003b1b   Thumb Code   134  ds18.o(.text)
    Locker_Switching_Init                    0x08003bad   Thumb Code    56  exdcmotor.o(.text)
    Locker_Running                           0x08003be5   Thumb Code    72  exdcmotor.o(.text)
    LockerbacktoOrigin                       0x08003c2d   Thumb Code   174  exdcmotor.o(.text)
    Lifter_Running                           0x08003cdb   Thumb Code   120  exdcmotor.o(.text)
    LockerLatch_Config                       0x08003d53   Thumb Code   518  exdcmotor.o(.text)
    DoorSingleMode_Running                   0x08003f59   Thumb Code   452  exdcmotor.o(.text)
    DoorDualMode_Running                     0x0800411d   Thumb Code    28  exdcmotor.o(.text)
    MotorProcessMonitoring                   0x08004139   Thumb Code  2396  exdcmotor.o(.text)
    MotorFaultMonitoring                     0x08004a95   Thumb Code   280  exdcmotor.o(.text)
    Motor_CTRL_Init                          0x08004bad   Thumb Code   824  exdcmotor.o(.text)
    LifterEnable_Config                      0x08004ee5   Thumb Code   250  exdcmotor.o(.text)
    DoorbacktoOrigin                         0x08004fdf   Thumb Code   534  exdcmotor.o(.text)
    LockerRelease_Config                     0x080051f5   Thumb Code   692  exdcmotor.o(.text)
    DoorStateCheck                           0x080054a9   Thumb Code   404  exdcmotor.o(.text)
    DoorEnable_Config                        0x0800563d   Thumb Code   798  exdcmotor.o(.text)
    LockerChaneelSelect                      0x0800595b   Thumb Code     6  exdcmotor.o(.text)
    LEDTimerConfig                           0x080059b1   Thumb Code   144  led.o(.text)
    LED_Init                                 0x08005a41   Thumb Code    44  led.o(.text)
    _sys_exit                                0x08005a75   Thumb Code     4  usart.o(.text)
    _ttywrch                                 0x08005a79   Thumb Code     4  usart.o(.text)
    fputc                                    0x08005a7d   Thumb Code    24  usart.o(.text)
    uart_init                                0x08005a95   Thumb Code   116  usart.o(.text)
    TasksectionInit                          0x08005b11   Thumb Code   102  timerapp.o(.text)
    TIM_DELAY_INIT                           0x08005b77   Thumb Code    56  timerapp.o(.text)
    dELAY_us                                 0x08005baf   Thumb Code    62  timerapp.o(.text)
    delay_us                                 0x08005bed   Thumb Code    62  timerapp.o(.text)
    dELAY_ms                                 0x08005c2b   Thumb Code    76  timerapp.o(.text)
    delay_ms                                 0x08005c77   Thumb Code    76  timerapp.o(.text)
    dTime_Counting                           0x08005cc3   Thumb Code    20  timerapp.o(.text)
    Timer1Init                               0x08005cd7   Thumb Code   164  timerapp.o(.text)
    TIM1_CC_IRQHandler                       0x08005d7b   Thumb Code   260  timerapp.o(.text)
    TIM6_IRQHandler                          0x08005e7f   Thumb Code    70  timerapp.o(.text)
    NVIC_PriorityGroupConfig                 0x08005f09   Thumb Code    10  misc.o(.text)
    NVIC_Init                                0x08005f13   Thumb Code   100  misc.o(.text)
    NVIC_SetVectorTable                      0x08005f77   Thumb Code    14  misc.o(.text)
    NVIC_SystemLPConfig                      0x08005f85   Thumb Code    34  misc.o(.text)
    SysTick_CLKSourceConfig                  0x08005fa7   Thumb Code    40  misc.o(.text)
    GPIO_DeInit                              0x08005fe5   Thumb Code   172  stm32f10x_gpio.o(.text)
    GPIO_AFIODeInit                          0x08006091   Thumb Code    20  stm32f10x_gpio.o(.text)
    GPIO_Init                                0x080060a5   Thumb Code   278  stm32f10x_gpio.o(.text)
    GPIO_StructInit                          0x080061bb   Thumb Code    16  stm32f10x_gpio.o(.text)
    GPIO_ReadInputDataBit                    0x080061cb   Thumb Code    18  stm32f10x_gpio.o(.text)
    GPIO_ReadInputData                       0x080061dd   Thumb Code     8  stm32f10x_gpio.o(.text)
    GPIO_ReadOutputDataBit                   0x080061e5   Thumb Code    18  stm32f10x_gpio.o(.text)
    GPIO_ReadOutputData                      0x080061f7   Thumb Code     8  stm32f10x_gpio.o(.text)
    GPIO_SetBits                             0x080061ff   Thumb Code     4  stm32f10x_gpio.o(.text)
    GPIO_ResetBits                           0x08006203   Thumb Code     4  stm32f10x_gpio.o(.text)
    GPIO_WriteBit                            0x08006207   Thumb Code    10  stm32f10x_gpio.o(.text)
    GPIO_Write                               0x08006211   Thumb Code     4  stm32f10x_gpio.o(.text)
    GPIO_PinLockConfig                       0x08006215   Thumb Code    18  stm32f10x_gpio.o(.text)
    GPIO_EventOutputConfig                   0x08006227   Thumb Code    26  stm32f10x_gpio.o(.text)
    GPIO_EventOutputCmd                      0x08006241   Thumb Code     6  stm32f10x_gpio.o(.text)
    GPIO_PinRemapConfig                      0x08006247   Thumb Code   138  stm32f10x_gpio.o(.text)
    GPIO_EXTILineConfig                      0x080062d1   Thumb Code    66  stm32f10x_gpio.o(.text)
    GPIO_ETH_MediaInterfaceConfig            0x08006313   Thumb Code     8  stm32f10x_gpio.o(.text)
    RCC_DeInit                               0x08006341   Thumb Code    64  stm32f10x_rcc.o(.text)
    RCC_HSEConfig                            0x08006381   Thumb Code    70  stm32f10x_rcc.o(.text)
    RCC_GetFlagStatus                        0x080063c7   Thumb Code    56  stm32f10x_rcc.o(.text)
    RCC_WaitForHSEStartUp                    0x080063ff   Thumb Code    56  stm32f10x_rcc.o(.text)
    RCC_AdjustHSICalibrationValue            0x08006437   Thumb Code    20  stm32f10x_rcc.o(.text)
    RCC_HSICmd                               0x0800644b   Thumb Code     6  stm32f10x_rcc.o(.text)
    RCC_PLLConfig                            0x08006451   Thumb Code    24  stm32f10x_rcc.o(.text)
    RCC_PLLCmd                               0x08006469   Thumb Code     6  stm32f10x_rcc.o(.text)
    RCC_SYSCLKConfig                         0x0800646f   Thumb Code    18  stm32f10x_rcc.o(.text)
    RCC_GetSYSCLKSource                      0x08006481   Thumb Code    10  stm32f10x_rcc.o(.text)
    RCC_HCLKConfig                           0x0800648b   Thumb Code    18  stm32f10x_rcc.o(.text)
    RCC_PCLK1Config                          0x0800649d   Thumb Code    18  stm32f10x_rcc.o(.text)
    RCC_PCLK2Config                          0x080064af   Thumb Code    20  stm32f10x_rcc.o(.text)
    RCC_ITConfig                             0x080064c3   Thumb Code    26  stm32f10x_rcc.o(.text)
    RCC_USBCLKConfig                         0x080064dd   Thumb Code     8  stm32f10x_rcc.o(.text)
    RCC_ADCCLKConfig                         0x080064e5   Thumb Code    18  stm32f10x_rcc.o(.text)
    RCC_LSEConfig                            0x080064f7   Thumb Code    50  stm32f10x_rcc.o(.text)
    RCC_LSICmd                               0x08006529   Thumb Code     6  stm32f10x_rcc.o(.text)
    RCC_RTCCLKConfig                         0x0800652f   Thumb Code    12  stm32f10x_rcc.o(.text)
    RCC_RTCCLKCmd                            0x0800653b   Thumb Code     8  stm32f10x_rcc.o(.text)
    RCC_GetClocksFreq                        0x08006543   Thumb Code   192  stm32f10x_rcc.o(.text)
    RCC_AHBPeriphClockCmd                    0x08006603   Thumb Code    26  stm32f10x_rcc.o(.text)
    RCC_APB2PeriphClockCmd                   0x0800661d   Thumb Code    26  stm32f10x_rcc.o(.text)
    RCC_APB1PeriphClockCmd                   0x08006637   Thumb Code    26  stm32f10x_rcc.o(.text)
    RCC_APB2PeriphResetCmd                   0x08006651   Thumb Code    26  stm32f10x_rcc.o(.text)
    RCC_APB1PeriphResetCmd                   0x0800666b   Thumb Code    26  stm32f10x_rcc.o(.text)
    RCC_BackupResetCmd                       0x08006685   Thumb Code     8  stm32f10x_rcc.o(.text)
    RCC_ClockSecuritySystemCmd               0x0800668d   Thumb Code     6  stm32f10x_rcc.o(.text)
    RCC_MCOConfig                            0x08006693   Thumb Code     6  stm32f10x_rcc.o(.text)
    RCC_ClearFlag                            0x08006699   Thumb Code    14  stm32f10x_rcc.o(.text)
    RCC_GetITStatus                          0x080066a7   Thumb Code    20  stm32f10x_rcc.o(.text)
    RCC_ClearITPendingBit                    0x080066bb   Thumb Code     6  stm32f10x_rcc.o(.text)
    CAN_DeInit                               0x080066e5   Thumb Code    50  stm32f10x_can.o(.text)
    CAN_Init                                 0x08006717   Thumb Code   276  stm32f10x_can.o(.text)
    CAN_FilterInit                           0x0800682b   Thumb Code   258  stm32f10x_can.o(.text)
    CAN_StructInit                           0x0800692d   Thumb Code    32  stm32f10x_can.o(.text)
    CAN_SlaveStartBank                       0x0800694d   Thumb Code    48  stm32f10x_can.o(.text)
    CAN_DBGFreeze                            0x0800697d   Thumb Code    22  stm32f10x_can.o(.text)
    CAN_TTComModeCmd                         0x08006993   Thumb Code   118  stm32f10x_can.o(.text)
    CAN_Transmit                             0x08006a09   Thumb Code   304  stm32f10x_can.o(.text)
    CAN_TransmitStatus                       0x08006b39   Thumb Code   138  stm32f10x_can.o(.text)
    CAN_CancelTransmit                       0x08006bc3   Thumb Code    48  stm32f10x_can.o(.text)
    CAN_Receive                              0x08006bf3   Thumb Code   240  stm32f10x_can.o(.text)
    CAN_FIFORelease                          0x08006ce3   Thumb Code    22  stm32f10x_can.o(.text)
    CAN_MessagePending                       0x08006cf9   Thumb Code    30  stm32f10x_can.o(.text)
    CAN_OperatingModeRequest                 0x08006d17   Thumb Code   162  stm32f10x_can.o(.text)
    CAN_Sleep                                0x08006db9   Thumb Code    30  stm32f10x_can.o(.text)
    CAN_WakeUp                               0x08006dd7   Thumb Code    48  stm32f10x_can.o(.text)
    CAN_GetLastErrorCode                     0x08006e07   Thumb Code    12  stm32f10x_can.o(.text)
    CAN_GetReceiveErrorCounter               0x08006e13   Thumb Code    10  stm32f10x_can.o(.text)
    CAN_GetLSBTransmitErrorCounter           0x08006e1d   Thumb Code    12  stm32f10x_can.o(.text)
    CAN_ITConfig                             0x08006e29   Thumb Code    18  stm32f10x_can.o(.text)
    CAN_GetFlagStatus                        0x08006e3b   Thumb Code   120  stm32f10x_can.o(.text)
    CAN_ClearFlag                            0x08006eb3   Thumb Code    52  stm32f10x_can.o(.text)
    CAN_GetITStatus                          0x08006ef9   Thumb Code   310  stm32f10x_can.o(.text)
    CAN_ClearITPendingBit                    0x0800702f   Thumb Code   162  stm32f10x_can.o(.text)
    USART_DeInit                             0x080070d5   Thumb Code   134  stm32f10x_usart.o(.text)
    USART_Init                               0x0800715b   Thumb Code   210  stm32f10x_usart.o(.text)
    USART_StructInit                         0x0800722d   Thumb Code    24  stm32f10x_usart.o(.text)
    USART_ClockInit                          0x08007245   Thumb Code    34  stm32f10x_usart.o(.text)
    USART_ClockStructInit                    0x08007267   Thumb Code    12  stm32f10x_usart.o(.text)
    USART_Cmd                                0x08007273   Thumb Code    24  stm32f10x_usart.o(.text)
    USART_ITConfig                           0x0800728b   Thumb Code    74  stm32f10x_usart.o(.text)
    USART_DMACmd                             0x080072d5   Thumb Code    18  stm32f10x_usart.o(.text)
    USART_SetAddress                         0x080072e7   Thumb Code    18  stm32f10x_usart.o(.text)
    USART_WakeUpConfig                       0x080072f9   Thumb Code    18  stm32f10x_usart.o(.text)
    USART_ReceiverWakeUpCmd                  0x0800730b   Thumb Code    24  stm32f10x_usart.o(.text)
    USART_LINBreakDetectLengthConfig         0x08007323   Thumb Code    18  stm32f10x_usart.o(.text)
    USART_LINCmd                             0x08007335   Thumb Code    24  stm32f10x_usart.o(.text)
    USART_SendData                           0x0800734d   Thumb Code     8  stm32f10x_usart.o(.text)
    USART_ReceiveData                        0x08007355   Thumb Code    10  stm32f10x_usart.o(.text)
    USART_SendBreak                          0x0800735f   Thumb Code    10  stm32f10x_usart.o(.text)
    USART_SetGuardTime                       0x08007369   Thumb Code    16  stm32f10x_usart.o(.text)
    USART_SetPrescaler                       0x08007379   Thumb Code    16  stm32f10x_usart.o(.text)
    USART_SmartCardCmd                       0x08007389   Thumb Code    24  stm32f10x_usart.o(.text)
    USART_SmartCardNACKCmd                   0x080073a1   Thumb Code    24  stm32f10x_usart.o(.text)
    USART_HalfDuplexCmd                      0x080073b9   Thumb Code    24  stm32f10x_usart.o(.text)
    USART_OverSampling8Cmd                   0x080073d1   Thumb Code    22  stm32f10x_usart.o(.text)
    USART_OneBitMethodCmd                    0x080073e7   Thumb Code    24  stm32f10x_usart.o(.text)
    USART_IrDAConfig                         0x080073ff   Thumb Code    18  stm32f10x_usart.o(.text)
    USART_IrDACmd                            0x08007411   Thumb Code    24  stm32f10x_usart.o(.text)
    USART_GetFlagStatus                      0x08007429   Thumb Code    26  stm32f10x_usart.o(.text)
    USART_ClearFlag                          0x08007443   Thumb Code    18  stm32f10x_usart.o(.text)
    USART_GetITStatus                        0x08007455   Thumb Code    84  stm32f10x_usart.o(.text)
    USART_ClearITPendingBit                  0x080074a9   Thumb Code    52  stm32f10x_usart.o(.text)
    TIM_DeInit                               0x080074dd   Thumb Code   424  stm32f10x_tim.o(.text)
    TIM_TimeBaseInit                         0x08007685   Thumb Code   122  stm32f10x_tim.o(.text)
    TIM_OC1Init                              0x080076ff   Thumb Code   132  stm32f10x_tim.o(.text)
    TIM_OC2Init                              0x08007783   Thumb Code   154  stm32f10x_tim.o(.text)
    TIM_OC3Init                              0x0800781d   Thumb Code   150  stm32f10x_tim.o(.text)
    TIM_OC4Init                              0x080078b3   Thumb Code   182  stm32f10x_tim.o(.text)
    TIM_SetIC4Prescaler                      0x08007969   Thumb Code    26  stm32f10x_tim.o(.text)
    TIM_SetIC3Prescaler                      0x08007a05   Thumb Code    18  stm32f10x_tim.o(.text)
    TIM_SetIC2Prescaler                      0x08007a91   Thumb Code    26  stm32f10x_tim.o(.text)
    TIM_SetIC1Prescaler                      0x08007b2d   Thumb Code    18  stm32f10x_tim.o(.text)
    TIM_ICInit                               0x08007bab   Thumb Code   150  stm32f10x_tim.o(.text)
    TIM_PWMIConfig                           0x08007c41   Thumb Code   178  stm32f10x_tim.o(.text)
    TIM_BDTRConfig                           0x08007cf3   Thumb Code    32  stm32f10x_tim.o(.text)
    TIM_TimeBaseStructInit                   0x08007d13   Thumb Code    38  stm32f10x_tim.o(.text)
    TIM_OCStructInit                         0x08007d39   Thumb Code    20  stm32f10x_tim.o(.text)
    TIM_ICStructInit                         0x08007d4d   Thumb Code    18  stm32f10x_tim.o(.text)
    TIM_BDTRStructInit                       0x08007d5f   Thumb Code    18  stm32f10x_tim.o(.text)
    TIM_Cmd                                  0x08007d71   Thumb Code    24  stm32f10x_tim.o(.text)
    TIM_CtrlPWMOutputs                       0x08007d89   Thumb Code    30  stm32f10x_tim.o(.text)
    TIM_ITConfig                             0x08007da7   Thumb Code    18  stm32f10x_tim.o(.text)
    TIM_GenerateEvent                        0x08007db9   Thumb Code     4  stm32f10x_tim.o(.text)
    TIM_DMAConfig                            0x08007dbd   Thumb Code    10  stm32f10x_tim.o(.text)
    TIM_DMACmd                               0x08007dc7   Thumb Code    18  stm32f10x_tim.o(.text)
    TIM_InternalClockConfig                  0x08007dd9   Thumb Code    12  stm32f10x_tim.o(.text)
    TIM_SelectInputTrigger                   0x08007de5   Thumb Code    18  stm32f10x_tim.o(.text)
    TIM_ITRxExternalClockConfig              0x08007df7   Thumb Code    24  stm32f10x_tim.o(.text)
    TIM_TIxExternalClockConfig               0x08007e0f   Thumb Code    62  stm32f10x_tim.o(.text)
    TIM_ETRConfig                            0x08007e4d   Thumb Code    28  stm32f10x_tim.o(.text)
    TIM_ETRClockMode1Config                  0x08007e69   Thumb Code    54  stm32f10x_tim.o(.text)
    TIM_ETRClockMode2Config                  0x08007e9f   Thumb Code    32  stm32f10x_tim.o(.text)
    TIM_PrescalerConfig                      0x08007ebf   Thumb Code     6  stm32f10x_tim.o(.text)
    TIM_CounterModeConfig                    0x08007ec5   Thumb Code    18  stm32f10x_tim.o(.text)
    TIM_EncoderInterfaceConfig               0x08007ed7   Thumb Code    66  stm32f10x_tim.o(.text)
    TIM_ForcedOC1Config                      0x08007f19   Thumb Code    18  stm32f10x_tim.o(.text)
    TIM_ForcedOC2Config                      0x08007f2b   Thumb Code    26  stm32f10x_tim.o(.text)
    TIM_ForcedOC3Config                      0x08007f45   Thumb Code    18  stm32f10x_tim.o(.text)
    TIM_ForcedOC4Config                      0x08007f57   Thumb Code    26  stm32f10x_tim.o(.text)
    TIM_ARRPreloadConfig                     0x08007f71   Thumb Code    24  stm32f10x_tim.o(.text)
    TIM_SelectCOM                            0x08007f89   Thumb Code    24  stm32f10x_tim.o(.text)
    TIM_SelectCCDMA                          0x08007fa1   Thumb Code    24  stm32f10x_tim.o(.text)
    TIM_CCPreloadControl                     0x08007fb9   Thumb Code    24  stm32f10x_tim.o(.text)
    TIM_OC1PreloadConfig                     0x08007fd1   Thumb Code    18  stm32f10x_tim.o(.text)
    TIM_OC2PreloadConfig                     0x08007fe3   Thumb Code    26  stm32f10x_tim.o(.text)
    TIM_OC3PreloadConfig                     0x08007ffd   Thumb Code    18  stm32f10x_tim.o(.text)
    TIM_OC4PreloadConfig                     0x0800800f   Thumb Code    26  stm32f10x_tim.o(.text)
    TIM_OC1FastConfig                        0x08008029   Thumb Code    18  stm32f10x_tim.o(.text)
    TIM_OC2FastConfig                        0x0800803b   Thumb Code    26  stm32f10x_tim.o(.text)
    TIM_OC3FastConfig                        0x08008055   Thumb Code    18  stm32f10x_tim.o(.text)
    TIM_OC4FastConfig                        0x08008067   Thumb Code    26  stm32f10x_tim.o(.text)
    TIM_ClearOC1Ref                          0x08008081   Thumb Code    18  stm32f10x_tim.o(.text)
    TIM_ClearOC2Ref                          0x08008093   Thumb Code    24  stm32f10x_tim.o(.text)
    TIM_ClearOC3Ref                          0x080080ab   Thumb Code    18  stm32f10x_tim.o(.text)
    TIM_ClearOC4Ref                          0x080080bd   Thumb Code    24  stm32f10x_tim.o(.text)
    TIM_OC1PolarityConfig                    0x080080d5   Thumb Code    18  stm32f10x_tim.o(.text)
    TIM_OC1NPolarityConfig                   0x080080e7   Thumb Code    18  stm32f10x_tim.o(.text)
    TIM_OC2PolarityConfig                    0x080080f9   Thumb Code    26  stm32f10x_tim.o(.text)
    TIM_OC2NPolarityConfig                   0x08008113   Thumb Code    26  stm32f10x_tim.o(.text)
    TIM_OC3PolarityConfig                    0x0800812d   Thumb Code    26  stm32f10x_tim.o(.text)
    TIM_OC3NPolarityConfig                   0x08008147   Thumb Code    26  stm32f10x_tim.o(.text)
    TIM_OC4PolarityConfig                    0x08008161   Thumb Code    26  stm32f10x_tim.o(.text)
    TIM_CCxCmd                               0x0800817b   Thumb Code    30  stm32f10x_tim.o(.text)
    TIM_CCxNCmd                              0x08008199   Thumb Code    30  stm32f10x_tim.o(.text)
    TIM_SelectOCxM                           0x080081b7   Thumb Code    82  stm32f10x_tim.o(.text)
    TIM_UpdateDisableConfig                  0x08008209   Thumb Code    24  stm32f10x_tim.o(.text)
    TIM_UpdateRequestConfig                  0x08008221   Thumb Code    24  stm32f10x_tim.o(.text)
    TIM_SelectHallSensor                     0x08008239   Thumb Code    24  stm32f10x_tim.o(.text)
    TIM_SelectOnePulseMode                   0x08008251   Thumb Code    18  stm32f10x_tim.o(.text)
    TIM_SelectOutputTrigger                  0x08008263   Thumb Code    18  stm32f10x_tim.o(.text)
    TIM_SelectSlaveMode                      0x08008275   Thumb Code    18  stm32f10x_tim.o(.text)
    TIM_SelectMasterSlaveMode                0x08008287   Thumb Code    18  stm32f10x_tim.o(.text)
    TIM_SetCounter                           0x08008299   Thumb Code     4  stm32f10x_tim.o(.text)
    TIM_SetAutoreload                        0x0800829d   Thumb Code     4  stm32f10x_tim.o(.text)
    TIM_SetCompare1                          0x080082a1   Thumb Code     4  stm32f10x_tim.o(.text)
    TIM_SetCompare2                          0x080082a5   Thumb Code     4  stm32f10x_tim.o(.text)
    TIM_SetCompare3                          0x080082a9   Thumb Code     4  stm32f10x_tim.o(.text)
    TIM_SetCompare4                          0x080082ad   Thumb Code     6  stm32f10x_tim.o(.text)
    TIM_SetClockDivision                     0x080082b3   Thumb Code    18  stm32f10x_tim.o(.text)
    TIM_GetCapture1                          0x080082c5   Thumb Code     6  stm32f10x_tim.o(.text)
    TIM_GetCapture2                          0x080082cb   Thumb Code     6  stm32f10x_tim.o(.text)
    TIM_GetCapture3                          0x080082d1   Thumb Code     6  stm32f10x_tim.o(.text)
    TIM_GetCapture4                          0x080082d7   Thumb Code     8  stm32f10x_tim.o(.text)
    TIM_GetCounter                           0x080082df   Thumb Code     6  stm32f10x_tim.o(.text)
    TIM_GetPrescaler                         0x080082e5   Thumb Code     6  stm32f10x_tim.o(.text)
    TIM_GetFlagStatus                        0x080082eb   Thumb Code    18  stm32f10x_tim.o(.text)
    TIM_ClearFlag                            0x080082fd   Thumb Code     6  stm32f10x_tim.o(.text)
    TIM_GetITStatus                          0x08008303   Thumb Code    34  stm32f10x_tim.o(.text)
    TIM_ClearITPendingBit                    0x08008325   Thumb Code     6  stm32f10x_tim.o(.text)
    ADC_DeInit                               0x0800832d   Thumb Code    78  stm32f10x_adc.o(.text)
    ADC_Init                                 0x0800837b   Thumb Code    70  stm32f10x_adc.o(.text)
    ADC_StructInit                           0x080083c1   Thumb Code    18  stm32f10x_adc.o(.text)
    ADC_Cmd                                  0x080083d3   Thumb Code    22  stm32f10x_adc.o(.text)
    ADC_DMACmd                               0x080083e9   Thumb Code    22  stm32f10x_adc.o(.text)
    ADC_ITConfig                             0x080083ff   Thumb Code    24  stm32f10x_adc.o(.text)
    ADC_ResetCalibration                     0x08008417   Thumb Code    10  stm32f10x_adc.o(.text)
    ADC_GetResetCalibrationStatus            0x08008421   Thumb Code    20  stm32f10x_adc.o(.text)
    ADC_StartCalibration                     0x08008435   Thumb Code    10  stm32f10x_adc.o(.text)
    ADC_GetCalibrationStatus                 0x0800843f   Thumb Code    20  stm32f10x_adc.o(.text)
    ADC_SoftwareStartConvCmd                 0x08008453   Thumb Code    22  stm32f10x_adc.o(.text)
    ADC_GetSoftwareStartConvStatus           0x08008469   Thumb Code    20  stm32f10x_adc.o(.text)
    ADC_DiscModeChannelCountConfig           0x0800847d   Thumb Code    24  stm32f10x_adc.o(.text)
    ADC_DiscModeCmd                          0x08008495   Thumb Code    22  stm32f10x_adc.o(.text)
    ADC_RegularChannelConfig                 0x080084ab   Thumb Code   184  stm32f10x_adc.o(.text)
    ADC_ExternalTrigConvCmd                  0x08008563   Thumb Code    22  stm32f10x_adc.o(.text)
    ADC_GetConversionValue                   0x08008579   Thumb Code     8  stm32f10x_adc.o(.text)
    ADC_GetDualModeConversionValue           0x08008581   Thumb Code     8  stm32f10x_adc.o(.text)
    ADC_AutoInjectedConvCmd                  0x08008589   Thumb Code    22  stm32f10x_adc.o(.text)
    ADC_InjectedDiscModeCmd                  0x0800859f   Thumb Code    22  stm32f10x_adc.o(.text)
    ADC_ExternalTrigInjectedConvConfig       0x080085b5   Thumb Code    16  stm32f10x_adc.o(.text)
    ADC_ExternalTrigInjectedConvCmd          0x080085c5   Thumb Code    22  stm32f10x_adc.o(.text)
    ADC_SoftwareStartInjectedConvCmd         0x080085db   Thumb Code    22  stm32f10x_adc.o(.text)
    ADC_GetSoftwareStartInjectedConvCmdStatus 0x080085f1   Thumb Code    20  stm32f10x_adc.o(.text)
    ADC_InjectedChannelConfig                0x08008605   Thumb Code   130  stm32f10x_adc.o(.text)
    ADC_InjectedSequencerLengthConfig        0x08008687   Thumb Code    24  stm32f10x_adc.o(.text)
    ADC_SetInjectedOffset                    0x0800869f   Thumb Code    20  stm32f10x_adc.o(.text)
    ADC_GetInjectedConversionValue           0x080086b3   Thumb Code    28  stm32f10x_adc.o(.text)
    ADC_AnalogWatchdogCmd                    0x080086cf   Thumb Code    16  stm32f10x_adc.o(.text)
    ADC_AnalogWatchdogThresholdsConfig       0x080086df   Thumb Code     6  stm32f10x_adc.o(.text)
    ADC_AnalogWatchdogSingleChannelConfig    0x080086e5   Thumb Code    16  stm32f10x_adc.o(.text)
    ADC_TempSensorVrefintCmd                 0x080086f5   Thumb Code    64  stm32f10x_adc.o(.text)
    ADC_GetFlagStatus                        0x08008735   Thumb Code    18  stm32f10x_adc.o(.text)
    ADC_ClearFlag                            0x08008747   Thumb Code     6  stm32f10x_adc.o(.text)
    ADC_GetITStatus                          0x0800874d   Thumb Code    36  stm32f10x_adc.o(.text)
    ADC_ClearITPendingBit                    0x08008771   Thumb Code    10  stm32f10x_adc.o(.text)
    DMA_DeInit                               0x0800877d   Thumb Code   324  stm32f10x_dma.o(.text)
    DMA_Init                                 0x080088c1   Thumb Code    60  stm32f10x_dma.o(.text)
    DMA_StructInit                           0x080088fd   Thumb Code    26  stm32f10x_dma.o(.text)
    DMA_Cmd                                  0x08008917   Thumb Code    24  stm32f10x_dma.o(.text)
    DMA_ITConfig                             0x0800892f   Thumb Code    18  stm32f10x_dma.o(.text)
    DMA_SetCurrDataCounter                   0x08008941   Thumb Code     4  stm32f10x_dma.o(.text)
    DMA_GetCurrDataCounter                   0x08008945   Thumb Code     8  stm32f10x_dma.o(.text)
    DMA_GetFlagStatus                        0x0800894d   Thumb Code    40  stm32f10x_dma.o(.text)
    DMA_ClearFlag                            0x08008975   Thumb Code    22  stm32f10x_dma.o(.text)
    DMA_GetITStatus                          0x0800898b   Thumb Code    40  stm32f10x_dma.o(.text)
    DMA_ClearITPendingBit                    0x080089b3   Thumb Code    22  stm32f10x_dma.o(.text)
    EXTI_DeInit                              0x080089d1   Thumb Code    28  stm32f10x_exti.o(.text)
    EXTI_Init                                0x080089ed   Thumb Code   142  stm32f10x_exti.o(.text)
    EXTI_StructInit                          0x08008a7b   Thumb Code    16  stm32f10x_exti.o(.text)
    EXTI_GenerateSWInterrupt                 0x08008a8b   Thumb Code    16  stm32f10x_exti.o(.text)
    EXTI_GetFlagStatus                       0x08008a9b   Thumb Code    22  stm32f10x_exti.o(.text)
    EXTI_ClearFlag                           0x08008ab1   Thumb Code     8  stm32f10x_exti.o(.text)
    EXTI_GetITStatus                         0x08008ab9   Thumb Code    34  stm32f10x_exti.o(.text)
    EXTI_ClearITPendingBit                   0x08008adb   Thumb Code     8  stm32f10x_exti.o(.text)
    FLASH_SetLatency                         0x08008aed   Thumb Code    18  stm32f10x_flash.o(.text)
    FLASH_HalfCycleAccessCmd                 0x08008aff   Thumb Code    22  stm32f10x_flash.o(.text)
    FLASH_PrefetchBufferCmd                  0x08008b15   Thumb Code    22  stm32f10x_flash.o(.text)
    FLASH_Unlock                             0x08008b2b   Thumb Code    12  stm32f10x_flash.o(.text)
    FLASH_UnlockBank1                        0x08008b37   Thumb Code    12  stm32f10x_flash.o(.text)
    FLASH_Lock                               0x08008b43   Thumb Code    14  stm32f10x_flash.o(.text)
    FLASH_LockBank1                          0x08008b51   Thumb Code    14  stm32f10x_flash.o(.text)
    FLASH_GetBank1Status                     0x08008b5f   Thumb Code    48  stm32f10x_flash.o(.text)
    FLASH_WaitForLastOperation               0x08008b8f   Thumb Code    38  stm32f10x_flash.o(.text)
    FLASH_ErasePage                          0x08008bb5   Thumb Code    72  stm32f10x_flash.o(.text)
    FLASH_EraseAllPages                      0x08008bfd   Thumb Code    68  stm32f10x_flash.o(.text)
    FLASH_WaitForLastBank1Operation          0x08008c41   Thumb Code    38  stm32f10x_flash.o(.text)
    FLASH_EraseAllBank1Pages                 0x08008c67   Thumb Code    68  stm32f10x_flash.o(.text)
    FLASH_GetReadOutProtectionStatus         0x08008cab   Thumb Code    20  stm32f10x_flash.o(.text)
    FLASH_EraseOptionBytes                   0x08008cbf   Thumb Code   150  stm32f10x_flash.o(.text)
    FLASH_ProgramWord                        0x08008d55   Thumb Code   102  stm32f10x_flash.o(.text)
    FLASH_ProgramHalfWord                    0x08008dbb   Thumb Code    60  stm32f10x_flash.o(.text)
    FLASH_ProgramOptionByteData              0x08008df7   Thumb Code    72  stm32f10x_flash.o(.text)
    FLASH_EnableWriteProtection              0x08008e3f   Thumb Code   200  stm32f10x_flash.o(.text)
    FLASH_ReadOutProtection                  0x08008f07   Thumb Code   156  stm32f10x_flash.o(.text)
    FLASH_UserOptionByteConfig               0x08008fa3   Thumb Code    88  stm32f10x_flash.o(.text)
    FLASH_GetUserOptionByte                  0x08008ffb   Thumb Code     8  stm32f10x_flash.o(.text)
    FLASH_GetWriteProtectionOptionByte       0x08009003   Thumb Code     6  stm32f10x_flash.o(.text)
    FLASH_GetPrefetchBufferStatus            0x08009009   Thumb Code    20  stm32f10x_flash.o(.text)
    FLASH_ITConfig                           0x0800901d   Thumb Code    26  stm32f10x_flash.o(.text)
    FLASH_GetFlagStatus                      0x08009037   Thumb Code    42  stm32f10x_flash.o(.text)
    FLASH_ClearFlag                          0x08009061   Thumb Code     6  stm32f10x_flash.o(.text)
    FLASH_GetStatus                          0x08009067   Thumb Code    48  stm32f10x_flash.o(.text)
    Reset_Handler                            0x080090a9   Thumb Code     8  startup_stm32f10x_hd.o(.text)
    ADC1_2_IRQHandler                        0x080090c3   Thumb Code     0  startup_stm32f10x_hd.o(.text)
    ADC3_IRQHandler                          0x080090c3   Thumb Code     0  startup_stm32f10x_hd.o(.text)
    CAN1_RX1_IRQHandler                      0x080090c3   Thumb Code     0  startup_stm32f10x_hd.o(.text)
    CAN1_SCE_IRQHandler                      0x080090c3   Thumb Code     0  startup_stm32f10x_hd.o(.text)
    DMA1_Channel2_IRQHandler                 0x080090c3   Thumb Code     0  startup_stm32f10x_hd.o(.text)
    DMA1_Channel3_IRQHandler                 0x080090c3   Thumb Code     0  startup_stm32f10x_hd.o(.text)
    DMA1_Channel4_IRQHandler                 0x080090c3   Thumb Code     0  startup_stm32f10x_hd.o(.text)
    DMA1_Channel5_IRQHandler                 0x080090c3   Thumb Code     0  startup_stm32f10x_hd.o(.text)
    DMA1_Channel6_IRQHandler                 0x080090c3   Thumb Code     0  startup_stm32f10x_hd.o(.text)
    DMA1_Channel7_IRQHandler                 0x080090c3   Thumb Code     0  startup_stm32f10x_hd.o(.text)
    DMA2_Channel1_IRQHandler                 0x080090c3   Thumb Code     0  startup_stm32f10x_hd.o(.text)
    DMA2_Channel2_IRQHandler                 0x080090c3   Thumb Code     0  startup_stm32f10x_hd.o(.text)
    DMA2_Channel3_IRQHandler                 0x080090c3   Thumb Code     0  startup_stm32f10x_hd.o(.text)
    DMA2_Channel4_5_IRQHandler               0x080090c3   Thumb Code     0  startup_stm32f10x_hd.o(.text)
    EXTI3_IRQHandler                         0x080090c3   Thumb Code     0  startup_stm32f10x_hd.o(.text)
    FLASH_IRQHandler                         0x080090c3   Thumb Code     0  startup_stm32f10x_hd.o(.text)
    FSMC_IRQHandler                          0x080090c3   Thumb Code     0  startup_stm32f10x_hd.o(.text)
    I2C1_ER_IRQHandler                       0x080090c3   Thumb Code     0  startup_stm32f10x_hd.o(.text)
    I2C1_EV_IRQHandler                       0x080090c3   Thumb Code     0  startup_stm32f10x_hd.o(.text)
    I2C2_ER_IRQHandler                       0x080090c3   Thumb Code     0  startup_stm32f10x_hd.o(.text)
    I2C2_EV_IRQHandler                       0x080090c3   Thumb Code     0  startup_stm32f10x_hd.o(.text)
    PVD_IRQHandler                           0x080090c3   Thumb Code     0  startup_stm32f10x_hd.o(.text)
    RCC_IRQHandler                           0x080090c3   Thumb Code     0  startup_stm32f10x_hd.o(.text)
    RTCAlarm_IRQHandler                      0x080090c3   Thumb Code     0  startup_stm32f10x_hd.o(.text)
    RTC_IRQHandler                           0x080090c3   Thumb Code     0  startup_stm32f10x_hd.o(.text)
    SDIO_IRQHandler                          0x080090c3   Thumb Code     0  startup_stm32f10x_hd.o(.text)
    SPI1_IRQHandler                          0x080090c3   Thumb Code     0  startup_stm32f10x_hd.o(.text)
    SPI2_IRQHandler                          0x080090c3   Thumb Code     0  startup_stm32f10x_hd.o(.text)
    SPI3_IRQHandler                          0x080090c3   Thumb Code     0  startup_stm32f10x_hd.o(.text)
    TAMPER_IRQHandler                        0x080090c3   Thumb Code     0  startup_stm32f10x_hd.o(.text)
    TIM1_BRK_IRQHandler                      0x080090c3   Thumb Code     0  startup_stm32f10x_hd.o(.text)
    TIM1_TRG_COM_IRQHandler                  0x080090c3   Thumb Code     0  startup_stm32f10x_hd.o(.text)
    TIM1_UP_IRQHandler                       0x080090c3   Thumb Code     0  startup_stm32f10x_hd.o(.text)
    TIM2_IRQHandler                          0x080090c3   Thumb Code     0  startup_stm32f10x_hd.o(.text)
    TIM3_IRQHandler                          0x080090c3   Thumb Code     0  startup_stm32f10x_hd.o(.text)
    TIM4_IRQHandler                          0x080090c3   Thumb Code     0  startup_stm32f10x_hd.o(.text)
    TIM5_IRQHandler                          0x080090c3   Thumb Code     0  startup_stm32f10x_hd.o(.text)
    TIM7_IRQHandler                          0x080090c3   Thumb Code     0  startup_stm32f10x_hd.o(.text)
    TIM8_BRK_IRQHandler                      0x080090c3   Thumb Code     0  startup_stm32f10x_hd.o(.text)
    TIM8_CC_IRQHandler                       0x080090c3   Thumb Code     0  startup_stm32f10x_hd.o(.text)
    TIM8_TRG_COM_IRQHandler                  0x080090c3   Thumb Code     0  startup_stm32f10x_hd.o(.text)
    TIM8_UP_IRQHandler                       0x080090c3   Thumb Code     0  startup_stm32f10x_hd.o(.text)
    UART4_IRQHandler                         0x080090c3   Thumb Code     0  startup_stm32f10x_hd.o(.text)
    UART5_IRQHandler                         0x080090c3   Thumb Code     0  startup_stm32f10x_hd.o(.text)
    USART1_IRQHandler                        0x080090c3   Thumb Code     0  startup_stm32f10x_hd.o(.text)
    USART2_IRQHandler                        0x080090c3   Thumb Code     0  startup_stm32f10x_hd.o(.text)
    USART3_IRQHandler                        0x080090c3   Thumb Code     0  startup_stm32f10x_hd.o(.text)
    USBWakeUp_IRQHandler                     0x080090c3   Thumb Code     0  startup_stm32f10x_hd.o(.text)
    USB_HP_CAN1_TX_IRQHandler                0x080090c3   Thumb Code     0  startup_stm32f10x_hd.o(.text)
    WWDG_IRQHandler                          0x080090c3   Thumb Code     0  startup_stm32f10x_hd.o(.text)
    __user_initial_stackheap                 0x080090c5   Thumb Code     0  startup_stm32f10x_hd.o(.text)
    SystemInit                               0x080091c7   Thumb Code    78  system_stm32f10x.o(.text)
    SystemCoreClockUpdate                    0x08009215   Thumb Code   142  system_stm32f10x.o(.text)
    __use_no_semihosting                     0x080092c9   Thumb Code     2  use_no_semi_2.o(.text)
    __aeabi_llsl                             0x080092cb   Thumb Code     0  llshl.o(.text)
    _ll_shift_l                              0x080092cb   Thumb Code    38  llshl.o(.text)
    __aeabi_llsr                             0x080092f1   Thumb Code     0  llushr.o(.text)
    _ll_ushift_r                             0x080092f1   Thumb Code    38  llushr.o(.text)
    __2printf                                0x08009319   Thumb Code    20  noretval__2printf.o(.text)
    _printf_int_dec                          0x08009331   Thumb Code   104  _printf_dec.o(.text)
    __printf                                 0x080093a9   Thumb Code   270  __printf_wp.o(.text)
    __aeabi_assert                           0x080094b9   Thumb Code    86  assert.o(.text)
    __assert                                 0x080094b9   Thumb Code     0  assert.o(.text)
    __aeabi_memcpy                           0x08009539   Thumb Code     0  rt_memcpy_v6.o(.text)
    __rt_memcpy                              0x08009539   Thumb Code   138  rt_memcpy_v6.o(.text)
    _memcpy_lastbytes                        0x0800959f   Thumb Code     0  rt_memcpy_v6.o(.text)
    __aeabi_memcpy4                          0x080095c3   Thumb Code     0  rt_memcpy_w.o(.text)
    __aeabi_memcpy8                          0x080095c3   Thumb Code     0  rt_memcpy_w.o(.text)
    __rt_memcpy_w                            0x080095c3   Thumb Code   100  rt_memcpy_w.o(.text)
    _memcpy_lastbytes_aligned                0x0800960b   Thumb Code     0  rt_memcpy_w.o(.text)
    __aeabi_memclr                           0x08009627   Thumb Code     0  rt_memclr.o(.text)
    __rt_memclr                              0x08009627   Thumb Code    68  rt_memclr.o(.text)
    _memset                                  0x0800962b   Thumb Code     0  rt_memclr.o(.text)
    __aeabi_memclr4                          0x0800966b   Thumb Code     0  rt_memclr_w.o(.text)
    __aeabi_memclr8                          0x0800966b   Thumb Code     0  rt_memclr_w.o(.text)
    __rt_memclr_w                            0x0800966b   Thumb Code    78  rt_memclr_w.o(.text)
    _memset_w                                0x0800966f   Thumb Code     0  rt_memclr_w.o(.text)
    __use_two_region_memory                  0x080096b9   Thumb Code     2  heapauxi.o(.text)
    __rt_heap_escrow$2region                 0x080096bb   Thumb Code     2  heapauxi.o(.text)
    __rt_heap_expand$2region                 0x080096bd   Thumb Code     2  heapauxi.o(.text)
    __I$use$semihosting                      0x080096bf   Thumb Code     0  use_no_semi.o(.text)
    __use_no_semihosting_swi                 0x080096bf   Thumb Code     2  use_no_semi.o(.text)
    _printf_int_common                       0x080096c1   Thumb Code   178  _printf_intcommon.o(.text)
    __lib_sel_fp_printf                      0x08009773   Thumb Code     2  _printf_fp_dec.o(.text)
    _printf_fp_dec_real                      0x08009921   Thumb Code   620  _printf_fp_dec.o(.text)
    _printf_char_file                        0x08009b8d   Thumb Code    32  _printf_char_file.o(.text)
    abort                                    0x08009bb1   Thumb Code    22  abort.o(.text)
    __assert_puts                            0x08009bc7   Thumb Code    20  assert_puts.o(.text)
    __rt_locale                              0x08009bdd   Thumb Code     8  rt_locale_intlibspace.o(.text)
    _ll_udiv10                               0x08009be5   Thumb Code   138  lludiv10.o(.text)
    _printf_char_common                      0x08009c7b   Thumb Code    32  _printf_char_common.o(.text)
    _printf_fp_infnan                        0x08009ca1   Thumb Code   112  _printf_fp_infnan.o(.text)
    _btod_etento                             0x08009d21   Thumb Code   216  bigflt0.o(.text)
    ferror                                   0x08009dfd   Thumb Code     8  ferror.o(.text)
    __rt_SIGABRT                             0x08009e05   Thumb Code    14  defsig_abrt_outer.o(.text)
    __user_libspace                          0x08009e15   Thumb Code     8  libspace.o(.text)
    __user_perproc_libspace                  0x08009e15   Thumb Code     0  libspace.o(.text)
    __user_perthread_libspace                0x08009e15   Thumb Code     0  libspace.o(.text)
    __user_setup_stackheap                   0x08009e1d   Thumb Code    74  sys_stackheap_outer.o(.text)
    exit                                     0x08009e67   Thumb Code    18  exit.o(.text)
    __sig_exit                               0x08009e79   Thumb Code    10  defsig_exit.o(.text)
    __rt_SIGABRT_inner                       0x08009e85   Thumb Code    14  defsig_abrt_inner.o(.text)
    strcmp                                   0x08009eb5   Thumb Code   128  strcmpv7m.o(.text)
    __default_signal_display                 0x08009f35   Thumb Code    50  defsig_general.o(.text)
    _btod_d2e                                0x08009f67   Thumb Code    62  btod.o(CL$$btod_d2e)
    _d2e_denorm_low                          0x08009fa5   Thumb Code    70  btod.o(CL$$btod_d2e_denorm_low)
    _d2e_norm_op1                            0x08009feb   Thumb Code    96  btod.o(CL$$btod_d2e_norm_op1)
    __btod_div_common                        0x0800a04b   Thumb Code   696  btod.o(CL$$btod_div_common)
    _e2e                                     0x0800a383   Thumb Code   198  btod.o(CL$$btod_e2e)
    _btod_ediv                               0x0800a449   Thumb Code    40  btod.o(CL$$btod_ediv)
    _btod_emul                               0x0800a471   Thumb Code    40  btod.o(CL$$btod_emul)
    __btod_mult_common                       0x0800a499   Thumb Code   580  btod.o(CL$$btod_mult_common)
    __ARM_fpclassify                         0x0800a6dd   Thumb Code    40  fpclassify.o(i.__ARM_fpclassify)
    _is_digit                                0x0800a705   Thumb Code    14  __printf_wp.o(i._is_digit)
    _get_lc_numeric                          0x0800a715   Thumb Code    44  lc_numeric_c.o(locale$$code)
    __aeabi_ddiv                             0x0800a741   Thumb Code     0  ddiv.o(x$fpl$ddiv)
    _ddiv                                    0x0800a741   Thumb Code   552  ddiv.o(x$fpl$ddiv)
    __aeabi_d2iz                             0x0800a9f1   Thumb Code     0  dfix.o(x$fpl$dfix)
    _dfix                                    0x0800a9f1   Thumb Code    94  dfix.o(x$fpl$dfix)
    __aeabi_d2uiz                            0x0800aa51   Thumb Code     0  dfixu.o(x$fpl$dfixu)
    _dfixu                                   0x0800aa51   Thumb Code    90  dfixu.o(x$fpl$dfixu)
    __aeabi_i2d                              0x0800aaab   Thumb Code     0  dflt_clz.o(x$fpl$dflt)
    _dflt                                    0x0800aaab   Thumb Code    46  dflt_clz.o(x$fpl$dflt)
    __aeabi_dmul                             0x0800aad9   Thumb Code     0  dmul.o(x$fpl$dmul)
    _dmul                                    0x0800aad9   Thumb Code   332  dmul.o(x$fpl$dmul)
    __fpl_dnaninf                            0x0800ac2d   Thumb Code   156  dnaninf.o(x$fpl$dnaninf)
    __fpl_dretinf                            0x0800acc9   Thumb Code    12  dretinf.o(x$fpl$dretinf)
    __aeabi_f2d                              0x0800acd5   Thumb Code     0  f2d.o(x$fpl$f2d)
    _f2d                                     0x0800acd5   Thumb Code    86  f2d.o(x$fpl$f2d)
    __fpl_fcmp_Inf                           0x0800ad2b   Thumb Code    24  fcmpi.o(x$fpl$fcmpinf)
    __aeabi_fdiv                             0x0800ad45   Thumb Code     0  fdiv.o(x$fpl$fdiv)
    _fdiv                                    0x0800ad45   Thumb Code   384  fdiv.o(x$fpl$fdiv)
    __aeabi_i2f                              0x0800aec9   Thumb Code     0  fflt_clz.o(x$fpl$fflt)
    _fflt                                    0x0800aec9   Thumb Code    48  fflt_clz.o(x$fpl$fflt)
    __aeabi_cfcmple                          0x0800aef9   Thumb Code     0  fleqf.o(x$fpl$fleqf)
    _fcmple                                  0x0800aef9   Thumb Code   104  fleqf.o(x$fpl$fleqf)
    __fpl_fcmple_InfNaN                      0x0800af4b   Thumb Code     0  fleqf.o(x$fpl$fleqf)
    __aeabi_fmul                             0x0800af61   Thumb Code     0  fmul.o(x$fpl$fmul)
    _fmul                                    0x0800af61   Thumb Code   258  fmul.o(x$fpl$fmul)
    __fpl_fnaninf                            0x0800b063   Thumb Code   140  fnaninf.o(x$fpl$fnaninf)
    __fpl_fretinf                            0x0800b0ef   Thumb Code    10  fretinf.o(x$fpl$fretinf)
    __aeabi_cfrcmple                         0x0800b0f9   Thumb Code     0  frleqf.o(x$fpl$frleqf)
    _frcmple                                 0x0800b0f9   Thumb Code    98  frleqf.o(x$fpl$frleqf)
    _printf_fp_dec                           0x0800b15b   Thumb Code     4  printf1.o(x$fpl$printf1)
    __I$use$fp                               0x0800b15e   Number         0  usenofp.o(x$fpl$usenofp)
    Region$$Table$$Base                      0x0800b47c   Number         0  anon$$obj.o(Region$$Table)
    Region$$Table$$Limit                     0x0800b49c   Number         0  anon$$obj.o(Region$$Table)
    param_temp                               0x20000000   Data           2  main.o(.data)
    temp_interval                            0x20000004   Data           4  main.o(.data)
    sw1                                      0x20000008   Data           1  main.o(.data)
    sw2                                      0x20000009   Data           1  main.o(.data)
    UAVCAN_NODE_ID_SELF_ID                   0x2000000c   Data           1  can.o(.data)
    CAN_RX_LEN                               0x2000000e   Data           2  can.o(.data)
    RX_FLAG                                  0x20000010   Data           1  can.o(.data)
    flash_hex_baseaddr                       0x20000014   Data           4  can.o(.data)
    transfer_id                              0x20000018   Data           1  can.o(.data)
    __stdout                                 0x2000001c   Data           4  usart.o(.data)
    SystemCoreClock                          0x20000034   Data           4  system_stm32f10x.o(.data)
    AHBPrescTable                            0x20000038   Data          16  system_stm32f10x.o(.data)
    gGlobal                                  0x20000048   Data         232  main.o(.bss)
    CAN_rx_buf                               0x20000130   Data          50  can.o(.bss)
    CAN_tx_buf                               0x20000162   Data          50  can.o(.bss)
    IAP_BUFFER                               0x20000194   Data          40  can.o(.bss)
    canard                                   0x200001bc   Data          36  can.o(.bss)
    canard_memory_pool                       0x200001e0   Data        1024  can.o(.bss)
    RxMessage                                0x20000600   Data          20  can.o(.bss)
    __libspace_start                         0x20000614   Data          96  libspace.o(.bss)
    __temporary_stack_top$libspace           0x20000674   Data           0  libspace.o(.bss)



==============================================================================

Memory Map of the image

  Image Entry point : 0x08000131

  Load Region LR_IROM1 (Base: 0x08000000, Size: 0x0000b500, Max: 0x00040000, ABSOLUTE)

    Execution Region ER_IROM1 (Base: 0x08000000, Size: 0x0000b4b8, Max: 0x00040000, ABSOLUTE)

    Base Addr    Size         Type   Attr      Idx    E Section Name        Object

    0x08000000   0x00000130   Data   RO          579    RESET               startup_stm32f10x_hd.o
    0x08000130   0x00000008   Code   RO          653  * !!!main             c_w.l(__main.o)
    0x08000138   0x00000034   Code   RO          923    !!!scatter          c_w.l(__scatter.o)
    0x0800016c   0x0000001a   Code   RO          925    !!handler_copy      c_w.l(__scatter_copy.o)
    0x08000186   0x00000002   PAD
    0x08000188   0x0000001c   Code   RO          927    !!handler_zi        c_w.l(__scatter_zi.o)
    0x080001a4   0x00000000   Code   RO          640    .ARM.Collect$$_printf_percent$$00000000  c_w.l(_printf_percent.o)
    0x080001a4   0x00000006   Code   RO          639    .ARM.Collect$$_printf_percent$$00000003  c_w.l(_printf_f.o)
    0x080001aa   0x00000006   Code   RO          638    .ARM.Collect$$_printf_percent$$00000009  c_w.l(_printf_d.o)
    0x080001b0   0x00000004   Code   RO          702    .ARM.Collect$$_printf_percent$$00000017  c_w.l(_printf_percent_end.o)
    0x080001b4   0x00000002   Code   RO          808    .ARM.Collect$$libinit$$00000000  c_w.l(libinit.o)
    0x080001b6   0x00000000   Code   RO          810    .ARM.Collect$$libinit$$00000002  c_w.l(libinit2.o)
    0x080001b6   0x00000000   Code   RO          812    .ARM.Collect$$libinit$$00000004  c_w.l(libinit2.o)
    0x080001b6   0x00000000   Code   RO          815    .ARM.Collect$$libinit$$0000000A  c_w.l(libinit2.o)
    0x080001b6   0x00000000   Code   RO          817    .ARM.Collect$$libinit$$0000000C  c_w.l(libinit2.o)
    0x080001b6   0x00000000   Code   RO          819    .ARM.Collect$$libinit$$0000000E  c_w.l(libinit2.o)
    0x080001b6   0x00000006   Code   RO          820    .ARM.Collect$$libinit$$0000000F  c_w.l(libinit2.o)
    0x080001bc   0x00000000   Code   RO          822    .ARM.Collect$$libinit$$00000011  c_w.l(libinit2.o)
    0x080001bc   0x00000000   Code   RO          824    .ARM.Collect$$libinit$$00000013  c_w.l(libinit2.o)
    0x080001bc   0x00000000   Code   RO          826    .ARM.Collect$$libinit$$00000015  c_w.l(libinit2.o)
    0x080001bc   0x0000000a   Code   RO          827    .ARM.Collect$$libinit$$00000016  c_w.l(libinit2.o)
    0x080001c6   0x00000000   Code   RO          828    .ARM.Collect$$libinit$$00000017  c_w.l(libinit2.o)
    0x080001c6   0x00000000   Code   RO          830    .ARM.Collect$$libinit$$00000019  c_w.l(libinit2.o)
    0x080001c6   0x00000000   Code   RO          832    .ARM.Collect$$libinit$$0000001B  c_w.l(libinit2.o)
    0x080001c6   0x00000000   Code   RO          834    .ARM.Collect$$libinit$$0000001D  c_w.l(libinit2.o)
    0x080001c6   0x00000000   Code   RO          836    .ARM.Collect$$libinit$$0000001F  c_w.l(libinit2.o)
    0x080001c6   0x00000000   Code   RO          838    .ARM.Collect$$libinit$$00000021  c_w.l(libinit2.o)
    0x080001c6   0x00000000   Code   RO          840    .ARM.Collect$$libinit$$00000023  c_w.l(libinit2.o)
    0x080001c6   0x00000000   Code   RO          842    .ARM.Collect$$libinit$$00000025  c_w.l(libinit2.o)
    0x080001c6   0x00000000   Code   RO          846    .ARM.Collect$$libinit$$0000002C  c_w.l(libinit2.o)
    0x080001c6   0x00000000   Code   RO          848    .ARM.Collect$$libinit$$0000002E  c_w.l(libinit2.o)
    0x080001c6   0x00000000   Code   RO          850    .ARM.Collect$$libinit$$00000030  c_w.l(libinit2.o)
    0x080001c6   0x00000000   Code   RO          852    .ARM.Collect$$libinit$$00000032  c_w.l(libinit2.o)
    0x080001c6   0x00000002   Code   RO          853    .ARM.Collect$$libinit$$00000033  c_w.l(libinit2.o)
    0x080001c8   0x00000002   Code   RO          903    .ARM.Collect$$libshutdown$$00000000  c_w.l(libshutdown.o)
    0x080001ca   0x00000000   Code   RO          906    .ARM.Collect$$libshutdown$$00000002  c_w.l(libshutdown2.o)
    0x080001ca   0x00000000   Code   RO          908    .ARM.Collect$$libshutdown$$00000004  c_w.l(libshutdown2.o)
    0x080001ca   0x00000000   Code   RO          911    .ARM.Collect$$libshutdown$$00000007  c_w.l(libshutdown2.o)
    0x080001ca   0x00000000   Code   RO          914    .ARM.Collect$$libshutdown$$0000000A  c_w.l(libshutdown2.o)
    0x080001ca   0x00000000   Code   RO          916    .ARM.Collect$$libshutdown$$0000000C  c_w.l(libshutdown2.o)
    0x080001ca   0x00000000   Code   RO          919    .ARM.Collect$$libshutdown$$0000000F  c_w.l(libshutdown2.o)
    0x080001ca   0x00000002   Code   RO          920    .ARM.Collect$$libshutdown$$00000010  c_w.l(libshutdown2.o)
    0x080001cc   0x00000000   Code   RO          695    .ARM.Collect$$rtentry$$00000000  c_w.l(__rtentry.o)
    0x080001cc   0x00000000   Code   RO          719    .ARM.Collect$$rtentry$$00000002  c_w.l(__rtentry2.o)
    0x080001cc   0x00000006   Code   RO          731    .ARM.Collect$$rtentry$$00000004  c_w.l(__rtentry4.o)
    0x080001d2   0x00000000   Code   RO          721    .ARM.Collect$$rtentry$$00000009  c_w.l(__rtentry2.o)
    0x080001d2   0x00000004   Code   RO          722    .ARM.Collect$$rtentry$$0000000A  c_w.l(__rtentry2.o)
    0x080001d6   0x00000000   Code   RO          724    .ARM.Collect$$rtentry$$0000000C  c_w.l(__rtentry2.o)
    0x080001d6   0x00000008   Code   RO          725    .ARM.Collect$$rtentry$$0000000D  c_w.l(__rtentry2.o)
    0x080001de   0x00000002   Code   RO          854    .ARM.Collect$$rtexit$$00000000  c_w.l(rtexit.o)
    0x080001e0   0x00000000   Code   RO          865    .ARM.Collect$$rtexit$$00000002  c_w.l(rtexit2.o)
    0x080001e0   0x00000004   Code   RO          866    .ARM.Collect$$rtexit$$00000003  c_w.l(rtexit2.o)
    0x080001e4   0x00000006   Code   RO          867    .ARM.Collect$$rtexit$$00000004  c_w.l(rtexit2.o)
    0x080001ea   0x00000002   PAD
    0x080001ec   0x000006dc   Code   RO            1    .text               main.o
    0x080008c8   0x00000034   Code   RO          150    .text               stm32f10x_it.o
    0x080008fc   0x00001060   Code   RO          173    .text               can.o
    0x0800195c   0x000017c8   Code   RO          242    .text               canard.o
    0x08003124   0x000007b4   Code   RO          268    .text               ocpsampling.o
    0x080038d8   0x000002d4   Code   RO          280    .text               ds18.o
    0x08003bac   0x00001e04   Code   RO          295    .text               exdcmotor.o
    0x080059b0   0x000000c4   Code   RO          308    .text               led.o
    0x08005a74   0x0000009c   Code   RO          352    .text               usart.o
    0x08005b10   0x000003f8   Code   RO          371    .text               timerapp.o
    0x08005f08   0x000000dc   Code   RO          383    .text               misc.o
    0x08005fe4   0x0000035c   Code   RO          407    .text               stm32f10x_gpio.o
    0x08006340   0x000003a4   Code   RO          419    .text               stm32f10x_rcc.o
    0x080066e4   0x000009f0   Code   RO          433    .text               stm32f10x_can.o
    0x080070d4   0x00000408   Code   RO          445    .text               stm32f10x_usart.o
    0x080074dc   0x00000e4e   Code   RO          457    .text               stm32f10x_tim.o
    0x0800832a   0x00000002   PAD
    0x0800832c   0x0000044e   Code   RO          469    .text               stm32f10x_adc.o
    0x0800877a   0x00000002   PAD
    0x0800877c   0x00000254   Code   RO          481    .text               stm32f10x_dma.o
    0x080089d0   0x0000011c   Code   RO          493    .text               stm32f10x_exti.o
    0x08008aec   0x000005bc   Code   RO          541    .text               stm32f10x_flash.o
    0x080090a8   0x00000040   Code   RO          580    .text               startup_stm32f10x_hd.o
    0x080090e8   0x000001e0   Code   RO          584    .text               system_stm32f10x.o
    0x080092c8   0x00000002   Code   RO          604    .text               c_w.l(use_no_semi_2.o)
    0x080092ca   0x00000026   Code   RO          606    .text               c_w.l(llshl.o)
    0x080092f0   0x00000026   Code   RO          608    .text               c_w.l(llushr.o)
    0x08009316   0x00000002   PAD
    0x08009318   0x00000018   Code   RO          612    .text               c_w.l(noretval__2printf.o)
    0x08009330   0x00000078   Code   RO          616    .text               c_w.l(_printf_dec.o)
    0x080093a8   0x0000010e   Code   RO          626    .text               c_w.l(__printf_wp.o)
    0x080094b6   0x00000002   PAD
    0x080094b8   0x00000080   Code   RO          641    .text               c_w.l(assert.o)
    0x08009538   0x0000008a   Code   RO          643    .text               c_w.l(rt_memcpy_v6.o)
    0x080095c2   0x00000064   Code   RO          645    .text               c_w.l(rt_memcpy_w.o)
    0x08009626   0x00000044   Code   RO          647    .text               c_w.l(rt_memclr.o)
    0x0800966a   0x0000004e   Code   RO          649    .text               c_w.l(rt_memclr_w.o)
    0x080096b8   0x00000006   Code   RO          651    .text               c_w.l(heapauxi.o)
    0x080096be   0x00000002   Code   RO          693    .text               c_w.l(use_no_semi.o)
    0x080096c0   0x000000b2   Code   RO          696    .text               c_w.l(_printf_intcommon.o)
    0x08009772   0x0000041a   Code   RO          698    .text               c_w.l(_printf_fp_dec.o)
    0x08009b8c   0x00000024   Code   RO          700    .text               c_w.l(_printf_char_file.o)
    0x08009bb0   0x00000016   Code   RO          703    .text               c_w.l(abort.o)
    0x08009bc6   0x00000014   Code   RO          705    .text               c_w.l(assert_puts.o)
    0x08009bda   0x00000002   PAD
    0x08009bdc   0x00000008   Code   RO          736    .text               c_w.l(rt_locale_intlibspace.o)
    0x08009be4   0x0000008a   Code   RO          738    .text               c_w.l(lludiv10.o)
    0x08009c6e   0x00000002   PAD
    0x08009c70   0x00000030   Code   RO          740    .text               c_w.l(_printf_char_common.o)
    0x08009ca0   0x00000080   Code   RO          742    .text               c_w.l(_printf_fp_infnan.o)
    0x08009d20   0x000000dc   Code   RO          744    .text               c_w.l(bigflt0.o)
    0x08009dfc   0x00000008   Code   RO          769    .text               c_w.l(ferror.o)
    0x08009e04   0x0000000e   Code   RO          776    .text               c_w.l(defsig_abrt_outer.o)
    0x08009e12   0x00000002   PAD
    0x08009e14   0x00000008   Code   RO          786    .text               c_w.l(libspace.o)
    0x08009e1c   0x0000004a   Code   RO          789    .text               c_w.l(sys_stackheap_outer.o)
    0x08009e66   0x00000012   Code   RO          795    .text               c_w.l(exit.o)
    0x08009e78   0x0000000a   Code   RO          797    .text               c_w.l(defsig_exit.o)
    0x08009e82   0x00000002   PAD
    0x08009e84   0x00000030   Code   RO          799    .text               c_w.l(defsig_abrt_inner.o)
    0x08009eb4   0x00000080   Code   RO          801    .text               c_w.l(strcmpv7m.o)
    0x08009f34   0x00000032   Code   RO          858    .text               c_w.l(defsig_general.o)
    0x08009f66   0x0000003e   Code   RO          747    CL$$btod_d2e        c_w.l(btod.o)
    0x08009fa4   0x00000046   Code   RO          749    CL$$btod_d2e_denorm_low  c_w.l(btod.o)
    0x08009fea   0x00000060   Code   RO          748    CL$$btod_d2e_norm_op1  c_w.l(btod.o)
    0x0800a04a   0x00000338   Code   RO          757    CL$$btod_div_common  c_w.l(btod.o)
    0x0800a382   0x000000c6   Code   RO          754    CL$$btod_e2e        c_w.l(btod.o)
    0x0800a448   0x00000028   Code   RO          751    CL$$btod_ediv       c_w.l(btod.o)
    0x0800a470   0x00000028   Code   RO          750    CL$$btod_emul       c_w.l(btod.o)
    0x0800a498   0x00000244   Code   RO          756    CL$$btod_mult_common  c_w.l(btod.o)
    0x0800a6dc   0x00000028   Code   RO          784    i.__ARM_fpclassify  m_ws.l(fpclassify.o)
    0x0800a704   0x0000000e   Code   RO          628    i._is_digit         c_w.l(__printf_wp.o)
    0x0800a712   0x00000002   PAD
    0x0800a714   0x0000002c   Code   RO          774    locale$$code        c_w.l(lc_numeric_c.o)
    0x0800a740   0x000002b0   Code   RO          656    x$fpl$ddiv          fz_ws.l(ddiv.o)
    0x0800a9f0   0x0000005e   Code   RO          659    x$fpl$dfix          fz_ws.l(dfix.o)
    0x0800aa4e   0x00000002   PAD
    0x0800aa50   0x0000005a   Code   RO          663    x$fpl$dfixu         fz_ws.l(dfixu.o)
    0x0800aaaa   0x0000002e   Code   RO          668    x$fpl$dflt          fz_ws.l(dflt_clz.o)
    0x0800aad8   0x00000154   Code   RO          673    x$fpl$dmul          fz_ws.l(dmul.o)
    0x0800ac2c   0x0000009c   Code   RO          707    x$fpl$dnaninf       fz_ws.l(dnaninf.o)
    0x0800acc8   0x0000000c   Code   RO          709    x$fpl$dretinf       fz_ws.l(dretinf.o)
    0x0800acd4   0x00000056   Code   RO          675    x$fpl$f2d           fz_ws.l(f2d.o)
    0x0800ad2a   0x00000018   Code   RO          780    x$fpl$fcmpinf       fz_ws.l(fcmpi.o)
    0x0800ad42   0x00000002   PAD
    0x0800ad44   0x00000184   Code   RO          678    x$fpl$fdiv          fz_ws.l(fdiv.o)
    0x0800aec8   0x00000030   Code   RO          682    x$fpl$fflt          fz_ws.l(fflt_clz.o)
    0x0800aef8   0x00000068   Code   RO          711    x$fpl$fleqf         fz_ws.l(fleqf.o)
    0x0800af60   0x00000102   Code   RO          687    x$fpl$fmul          fz_ws.l(fmul.o)
    0x0800b062   0x0000008c   Code   RO          713    x$fpl$fnaninf       fz_ws.l(fnaninf.o)
    0x0800b0ee   0x0000000a   Code   RO          715    x$fpl$fretinf       fz_ws.l(fretinf.o)
    0x0800b0f8   0x00000062   Code   RO          689    x$fpl$frleqf        fz_ws.l(frleqf.o)
    0x0800b15a   0x00000004   Code   RO          691    x$fpl$printf1       fz_ws.l(printf1.o)
    0x0800b15e   0x00000000   Code   RO          717    x$fpl$usenofp       fz_ws.l(usenofp.o)
    0x0800b15e   0x00000002   PAD
    0x0800b160   0x00000014   Data   RO          243    .constdata          canard.o
    0x0800b174   0x00000094   Data   RO          745    .constdata          c_w.l(bigflt0.o)
    0x0800b208   0x0000008b   Data   RO          175    .conststring        can.o
    0x0800b293   0x00000001   PAD
    0x0800b294   0x00000056   Data   RO          244    .conststring        canard.o
    0x0800b2ea   0x00000002   PAD
    0x0800b2ec   0x0000018d   Data   RO          296    .conststring        exdcmotor.o
    0x0800b479   0x00000003   PAD
    0x0800b47c   0x00000020   Data   RO          921    Region$$Table       anon$$obj.o
    0x0800b49c   0x0000001c   Data   RO          773    locale$$data        c_w.l(lc_numeric_c.o)


    Execution Region RW_IRAM1 (Base: 0x20000000, Size: 0x00004878, Max: 0x0000c000, ABSOLUTE)

    Base Addr    Size         Type   Attr      Idx    E Section Name        Object

    0x20000000   0x0000000a   Data   RW            3    .data               main.o
    0x2000000a   0x00000002   PAD
    0x2000000c   0x0000000d   Data   RW          176    .data               can.o
    0x20000019   0x00000003   PAD
    0x2000001c   0x00000004   Data   RW          353    .data               usart.o
    0x20000020   0x00000014   Data   RW          420    .data               stm32f10x_rcc.o
    0x20000034   0x00000014   Data   RW          585    .data               system_stm32f10x.o
    0x20000048   0x000000e8   Zero   RW            2    .bss                main.o
    0x20000130   0x000004e4   Zero   RW          174    .bss                can.o
    0x20000614   0x00000060   Zero   RW          787    .bss                c_w.l(libspace.o)
    0x20000674   0x00000004   PAD
    0x20000678   0x00000200   Zero   RW          578    HEAP                startup_stm32f10x_hd.o
    0x20000878   0x00004000   Zero   RW          577    STACK               startup_stm32f10x_hd.o


==============================================================================

Image component sizes


      Code (inc. data)   RO Data    RW Data    ZI Data      Debug   Object Name

      4192        568        139         13       1252     240005   can.o
      6088        760        106          0          0      26206   canard.o
       724         12          0          0          0       2787   ds18.o
      7684       1192        397          0          0       8287   exdcmotor.o
       196          8          0          0          0        786   led.o
      1756        410          0         10        232     293954   main.o
       220         22          0          0          0       1809   misc.o
      1972        256          0          0          0       2865   ocpsampling.o
        64         26        304          0      16896        832   startup_stm32f10x_hd.o
      1102         26          0          0          0      11049   stm32f10x_adc.o
      2544         38          0          0          0       8036   stm32f10x_can.o
       596          8          0          0          0       4374   stm32f10x_dma.o
       284         10          0          0          0       2263   stm32f10x_exti.o
      1468         34          0          0          0       8218   stm32f10x_flash.o
       860         38          0          0          0       5741   stm32f10x_gpio.o
        52          6          0          0          0       1250   stm32f10x_it.o
       932         36          0         20          0       8924   stm32f10x_rcc.o
      3662         86          0          0          0      22880   stm32f10x_tim.o
      1032         22          0          0          0       8468   stm32f10x_usart.o
         0          0          0          0          0         32   sys.o
       480         38          0         20          0       1883   system_stm32f10x.o
      1016         68          0          0          0       2502   timerapp.o
       156          8          0          4          0       2939   usart.o

    ----------------------------------------------------------------------
     37084       3672        984         72      18380     666090   Object Totals
         0          0         32          0          0          0   (incl. Generated)
         4          0          6          5          0          0   (incl. Padding)

    ----------------------------------------------------------------------

      Code (inc. data)   RO Data    RW Data    ZI Data      Debug   Library Member Name

         8          0          0          0          0         68   __main.o
       284          0          0          0          0        156   __printf_wp.o
         0          0          0          0          0          0   __rtentry.o
        12          0          0          0          0          0   __rtentry2.o
         6          0          0          0          0          0   __rtentry4.o
        52          8          0          0          0          0   __scatter.o
        26          0          0          0          0          0   __scatter_copy.o
        28          0          0          0          0          0   __scatter_zi.o
        48          6          0          0          0         96   _printf_char_common.o
        36          4          0          0          0         80   _printf_char_file.o
         6          0          0          0          0          0   _printf_d.o
       120         16          0          0          0         92   _printf_dec.o
         6          0          0          0          0          0   _printf_f.o
      1050          0          0          0          0        216   _printf_fp_dec.o
       128         16          0          0          0         84   _printf_fp_infnan.o
       178          0          0          0          0         88   _printf_intcommon.o
         0          0          0          0          0          0   _printf_percent.o
         4          0          0          0          0          0   _printf_percent_end.o
        22          0          0          0          0         80   abort.o
       128         42          0          0          0         76   assert.o
        20          0          0          0          0         76   assert_puts.o
       220          4        148          0          0         96   bigflt0.o
      1910        128          0          0          0        672   btod.o
        48         34          0          0          0         76   defsig_abrt_inner.o
        14          0          0          0          0         80   defsig_abrt_outer.o
        10          0          0          0          0         68   defsig_exit.o
        50          0          0          0          0         88   defsig_general.o
        18          0          0          0          0         80   exit.o
         8          0          0          0          0         68   ferror.o
         6          0          0          0          0        152   heapauxi.o
        44         10         28          0          0         76   lc_numeric_c.o
         2          0          0          0          0          0   libinit.o
        18          0          0          0          0          0   libinit2.o
         2          0          0          0          0          0   libshutdown.o
         2          0          0          0          0          0   libshutdown2.o
         8          4          0          0         96         68   libspace.o
        38          0          0          0          0         68   llshl.o
       138          0          0          0          0         80   lludiv10.o
        38          0          0          0          0         68   llushr.o
        24          4          0          0          0         84   noretval__2printf.o
         8          4          0          0          0         68   rt_locale_intlibspace.o
        68          0          0          0          0         68   rt_memclr.o
        78          0          0          0          0         80   rt_memclr_w.o
       138          0          0          0          0         68   rt_memcpy_v6.o
       100          0          0          0          0         80   rt_memcpy_w.o
         2          0          0          0          0          0   rtexit.o
        10          0          0          0          0          0   rtexit2.o
       128          0          0          0          0         68   strcmpv7m.o
        74          0          0          0          0         80   sys_stackheap_outer.o
         2          0          0          0          0         68   use_no_semi.o
         2          0          0          0          0         68   use_no_semi_2.o
       688        140          0          0          0        208   ddiv.o
        94          4          0          0          0         92   dfix.o
        90          4          0          0          0         92   dfixu.o
        46          0          0          0          0         68   dflt_clz.o
       340         12          0          0          0        104   dmul.o
       156          4          0          0          0         92   dnaninf.o
        12          0          0          0          0         68   dretinf.o
        86          4          0          0          0         84   f2d.o
        24          0          0          0          0         68   fcmpi.o
       388         76          0          0          0         96   fdiv.o
        48          0          0          0          0         68   fflt_clz.o
       104          4          0          0          0         84   fleqf.o
       258          4          0          0          0         84   fmul.o
       140          4          0          0          0         84   fnaninf.o
        10          0          0          0          0         68   fretinf.o
        98          0          0          0          0         68   frleqf.o
         4          0          0          0          0         68   printf1.o
         0          0          0          0          0          0   usenofp.o
        40          0          0          0          0         68   fpclassify.o

    ----------------------------------------------------------------------
      8020        536        176          0        100       5148   Library Totals
        24          0          0          0          4          0   (incl. Padding)

    ----------------------------------------------------------------------

      Code (inc. data)   RO Data    RW Data    ZI Data      Debug   Library Name

      5370        280        176          0         96       3584   c_w.l
      2586        256          0          0          0       1496   fz_ws.l
        40          0          0          0          0         68   m_ws.l

    ----------------------------------------------------------------------
      8020        536        176          0        100       5148   Library Totals

    ----------------------------------------------------------------------

==============================================================================


      Code (inc. data)   RO Data    RW Data    ZI Data      Debug   

     45104       4208       1160         72      18480     665982   Grand Totals
     45104       4208       1160         72      18480     665982   ELF Image Totals
     45104       4208       1160         72          0          0   ROM Totals

==============================================================================

    Total RO  Size (Code + RO Data)                46264 (  45.18kB)
    Total RW  Size (RW Data + ZI Data)             18552 (  18.12kB)
    Total ROM Size (Code + RO Data + RW Data)      46336 (  45.25kB)

==============================================================================

